Archive member included to satisfy reference by file (symbol)

d:/rt-threadstudio/repo/extract/toolchain_support_packages/arm/gnu_tools_for_arm_embedded_processors/5.4.1/bin/../lib/gcc/arm-none-eabi/5.4.1/../../../../arm-none-eabi/lib/armv7-m\libc.a(lib_a-atoi.o)
                              ./rt-thread/components/drivers/misc/pin.o (atoi)
d:/rt-threadstudio/repo/extract/toolchain_support_packages/arm/gnu_tools_for_arm_embedded_processors/5.4.1/bin/../lib/gcc/arm-none-eabi/5.4.1/../../../../arm-none-eabi/lib/armv7-m\libc.a(lib_a-exit.o)
                              d:/rt-threadstudio/repo/extract/toolchain_support_packages/arm/gnu_tools_for_arm_embedded_processors/5.4.1/bin/../lib/gcc/arm-none-eabi/5.4.1/../../../../arm-none-eabi/lib/armv7-m/crt0.o (exit)
d:/rt-threadstudio/repo/extract/toolchain_support_packages/arm/gnu_tools_for_arm_embedded_processors/5.4.1/bin/../lib/gcc/arm-none-eabi/5.4.1/../../../../arm-none-eabi/lib/armv7-m\libc.a(lib_a-impure.o)
                              d:/rt-threadstudio/repo/extract/toolchain_support_packages/arm/gnu_tools_for_arm_embedded_processors/5.4.1/bin/../lib/gcc/arm-none-eabi/5.4.1/../../../../arm-none-eabi/lib/armv7-m\libc.a(lib_a-exit.o) (_global_impure_ptr)
d:/rt-threadstudio/repo/extract/toolchain_support_packages/arm/gnu_tools_for_arm_embedded_processors/5.4.1/bin/../lib/gcc/arm-none-eabi/5.4.1/../../../../arm-none-eabi/lib/armv7-m\libc.a(lib_a-locale.o)
                              ./rt-thread/components/libc/compilers/common/cstring.o (__locale_ctype_ptr)
d:/rt-threadstudio/repo/extract/toolchain_support_packages/arm/gnu_tools_for_arm_embedded_processors/5.4.1/bin/../lib/gcc/arm-none-eabi/5.4.1/../../../../arm-none-eabi/lib/armv7-m\libc.a(lib_a-malloc.o)
                              ./rt-thread/components/libc/compilers/common/cstring.o (malloc)
d:/rt-threadstudio/repo/extract/toolchain_support_packages/arm/gnu_tools_for_arm_embedded_processors/5.4.1/bin/../lib/gcc/arm-none-eabi/5.4.1/../../../../arm-none-eabi/lib/armv7-m\libc.a(lib_a-mbtowc_r.o)
                              d:/rt-threadstudio/repo/extract/toolchain_support_packages/arm/gnu_tools_for_arm_embedded_processors/5.4.1/bin/../lib/gcc/arm-none-eabi/5.4.1/../../../../arm-none-eabi/lib/armv7-m\libc.a(lib_a-locale.o) (__ascii_mbtowc)
d:/rt-threadstudio/repo/extract/toolchain_support_packages/arm/gnu_tools_for_arm_embedded_processors/5.4.1/bin/../lib/gcc/arm-none-eabi/5.4.1/../../../../arm-none-eabi/lib/armv7-m\libc.a(lib_a-memcmp.o)
                              ./rt-thread/components/finsh/shell.o (memcmp)
d:/rt-threadstudio/repo/extract/toolchain_support_packages/arm/gnu_tools_for_arm_embedded_processors/5.4.1/bin/../lib/gcc/arm-none-eabi/5.4.1/../../../../arm-none-eabi/lib/armv7-m\libc.a(lib_a-memset.o)
                              d:/rt-threadstudio/repo/extract/toolchain_support_packages/arm/gnu_tools_for_arm_embedded_processors/5.4.1/bin/../lib/gcc/arm-none-eabi/5.4.1/../../../../arm-none-eabi/lib/armv7-m/crt0.o (memset)
d:/rt-threadstudio/repo/extract/toolchain_support_packages/arm/gnu_tools_for_arm_embedded_processors/5.4.1/bin/../lib/gcc/arm-none-eabi/5.4.1/../../../../arm-none-eabi/lib/armv7-m\libc.a(lib_a-strchr.o)
                              ./rt-thread/components/libc/compilers/common/cstring.o (strchr)
d:/rt-threadstudio/repo/extract/toolchain_support_packages/arm/gnu_tools_for_arm_embedded_processors/5.4.1/bin/../lib/gcc/arm-none-eabi/5.4.1/../../../../arm-none-eabi/lib/armv7-m\libc.a(lib_a-strcmp.o)
                              ./rt-thread/components/finsh/cmd.o (strcmp)
d:/rt-threadstudio/repo/extract/toolchain_support_packages/arm/gnu_tools_for_arm_embedded_processors/5.4.1/bin/../lib/gcc/arm-none-eabi/5.4.1/../../../../arm-none-eabi/lib/armv7-m\libc.a(lib_a-strcpy.o)
                              ./rt-thread/components/libc/compilers/common/cstring.o (strcpy)
d:/rt-threadstudio/repo/extract/toolchain_support_packages/arm/gnu_tools_for_arm_embedded_processors/5.4.1/bin/../lib/gcc/arm-none-eabi/5.4.1/../../../../arm-none-eabi/lib/armv7-m\libc.a(lib_a-strlen-stub.o)
                              ./rt-thread/src/kservice.o (strlen)
d:/rt-threadstudio/repo/extract/toolchain_support_packages/arm/gnu_tools_for_arm_embedded_processors/5.4.1/bin/../lib/gcc/arm-none-eabi/5.4.1/../../../../arm-none-eabi/lib/armv7-m\libc.a(lib_a-strncat.o)
                              ./rt-thread/components/drivers/misc/pin.o (strncat)
d:/rt-threadstudio/repo/extract/toolchain_support_packages/arm/gnu_tools_for_arm_embedded_processors/5.4.1/bin/../lib/gcc/arm-none-eabi/5.4.1/../../../../arm-none-eabi/lib/armv7-m\libc.a(lib_a-strncmp.o)
                              ./rt-thread/src/object.o (strncmp)
d:/rt-threadstudio/repo/extract/toolchain_support_packages/arm/gnu_tools_for_arm_embedded_processors/5.4.1/bin/../lib/gcc/arm-none-eabi/5.4.1/../../../../arm-none-eabi/lib/armv7-m\libc.a(lib_a-strncpy.o)
                              ./rt-thread/src/object.o (strncpy)
[...]
Memory Configuration

Name             Origin             Length             Attributes
ROM              0x08000000         0x00010000         xr
RAM              0x20000000         0x00005000         rw
*default*        0x00000000         0xffffffff

Linker script and memory map

LOAD d:/rt-threadstudio/repo/extract/toolchain_support_packages/arm/gnu_tools_for_arm_embedded_processors/5.4.1/bin/../lib/gcc/arm-none-eabi/5.4.1/armv7-m/crti.o
LOAD d:/rt-threadstudio/repo/extract/toolchain_support_packages/arm/gnu_tools_for_arm_embedded_processors/5.4.1/bin/../lib/gcc/arm-none-eabi/5.4.1/armv7-m/crtbegin.o
LOAD d:/rt-threadstudio/repo/extract/toolchain_support_packages/arm/gnu_tools_for_arm_embedded_processors/5.4.1/bin/../lib/gcc/arm-none-eabi/5.4.1/../../../../arm-none-eabi/lib/armv7-m/crt0.o
LOAD ./rt-thread/src/clock.o
LOAD ./rt-thread/src/components.o
LOAD ./rt-thread/src/device.o
LOAD ./rt-thread/src/idle.o
LOAD ./rt-thread/src/ipc.o
LOAD ./rt-thread/src/irq.o
LOAD ./rt-thread/src/kservice.o
LOAD ./rt-thread/src/mem.o
LOAD ./rt-thread/src/mempool.o
LOAD ./rt-thread/src/object.o
LOAD ./rt-thread/src/scheduler.o
LOAD ./rt-thread/src/thread.o
LOAD ./rt-thread/src/timer.o
LOAD ./rt-thread/libcpu/arm/cortex-m3/context_gcc.o
LOAD ./rt-thread/libcpu/arm/cortex-m3/cpuport.o
LOAD ./rt-thread/libcpu/arm/common/backtrace.o
LOAD ./rt-thread/libcpu/arm/common/div0.o
LOAD ./rt-thread/libcpu/arm/common/showmem.o
LOAD ./rt-thread/components/libc/compilers/newlib/syscalls.o
LOAD ./rt-thread/components/libc/compilers/common/cctype.o
LOAD ./rt-thread/components/libc/compilers/common/cstdio.o
LOAD ./rt-thread/components/libc/compilers/common/cstdlib.o
LOAD ./rt-thread/components/libc/compilers/common/cstring.o
LOAD ./rt-thread/components/libc/compilers/common/ctime.o
LOAD ./rt-thread/components/libc/compilers/common/cwchar.o
LOAD ./rt-thread/components/finsh/cmd.o
LOAD ./rt-thread/components/finsh/msh.o
LOAD ./rt-thread/components/finsh/msh_parse.o
LOAD ./rt-thread/components/finsh/shell.o
LOAD ./rt-thread/components/drivers/serial/serial.o
LOAD ./rt-thread/components/drivers/misc/pin.o
LOAD ./rt-thread/components/drivers/ipc/completion.o
LOAD ./rt-thread/components/drivers/ipc/dataqueue.o
LOAD ./rt-thread/components/drivers/ipc/pipe.o
LOAD ./rt-thread/components/drivers/ipc/ringblk_buf.o
LOAD ./rt-thread/components/drivers/ipc/ringbuffer.o
LOAD ./rt-thread/components/drivers/ipc/waitqueue.o
LOAD ./rt-thread/components/drivers/ipc/workqueue.o
LOAD ./libraries/STM32F1xx_HAL_Driver/Src/Legacy/stm32f1xx_hal_can.o
LOAD ./libraries/STM32F1xx_HAL_Driver/Src/stm32f1xx_hal.o
LOAD ./libraries/STM32F1xx_HAL_Driver/Src/stm32f1xx_hal_adc.o
LOAD ./libraries/STM32F1xx_HAL_Driver/Src/stm32f1xx_hal_adc_ex.o
LOAD ./libraries/STM32F1xx_HAL_Driver/Src/stm32f1xx_hal_can.o
LOAD ./libraries/STM32F1xx_HAL_Driver/Src/stm32f1xx_hal_cec.o
LOAD ./libraries/STM32F1xx_HAL_Driver/Src/stm32f1xx_hal_cortex.o
LOAD ./libraries/STM32F1xx_HAL_Driver/Src/stm32f1xx_hal_crc.o
LOAD ./libraries/STM32F1xx_HAL_Driver/Src/stm32f1xx_hal_dac.o
LOAD ./libraries/STM32F1xx_HAL_Driver/Src/stm32f1xx_hal_dac_ex.o
LOAD ./libraries/STM32F1xx_HAL_Driver/Src/stm32f1xx_hal_dma.o
LOAD ./libraries/STM32F1xx_HAL_Driver/Src/stm32f1xx_hal_eth.o
LOAD ./libraries/STM32F1xx_HAL_Driver/Src/stm32f1xx_hal_exti.o
LOAD ./libraries/STM32F1xx_HAL_Driver/Src/stm32f1xx_hal_flash.o
LOAD ./libraries/STM32F1xx_HAL_Driver/Src/stm32f1xx_hal_flash_ex.o
LOAD ./libraries/STM32F1xx_HAL_Driver/Src/stm32f1xx_hal_gpio.o
LOAD ./libraries/STM32F1xx_HAL_Driver/Src/stm32f1xx_hal_gpio_ex.o
LOAD ./libraries/STM32F1xx_HAL_Driver/Src/stm32f1xx_hal_hcd.o
LOAD ./libraries/STM32F1xx_HAL_Driver/Src/stm32f1xx_hal_i2c.o
LOAD ./libraries/STM32F1xx_HAL_Driver/Src/stm32f1xx_hal_i2s.o
LOAD ./libraries/STM32F1xx_HAL_Driver/Src/stm32f1xx_hal_irda.o
LOAD ./libraries/STM32F1xx_HAL_Driver/Src/stm32f1xx_hal_iwdg.o
LOAD ./libraries/STM32F1xx_HAL_Driver/Src/stm32f1xx_hal_mmc.o
LOAD ./libraries/STM32F1xx_HAL_Driver/Src/stm32f1xx_hal_nand.o
LOAD ./libraries/STM32F1xx_HAL_Driver/Src/stm32f1xx_hal_nor.o
LOAD ./libraries/STM32F1xx_HAL_Driver/Src/stm32f1xx_hal_pccard.o
LOAD ./libraries/STM32F1xx_HAL_Driver/Src/stm32f1xx_hal_pcd.o
LOAD ./libraries/STM32F1xx_HAL_Driver/Src/stm32f1xx_hal_pcd_ex.o
LOAD ./libraries/STM32F1xx_HAL_Driver/Src/stm32f1xx_hal_pwr.o
LOAD ./libraries/STM32F1xx_HAL_Driver/Src/stm32f1xx_hal_rcc.o
LOAD ./libraries/STM32F1xx_HAL_Driver/Src/stm32f1xx_hal_rcc_ex.o
LOAD ./libraries/STM32F1xx_HAL_Driver/Src/stm32f1xx_hal_rtc.o
LOAD ./libraries/STM32F1xx_HAL_Driver/Src/stm32f1xx_hal_rtc_ex.o
LOAD ./libraries/STM32F1xx_HAL_Driver/Src/stm32f1xx_hal_sd.o
LOAD ./libraries/STM32F1xx_HAL_Driver/Src/stm32f1xx_hal_smartcard.o
LOAD ./libraries/STM32F1xx_HAL_Driver/Src/stm32f1xx_hal_spi.o
LOAD ./libraries/STM32F1xx_HAL_Driver/Src/stm32f1xx_hal_sram.o
LOAD ./libraries/STM32F1xx_HAL_Driver/Src/stm32f1xx_hal_tim.o
LOAD ./libraries/STM32F1xx_HAL_Driver/Src/stm32f1xx_hal_tim_ex.o
LOAD ./libraries/STM32F1xx_HAL_Driver/Src/stm32f1xx_hal_uart.o
LOAD ./libraries/STM32F1xx_HAL_Driver/Src/stm32f1xx_hal_usart.o
LOAD ./libraries/STM32F1xx_HAL_Driver/Src/stm32f1xx_hal_wwdg.o
LOAD ./libraries/STM32F1xx_HAL_Driver/Src/stm32f1xx_ll_usb.o
LOAD ./libraries/CMSIS/Device/ST/STM32F1xx/Source/Templates/gcc/startup_stm32f103xb.o
LOAD ./libraries/CMSIS/Device/ST/STM32F1xx/Source/Templates/system_stm32f1xx.o
LOAD ./drivers/board.o
LOAD ./drivers/drv_adc.o
LOAD ./drivers/drv_clk.o
LOAD ./drivers/drv_common.o
LOAD ./drivers/drv_eth.o
LOAD ./drivers/drv_flash_f1.o
LOAD ./drivers/drv_gpio.o
LOAD ./drivers/drv_hwtimer.o
LOAD ./drivers/drv_pwm.o
LOAD ./drivers/drv_qspi.o
LOAD ./drivers/drv_rtc.o
LOAD ./drivers/drv_sdio.o
LOAD ./drivers/drv_soft_i2c.o
LOAD ./drivers/drv_spi.o
LOAD ./drivers/drv_usart.o
LOAD ./drivers/drv_usbd.o
LOAD ./drivers/drv_usbh.o
LOAD ./drivers/drv_wdt.o
LOAD ./applications/OLED.o
LOAD ./applications/key.o
LOAD ./applications/led.o
LOAD ./applications/main.o
LOAD d:/rt-threadstudio/repo/extract/toolchain_support_packages/arm/gnu_tools_for_arm_embedded_processors/5.4.1/bin/../lib/gcc/arm-none-eabi/5.4.1/../../../../arm-none-eabi/lib/armv7-m\libc.a
LOAD d:/rt-threadstudio/repo/extract/toolchain_support_packages/arm/gnu_tools_for_arm_embedded_processors/5.4.1/bin/../lib/gcc/arm-none-eabi/5.4.1/../../../../arm-none-eabi/lib/armv7-m\libm.a
START GROUP
LOAD d:/rt-threadstudio/repo/extract/toolchain_support_packages/arm/gnu_tools_for_arm_embedded_processors/5.4.1/bin/../lib/gcc/arm-none-eabi/5.4.1/armv7-m\libgcc.a
LOAD d:/rt-threadstudio/repo/extract/toolchain_support_packages/arm/gnu_tools_for_arm_embedded_processors/5.4.1/bin/../lib/gcc/arm-none-eabi/5.4.1/../../../../arm-none-eabi/lib/armv7-m\libg.a
LOAD d:/rt-threadstudio/repo/extract/toolchain_support_packages/arm/gnu_tools_for_arm_embedded_processors/5.4.1/bin/../lib/gcc/arm-none-eabi/5.4.1/../../../../arm-none-eabi/lib/armv7-m\libc.a
END GROUP
LOAD d:/rt-threadstudio/repo/extract/toolchain_support_packages/arm/gnu_tools_for_arm_embedded_processors/5.4.1/bin/../lib/gcc/arm-none-eabi/5.4.1/armv7-m/crtend.o
LOAD d:/rt-threadstudio/repo/extract/toolchain_support_packages/arm/gnu_tools_for_arm_embedded_processors/5.4.1/bin/../lib/gcc/arm-none-eabi/5.4.1/armv7-m/crtn.o
                0x00000400                _system_stack_size = 0x400

.text           0x08000000     0xe804
                0x08000000                . = ALIGN (0x4)
                0x08000000                _stext = .
 *(.isr_vector)
 .isr_vector    0x08000000      0x10c ./libraries/CMSIS/Device/ST/STM32F1xx/Source/Templates/gcc/startup_stm32f103xb.o
                0x08000000                g_pfnVectors
                0x0800010c                . = ALIGN (0x4)
 *(.text)
 .text          0x0800010c       0x5c d:/rt-threadstudio/repo/extract/toolchain_support_packages/arm/gnu_tools_for_arm_embedded_processors/5.4.1/bin/../lib/gcc/arm-none-eabi/5.4.1/armv7-m/crtbegin.o
 .text          0x08000168      0x108 ./rt-thread/libcpu/arm/cortex-m3/context_gcc.o
                0x08000168                rt_hw_interrupt_disable
                0x08000170                rt_hw_interrupt_enable
                0x08000176                rt_hw_context_switch_interrupt
                0x08000176                rt_hw_context_switch
                0x08000196                PendSV_Handler
                0x080001d2                rt_hw_context_switch_to
                0x08000214                rt_hw_interrupt_thread_switch
                0x08000218                HardFault_Handler
                0x0800024e                rt_hw_interrupt_check
 .text          0x08000270      0x1bc d:/rt-threadstudio/repo/extract/toolchain_support_packages/arm/gnu_tools_for_arm_embedded_processors/5.4.1/bin/../lib/gcc/arm-none-eabi/5.4.1/../../../../arm-none-eabi/lib/armv7-m\libc.a(lib_a-strcmp.o)
                0x08000270                strcmp
 *(.text.*)
 .text.rt_tick_get
                0x0800042c       0x14 ./rt-thread/src/clock.o
                0x0800042c                rt_tick_get
 .text.rt_tick_increase
                0x08000440       0x7c ./rt-thread/src/clock.o
                0x08000440                rt_tick_increase
 .text.rt_tick_from_millisecond
                0x080004bc       0x78 ./rt-thread/src/clock.o
                0x080004bc                rt_tick_from_millisecond
 .text.rti_start
                0x08000534       0x10 ./rt-thread/src/components.o
 .text.rti_board_start
                0x08000544       0x10 ./rt-thread/src/components.o
 .text.rti_board_end
                0x08000554       0x10 ./rt-thread/src/components.o
 .text.rti_end  0x08000564       0x10 ./rt-thread/src/components.o
 .text.rt_components_board_init
                0x08000574       0x30 ./rt-thread/src/components.o
                0x08000574                rt_components_board_init
 .text.rt_components_init
                0x080005a4       0x30 ./rt-thread/src/components.o
                0x080005a4                rt_components_init
 .text.entry    0x080005d4       0x10 ./rt-thread/src/components.o
                0x080005d4                entry
 .text.main_thread_entry
                0x080005e4       0x18 ./rt-thread/src/components.o
                0x080005e4                main_thread_entry
 .text.rt_application_init
                0x080005fc       0x4c ./rt-thread/src/components.o
                0x080005fc                rt_application_init
 .text.rtthread_startup
                0x08000648       0x30 ./rt-thread/src/components.o
                0x08000648                rtthread_startup
 .text.rt_device_register
                0x08000678       0x54 ./rt-thread/src/device.o
                0x08000678                rt_device_register
 .text.rt_device_find
                0x080006cc       0x1c ./rt-thread/src/device.o
                0x080006cc                rt_device_find
 .text.rt_device_open
                0x080006e8      0x118 ./rt-thread/src/device.o
                0x080006e8                rt_device_open
 .text.rt_device_close
                0x08000800       0x9c ./rt-thread/src/device.o
                0x08000800                rt_device_close
 .text.rt_device_read
                0x0800089c       0x88 ./rt-thread/src/device.o
                0x0800089c                rt_device_read
 .text.rt_device_write
                0x08000924       0x88 ./rt-thread/src/device.o
                0x08000924                rt_device_write
 .text.rt_device_set_rx_indicate
                0x080009ac       0x54 ./rt-thread/src/device.o
                0x080009ac                rt_device_set_rx_indicate
 .text.rt_list_insert_after
                0x08000a00       0x30 ./rt-thread/src/idle.o
 .text.rt_list_remove
                0x08000a30       0x34 ./rt-thread/src/idle.o
 .text.rt_thread_defunct_enqueue
                0x08000a64       0x20 ./rt-thread/src/idle.o
                0x08000a64                rt_thread_defunct_enqueue
 .text.rt_thread_defunct_dequeue
                0x08000a84       0x44 ./rt-thread/src/idle.o
                0x08000a84                rt_thread_defunct_dequeue
 .text.rt_defunct_execute
                0x08000ac8       0x5c ./rt-thread/src/idle.o
 .text.rt_thread_idle_entry
                0x08000b24       0x38 ./rt-thread/src/idle.o
 .text.rt_thread_idle_init
                0x08000b5c       0x74 ./rt-thread/src/idle.o
                0x08000b5c                rt_thread_idle_init
 .text.rt_list_init
                0x08000bd0       0x20 ./rt-thread/src/ipc.o
 .text.rt_list_insert_before
                0x08000bf0       0x30 ./rt-thread/src/ipc.o
 .text.rt_list_isempty
                0x08000c20       0x24 ./rt-thread/src/ipc.o
 .text._ipc_object_init
                0x08000c44       0x1c ./rt-thread/src/ipc.o
 .text._ipc_list_suspend
                0x08000c60       0xa4 ./rt-thread/src/ipc.o
 .text._ipc_list_resume
                0x08000d04       0x20 ./rt-thread/src/ipc.o
 .text.rt_sem_init
                0x08000d24       0x88 ./rt-thread/src/ipc.o
                0x08000d24                rt_sem_init
 .text.rt_sem_take
                0x08000dac      0x190 ./rt-thread/src/ipc.o
                0x08000dac                rt_sem_take
 .text.rt_sem_release
                0x08000f3c       0xc0 ./rt-thread/src/ipc.o
                0x08000f3c                rt_sem_release
 .text.rt_mutex_init
                0x08000ffc       0x64 ./rt-thread/src/ipc.o
                0x08000ffc                rt_mutex_init
 .text.rt_mutex_take
                0x08001060      0x21c ./rt-thread/src/ipc.o
                0x08001060                rt_mutex_take
 .text.rt_mutex_release
                0x0800127c      0x1bc ./rt-thread/src/ipc.o
                0x0800127c                rt_mutex_release
 .text.rt_interrupt_enter
                0x08001438       0x40 ./rt-thread/src/irq.o
                0x08001438                rt_interrupt_enter
 .text.rt_interrupt_leave
                0x08001478       0x40 ./rt-thread/src/irq.o
                0x08001478                rt_interrupt_leave
 .text.rt_interrupt_get_nest
                0x080014b8       0x28 ./rt-thread/src/irq.o
                0x080014b8                rt_interrupt_get_nest
 .text.rt_strerror
                0x080014e0       0x38 ./rt-thread/src/kservice.o
                0x080014e0                rt_strerror
 .text.rt_set_errno
                0x08001518       0x40 ./rt-thread/src/kservice.o
                0x08001518                rt_set_errno
 .text.rt_memset
                0x08001558       0xb4 ./rt-thread/src/kservice.o
                0x08001558                rt_memset
 .text.rt_memcpy
                0x0800160c       0xd0 ./rt-thread/src/kservice.o
                0x0800160c                rt_memcpy
 .text.rt_memmove
                0x080016dc       0x80 ./rt-thread/src/kservice.o
                0x080016dc                rt_memmove
 .text.rt_show_version
                0x0800175c       0x4c ./rt-thread/src/kservice.o
                0x0800175c                rt_show_version
 .text.divide   0x080017a8       0x68 ./rt-thread/src/kservice.o
 .text.skip_atoi
                0x08001810       0x44 ./rt-thread/src/kservice.o
 .text.print_number
                0x08001854      0x200 ./rt-thread/src/kservice.o
 .text.rt_vsnprintf
                0x08001a54      0x560 ./rt-thread/src/kservice.o
                0x08001a54                rt_vsnprintf
 .text.rt_vsprintf
                0x08001fb4       0x24 ./rt-thread/src/kservice.o
                0x08001fb4                rt_vsprintf
 .text.rt_sprintf
                0x08001fd8       0x2c ./rt-thread/src/kservice.o
                0x08001fd8                rt_sprintf
 .text.rt_console_get_device
                0x08002004       0x14 ./rt-thread/src/kservice.o
                0x08002004                rt_console_get_device
 .text.rt_console_set_device
                0x08002018       0x58 ./rt-thread/src/kservice.o
                0x08002018                rt_console_set_device
 .text.rt_hw_console_output
                0x08002070       0x14 ./rt-thread/src/kservice.o
                0x08002070                rt_hw_console_output
 .text.rt_kprintf
                0x08002084       0x60 ./rt-thread/src/kservice.o
                0x08002084                rt_kprintf
 .text._heap_lock_init
                0x080020e4       0x1c ./rt-thread/src/kservice.o
 .text._heap_lock
                0x08002100       0x28 ./rt-thread/src/kservice.o
 .text._heap_unlock
                0x08002128       0x40 ./rt-thread/src/kservice.o
 .text._smem_info
                0x08002168       0x4c ./rt-thread/src/kservice.o
 .text.rt_system_heap_init
                0x080021b4       0x64 ./rt-thread/src/kservice.o
                0x080021b4                rt_system_heap_init
 .text.rt_malloc
                0x08002218       0x48 ./rt-thread/src/kservice.o
                0x08002218                rt_malloc
 .text.rt_calloc
                0x08002260       0x3c ./rt-thread/src/kservice.o
                0x08002260                rt_calloc
 .text.rt_free  0x0800229c       0x40 ./rt-thread/src/kservice.o
                0x0800229c                rt_free
 .text.rt_memory_info
                0x080022dc       0x2c ./rt-thread/src/kservice.o
                0x080022dc                rt_memory_info
 .text.rt_assert_handler
                0x08002308       0x4c ./rt-thread/src/kservice.o
                0x08002308                rt_assert_handler
 .text.plug_holes
                0x08002354       0xf4 ./rt-thread/src/mem.o
 .text.rt_smem_init
                0x08002448      0x104 ./rt-thread/src/mem.o
                0x08002448                rt_smem_init
 .text.rt_smem_alloc
                0x0800254c      0x26c ./rt-thread/src/mem.o
                0x0800254c                rt_smem_alloc
 .text.rt_smem_free
                0x080027b8      0x140 ./rt-thread/src/mem.o
                0x080027b8                rt_smem_free
 .text.rt_list_insert_after
                0x080028f8       0x30 ./rt-thread/src/object.o
 .text.rt_list_remove
                0x08002928       0x34 ./rt-thread/src/object.o
 .text.rt_object_get_information
                0x0800295c       0x48 ./rt-thread/src/object.o
                0x0800295c                rt_object_get_information
 .text.rt_object_init
                0x080029a4       0xcc ./rt-thread/src/object.o
                0x080029a4                rt_object_init
 .text.rt_object_detach
                0x08002a70       0x5c ./rt-thread/src/object.o
                0x08002a70                rt_object_detach
 .text.rt_object_allocate
                0x08002acc       0xd8 ./rt-thread/src/object.o
                0x08002acc                rt_object_allocate
 .text.rt_object_delete
                0x08002ba4       0x7c ./rt-thread/src/object.o
                0x08002ba4                rt_object_delete
 .text.rt_object_is_systemobject
                0x08002c20       0x3c ./rt-thread/src/object.o
                0x08002c20                rt_object_is_systemobject
 .text.rt_object_get_type
                0x08002c5c       0x34 ./rt-thread/src/object.o
                0x08002c5c                rt_object_get_type
 .text.rt_object_find
                0x08002c90       0xb4 ./rt-thread/src/object.o
                0x08002c90                rt_object_find
 .text.rt_list_init
                0x08002d44       0x20 ./rt-thread/src/scheduler.o
 .text.rt_list_insert_after
                0x08002d64       0x30 ./rt-thread/src/scheduler.o
 .text.rt_list_insert_before
                0x08002d94       0x30 ./rt-thread/src/scheduler.o
 .text.rt_list_remove
                0x08002dc4       0x34 ./rt-thread/src/scheduler.o
 .text.rt_list_isempty
                0x08002df8       0x24 ./rt-thread/src/scheduler.o
 .text._scheduler_stack_check
                0x08002e1c       0x94 ./rt-thread/src/scheduler.o
 .text._scheduler_get_highest_priority_thread
                0x08002eb0       0x3c ./rt-thread/src/scheduler.o
 .text.rt_system_scheduler_init
                0x08002eec       0x48 ./rt-thread/src/scheduler.o
                0x08002eec                rt_system_scheduler_init
 .text.rt_system_scheduler_start
                0x08002f34       0x3c ./rt-thread/src/scheduler.o
                0x08002f34                rt_system_scheduler_start
 .text.rt_schedule
                0x08002f70      0x19c ./rt-thread/src/scheduler.o
                0x08002f70                rt_schedule
 .text.rt_schedule_insert_thread
                0x0800310c       0xd4 ./rt-thread/src/scheduler.o
                0x0800310c                rt_schedule_insert_thread
 .text.rt_schedule_remove_thread
                0x080031e0       0x70 ./rt-thread/src/scheduler.o
                0x080031e0                rt_schedule_remove_thread
 .text.rt_enter_critical
                0x08003250       0x30 ./rt-thread/src/scheduler.o
                0x08003250                rt_enter_critical
 .text.rt_exit_critical
                0x08003280       0x58 ./rt-thread/src/scheduler.o
                0x08003280                rt_exit_critical
 .text.rt_critical_level
                0x080032d8       0x18 ./rt-thread/src/scheduler.o
                0x080032d8                rt_critical_level
 .text.rt_list_init
                0x080032f0       0x20 ./rt-thread/src/thread.o
 .text.rt_list_remove
                0x08003310       0x34 ./rt-thread/src/thread.o
 .text._thread_exit
                0x08003344       0x44 ./rt-thread/src/thread.o
 .text._thread_timeout
                0x08003388       0x8c ./rt-thread/src/thread.o
 .text._thread_init
                0x08003414       0xfc ./rt-thread/src/thread.o
 .text.rt_thread_init
                0x08003510       0x70 ./rt-thread/src/thread.o
                0x08003510                rt_thread_init
 .text.rt_thread_self
                0x08003580       0x14 ./rt-thread/src/thread.o
                0x08003580                rt_thread_self
 .text.rt_thread_startup
                0x08003594       0x94 ./rt-thread/src/thread.o
                0x08003594                rt_thread_startup
 .text.rt_thread_detach
                0x08003628       0xb0 ./rt-thread/src/thread.o
                0x08003628                rt_thread_detach
 .text.rt_thread_create
                0x080036d8       0x64 ./rt-thread/src/thread.o
                0x080036d8                rt_thread_create
 .text.rt_thread_delete
                0x0800373c       0xb0 ./rt-thread/src/thread.o
                0x0800373c                rt_thread_delete
 .text.rt_thread_sleep
                0x080037ec       0x94 ./rt-thread/src/thread.o
                0x080037ec                rt_thread_sleep
 .text.rt_thread_delay
                0x08003880       0x18 ./rt-thread/src/thread.o
                0x08003880                rt_thread_delay
 .text.rt_thread_mdelay
                0x08003898       0x20 ./rt-thread/src/thread.o
                0x08003898                rt_thread_mdelay
 .text.rt_thread_control
                0x080038b8       0xf0 ./rt-thread/src/thread.o
                0x080038b8                rt_thread_control
 .text.rt_thread_suspend
                0x080039a8       0xd0 ./rt-thread/src/thread.o
                0x080039a8                rt_thread_suspend
 .text.rt_thread_resume
                0x08003a78       0x98 ./rt-thread/src/thread.o
                0x08003a78                rt_thread_resume
 .text.rt_list_init
                0x08003b10       0x20 ./rt-thread/src/timer.o
 .text.rt_list_insert_after
                0x08003b30       0x30 ./rt-thread/src/timer.o
 .text.rt_list_remove
                0x08003b60       0x34 ./rt-thread/src/timer.o
 .text.rt_list_isempty
                0x08003b94       0x24 ./rt-thread/src/timer.o
 .text._timer_init
                0x08003bb8       0x68 ./rt-thread/src/timer.o
 .text._timer_list_next_timeout
                0x08003c20       0x48 ./rt-thread/src/timer.o
 .text._timer_remove
                0x08003c68       0x34 ./rt-thread/src/timer.o
 .text.rt_timer_init
                0x08003c9c       0x80 ./rt-thread/src/timer.o
                0x08003c9c                rt_timer_init
 .text.rt_timer_detach
                0x08003d1c       0x90 ./rt-thread/src/timer.o
                0x08003d1c                rt_timer_detach
 .text.rt_timer_start
                0x08003dac      0x230 ./rt-thread/src/timer.o
                0x08003dac                rt_timer_start
 .text.rt_timer_stop
                0x08003fdc       0x94 ./rt-thread/src/timer.o
                0x08003fdc                rt_timer_stop
 .text.rt_timer_control
                0x08004070       0xfc ./rt-thread/src/timer.o
                0x08004070                rt_timer_control
 .text.rt_timer_check
                0x0800416c      0x108 ./rt-thread/src/timer.o
                0x0800416c                rt_timer_check
 .text.rt_soft_timer_check
                0x08004274      0x120 ./rt-thread/src/timer.o
                0x08004274                rt_soft_timer_check
 .text._timer_thread_entry
                0x08004394       0x5c ./rt-thread/src/timer.o
 .text.rt_system_timer_init
                0x080043f0       0x34 ./rt-thread/src/timer.o
                0x080043f0                rt_system_timer_init
 .text.rt_system_timer_thread_init
                0x08004424       0x68 ./rt-thread/src/timer.o
                0x08004424                rt_system_timer_thread_init
 .text.rt_hw_stack_init
                0x0800448c       0x88 ./rt-thread/libcpu/arm/cortex-m3/cpuport.o
                0x0800448c                rt_hw_stack_init
 .text.usage_fault_track
                0x08004514       0xc4 ./rt-thread/libcpu/arm/cortex-m3/cpuport.o
 .text.bus_fault_track
                0x080045d8       0xcc ./rt-thread/libcpu/arm/cortex-m3/cpuport.o
 .text.mem_manage_fault_track
                0x080046a4       0xb4 ./rt-thread/libcpu/arm/cortex-m3/cpuport.o
 .text.hard_fault_track
                0x08004758       0x78 ./rt-thread/libcpu/arm/cortex-m3/cpuport.o
 .text.rt_hw_hard_fault_exception
                0x080047d0      0x168 ./rt-thread/libcpu/arm/cortex-m3/cpuport.o
                0x080047d0                rt_hw_hard_fault_exception
 .text.__rt_ffs
                0x08004938       0x28 ./rt-thread/libcpu/arm/cortex-m3/cpuport.o
                0x08004938                __rt_ffs
 .text._malloc_r
                0x08004960       0x28 ./rt-thread/components/libc/compilers/newlib/syscalls.o
                0x08004960                _malloc_r
 .text.rt_list_isempty
                0x08004988       0x24 ./rt-thread/components/finsh/cmd.o
 .text.rt_list_len
                0x080049ac       0x34 ./rt-thread/components/finsh/cmd.o
 .text.clear    0x080049e0       0x14 ./rt-thread/components/finsh/cmd.o
 .text.version  0x080049f4       0x10 ./rt-thread/components/finsh/cmd.o
                0x080049f4                version
 .text.object_split
                0x08004a04       0x28 ./rt-thread/components/finsh/cmd.o
 .text.list_find_init
                0x08004a2c       0x48 ./rt-thread/components/finsh/cmd.o
 .text.list_get_next
                0x08004a74       0xc0 ./rt-thread/components/finsh/cmd.o
 .text.list_thread
                0x08004b34      0x210 ./rt-thread/components/finsh/cmd.o
                0x08004b34                list_thread
 .text.show_wait_queue
                0x08004d44       0x50 ./rt-thread/components/finsh/cmd.o
 .text.list_sem
                0x08004d94      0x124 ./rt-thread/components/finsh/cmd.o
                0x08004d94                list_sem
 .text.list_event
                0x08004eb8      0x114 ./rt-thread/components/finsh/cmd.o
                0x08004eb8                list_event
 .text.list_mutex
                0x08004fcc       0xe4 ./rt-thread/components/finsh/cmd.o
                0x08004fcc                list_mutex
 .text.list_mailbox
                0x080050b0      0x134 ./rt-thread/components/finsh/cmd.o
                0x080050b0                list_mailbox
 .text.list_msgqueue
                0x080051e4      0x124 ./rt-thread/components/finsh/cmd.o
                0x080051e4                list_msgqueue
 .text.list_mempool
                0x08005308      0x140 ./rt-thread/components/finsh/cmd.o
                0x08005308                list_mempool
 .text.list_timer
                0x08005448      0x124 ./rt-thread/components/finsh/cmd.o
                0x08005448                list_timer
 .text.list_device
                0x0800556c       0xfc ./rt-thread/components/finsh/cmd.o
                0x0800556c                list_device
 .text.cmd_list
                0x08005668      0x19c ./rt-thread/components/finsh/cmd.o
                0x08005668                cmd_list
 .text.msh_help
                0x08005804       0x5c ./rt-thread/components/finsh/msh.o
                0x08005804                msh_help
 .text.cmd_ps   0x08005860       0x18 ./rt-thread/components/finsh/msh.o
                0x08005860                cmd_ps
 .text.cmd_free
                0x08005878       0x70 ./rt-thread/components/finsh/msh.o
                0x08005878                cmd_free
 .text.msh_split
                0x080058e8      0x170 ./rt-thread/components/finsh/msh.o
 .text.msh_get_cmd
                0x08005a58       0x64 ./rt-thread/components/finsh/msh.o
 .text._msh_exec_cmd
                0x08005abc       0xd4 ./rt-thread/components/finsh/msh.o
 .text.msh_exec
                0x08005b90       0x8c ./rt-thread/components/finsh/msh.o
                0x08005b90                msh_exec
 .text.str_common
                0x08005c1c       0x48 ./rt-thread/components/finsh/msh.o
 .text.msh_auto_complete
                0x08005c64       0xb4 ./rt-thread/components/finsh/msh.o
                0x08005c64                msh_auto_complete
 .text.msh_isint
                0x08005d18       0x68 ./rt-thread/components/finsh/msh_parse.o
                0x08005d18                msh_isint
 .text.finsh_get_prompt
                0x08005d80       0x7c ./rt-thread/components/finsh/shell.o
                0x08005d80                finsh_get_prompt
 .text.finsh_set_prompt_mode
                0x08005dfc       0x48 ./rt-thread/components/finsh/shell.o
                0x08005dfc                finsh_set_prompt_mode
 .text.finsh_getchar
                0x08005e44       0x90 ./rt-thread/components/finsh/shell.o
                0x08005e44                finsh_getchar
 .text.finsh_rx_ind
                0x08005ed4       0x3c ./rt-thread/components/finsh/shell.o
 .text.finsh_set_device
                0x08005f10       0xd8 ./rt-thread/components/finsh/shell.o
                0x08005f10                finsh_set_device
 .text.shell_auto_complete
                0x08005fe8       0x34 ./rt-thread/components/finsh/shell.o
 .text.shell_handle_history
                0x0800601c       0x34 ./rt-thread/components/finsh/shell.o
 .text.shell_push_history
                0x08006050      0x160 ./rt-thread/components/finsh/shell.o
 .text.finsh_thread_entry
                0x080061b0      0x5d0 ./rt-thread/components/finsh/shell.o
                0x080061b0                finsh_thread_entry
 .text.finsh_system_function_init
                0x08006780       0x28 ./rt-thread/components/finsh/shell.o
                0x08006780                finsh_system_function_init
 .text.finsh_system_init
                0x080067a8       0x9c ./rt-thread/components/finsh/shell.o
                0x080067a8                finsh_system_init
 .text._serial_poll_rx
                0x08006844       0x80 ./rt-thread/components/drivers/serial/serial.o
 .text._serial_poll_tx
                0x080068c4       0x7c ./rt-thread/components/drivers/serial/serial.o
 .text._serial_int_rx
                0x08006940       0xd8 ./rt-thread/components/drivers/serial/serial.o
 .text._serial_int_tx
                0x08006a18       0xc4 ./rt-thread/components/drivers/serial/serial.o
 .text._serial_check_buffer_size
                0x08006adc       0x38 ./rt-thread/components/drivers/serial/serial.o
 .text.rt_serial_init
                0x08006b14       0x5c ./rt-thread/components/drivers/serial/serial.o
 .text.rt_serial_open
                0x08006b70      0x20c ./rt-thread/components/drivers/serial/serial.o
 .text.rt_serial_close
                0x08006d7c       0xfc ./rt-thread/components/drivers/serial/serial.o
 .text.rt_serial_read
                0x08006e78       0x68 ./rt-thread/components/drivers/serial/serial.o
 .text.rt_serial_write
                0x08006ee0       0x68 ./rt-thread/components/drivers/serial/serial.o
 .text.rt_serial_control
                0x08006f48       0xd0 ./rt-thread/components/drivers/serial/serial.o
 .text.rt_hw_serial_register
                0x08007018       0x9c ./rt-thread/components/drivers/serial/serial.o
                0x08007018                rt_hw_serial_register
 .text.rt_hw_serial_isr
                0x080070b4      0x14c ./rt-thread/components/drivers/serial/serial.o
                0x080070b4                rt_hw_serial_isr
 .text._pin_read
                0x08007200       0x60 ./rt-thread/components/drivers/misc/pin.o
 .text._pin_write
                0x08007260       0x5c ./rt-thread/components/drivers/misc/pin.o
 .text._pin_control
                0x080072bc       0x58 ./rt-thread/components/drivers/misc/pin.o
 .text.rt_device_pin_register
                0x08007314       0x74 ./rt-thread/components/drivers/misc/pin.o
                0x08007314                rt_device_pin_register
 .text.rt_pin_mode
                0x08007388       0x40 ./rt-thread/components/drivers/misc/pin.o
                0x08007388                rt_pin_mode
 .text.rt_pin_write
                0x080073c8       0x40 ./rt-thread/components/drivers/misc/pin.o
                0x080073c8                rt_pin_write
 .text.rt_pin_read
                0x08007408       0x3c ./rt-thread/components/drivers/misc/pin.o
                0x08007408                rt_pin_read
 .text.rt_pin_get
                0x08007444       0x60 ./rt-thread/components/drivers/misc/pin.o
                0x08007444                rt_pin_get
 .text._pin_cmd_conv
                0x080074a4       0xb4 ./rt-thread/components/drivers/misc/pin.o
 .text._pin_cmd_print_usage
                0x08007558       0x58 ./rt-thread/components/drivers/misc/pin.o
 .text._pin_cmd_get
                0x080075b0       0x5c ./rt-thread/components/drivers/misc/pin.o
 .text._pin_cmd_mode
                0x0800760c      0x10c ./rt-thread/components/drivers/misc/pin.o
 .text._pin_cmd_read
                0x08007718       0x90 ./rt-thread/components/drivers/misc/pin.o
 .text._pin_cmd_write
                0x080077a8       0xe4 ./rt-thread/components/drivers/misc/pin.o
 .text._pin_cmd
                0x0800788c       0xac ./rt-thread/components/drivers/misc/pin.o
 .text.rt_list_init
                0x08007938       0x20 ./rt-thread/components/drivers/ipc/completion.o
 .text.rt_list_insert_before
                0x08007958       0x30 ./rt-thread/components/drivers/ipc/completion.o
 .text.rt_list_isempty
                0x08007988       0x24 ./rt-thread/components/drivers/ipc/completion.o
 .text.rt_completion_init
                0x080079ac       0x44 ./rt-thread/components/drivers/ipc/completion.o
                0x080079ac                rt_completion_init
 .text.rt_completion_wait
                0x080079f0      0x15c ./rt-thread/components/drivers/ipc/completion.o
                0x080079f0                rt_completion_wait
 .text.rt_completion_done
                0x08007b4c       0x70 ./rt-thread/components/drivers/ipc/completion.o
                0x08007b4c                rt_completion_done
 .text.HAL_Init
                0x08007bbc       0x2c ./libraries/STM32F1xx_HAL_Driver/Src/stm32f1xx_hal.o
                0x08007bbc                HAL_Init
 .text.HAL_MspInit
                0x08007be8        0xc ./libraries/STM32F1xx_HAL_Driver/Src/stm32f1xx_hal.o
                0x08007be8                HAL_MspInit
 .text.HAL_IncTick
                0x08007bf4       0x24 ./libraries/STM32F1xx_HAL_Driver/Src/stm32f1xx_hal.o
                0x08007bf4                HAL_IncTick
 .text.__NVIC_SetPriorityGrouping
                0x08007c18       0x48 ./libraries/STM32F1xx_HAL_Driver/Src/stm32f1xx_hal_cortex.o
 .text.__NVIC_GetPriorityGrouping
                0x08007c60       0x1c ./libraries/STM32F1xx_HAL_Driver/Src/stm32f1xx_hal_cortex.o
 .text.__NVIC_EnableIRQ
                0x08007c7c       0x38 ./libraries/STM32F1xx_HAL_Driver/Src/stm32f1xx_hal_cortex.o
 .text.__NVIC_DisableIRQ
                0x08007cb4       0x44 ./libraries/STM32F1xx_HAL_Driver/Src/stm32f1xx_hal_cortex.o
 .text.__NVIC_SetPriority
                0x08007cf8       0x54 ./libraries/STM32F1xx_HAL_Driver/Src/stm32f1xx_hal_cortex.o
 .text.NVIC_EncodePriority
                0x08007d4c       0x60 ./libraries/STM32F1xx_HAL_Driver/Src/stm32f1xx_hal_cortex.o
 .text.SysTick_Config
                0x08007dac       0x44 ./libraries/STM32F1xx_HAL_Driver/Src/stm32f1xx_hal_cortex.o
 .text.HAL_NVIC_SetPriorityGrouping
                0x08007df0       0x18 ./libraries/STM32F1xx_HAL_Driver/Src/stm32f1xx_hal_cortex.o
                0x08007df0                HAL_NVIC_SetPriorityGrouping
 .text.HAL_NVIC_SetPriority
                0x08007e08       0x38 ./libraries/STM32F1xx_HAL_Driver/Src/stm32f1xx_hal_cortex.o
                0x08007e08                HAL_NVIC_SetPriority
 .text.HAL_NVIC_EnableIRQ
                0x08007e40       0x1c ./libraries/STM32F1xx_HAL_Driver/Src/stm32f1xx_hal_cortex.o
                0x08007e40                HAL_NVIC_EnableIRQ
 .text.HAL_NVIC_DisableIRQ
                0x08007e5c       0x1c ./libraries/STM32F1xx_HAL_Driver/Src/stm32f1xx_hal_cortex.o
                0x08007e5c                HAL_NVIC_DisableIRQ
 .text.HAL_SYSTICK_Config
                0x08007e78       0x18 ./libraries/STM32F1xx_HAL_Driver/Src/stm32f1xx_hal_cortex.o
                0x08007e78                HAL_SYSTICK_Config
 .text.HAL_SYSTICK_CLKSourceConfig
                0x08007e90       0x38 ./libraries/STM32F1xx_HAL_Driver/Src/stm32f1xx_hal_cortex.o
                0x08007e90                HAL_SYSTICK_CLKSourceConfig
 .text.HAL_DMA_Start_IT
                0x08007ec8       0xc0 ./libraries/STM32F1xx_HAL_Driver/Src/stm32f1xx_hal_dma.o
                0x08007ec8                HAL_DMA_Start_IT
 .text.DMA_SetConfig
                0x08007f88       0x5c ./libraries/STM32F1xx_HAL_Driver/Src/stm32f1xx_hal_dma.o
 .text.HAL_GPIO_Init
                0x08007fe4      0x2b4 ./libraries/STM32F1xx_HAL_Driver/Src/stm32f1xx_hal_gpio.o
                0x08007fe4                HAL_GPIO_Init
 .text.HAL_GPIO_DeInit
                0x08008298      0x178 ./libraries/STM32F1xx_HAL_Driver/Src/stm32f1xx_hal_gpio.o
                0x08008298                HAL_GPIO_DeInit
 .text.HAL_GPIO_ReadPin
                0x08008410       0x30 ./libraries/STM32F1xx_HAL_Driver/Src/stm32f1xx_hal_gpio.o
                0x08008410                HAL_GPIO_ReadPin
 .text.HAL_GPIO_WritePin
                0x08008440       0x30 ./libraries/STM32F1xx_HAL_Driver/Src/stm32f1xx_hal_gpio.o
                0x08008440                HAL_GPIO_WritePin
 .text.HAL_GPIO_EXTI_IRQHandler
                0x08008470       0x30 ./libraries/STM32F1xx_HAL_Driver/Src/stm32f1xx_hal_gpio.o
                0x08008470                HAL_GPIO_EXTI_IRQHandler
 .text.HAL_RCC_OscConfig
                0x080084a0      0x4fc ./libraries/STM32F1xx_HAL_Driver/Src/stm32f1xx_hal_rcc.o
                0x080084a0                HAL_RCC_OscConfig
 .text.HAL_RCC_ClockConfig
                0x0800899c      0x1d4 ./libraries/STM32F1xx_HAL_Driver/Src/stm32f1xx_hal_rcc.o
                0x0800899c                HAL_RCC_ClockConfig
 .text.HAL_RCC_GetSysClockFreq
                0x08008b70       0xc8 ./libraries/STM32F1xx_HAL_Driver/Src/stm32f1xx_hal_rcc.o
                0x08008b70                HAL_RCC_GetSysClockFreq
 .text.HAL_RCC_GetHCLKFreq
                0x08008c38       0x14 ./libraries/STM32F1xx_HAL_Driver/Src/stm32f1xx_hal_rcc.o
                0x08008c38                HAL_RCC_GetHCLKFreq
 .text.HAL_RCC_GetPCLK1Freq
                0x08008c4c       0x28 ./libraries/STM32F1xx_HAL_Driver/Src/stm32f1xx_hal_rcc.o
                0x08008c4c                HAL_RCC_GetPCLK1Freq
 .text.HAL_RCC_GetPCLK2Freq
                0x08008c74       0x28 ./libraries/STM32F1xx_HAL_Driver/Src/stm32f1xx_hal_rcc.o
                0x08008c74                HAL_RCC_GetPCLK2Freq
 .text.RCC_Delay
                0x08008c9c       0x3c ./libraries/STM32F1xx_HAL_Driver/Src/stm32f1xx_hal_rcc.o
 .text.HAL_UART_Init
                0x08008cd8       0x9c ./libraries/STM32F1xx_HAL_Driver/Src/stm32f1xx_hal_uart.o
                0x08008cd8                HAL_UART_Init
 .text.HAL_UART_MspInit
                0x08008d74       0x14 ./libraries/STM32F1xx_HAL_Driver/Src/stm32f1xx_hal_uart.o
                0x08008d74                HAL_UART_MspInit
 .text.HAL_UART_Transmit_DMA
                0x08008d88       0xd8 ./libraries/STM32F1xx_HAL_Driver/Src/stm32f1xx_hal_uart.o
                0x08008d88                HAL_UART_Transmit_DMA
 .text.HAL_UART_TxCpltCallback
                0x08008e60       0x14 ./libraries/STM32F1xx_HAL_Driver/Src/stm32f1xx_hal_uart.o
                0x08008e60                HAL_UART_TxCpltCallback
 .text.HAL_UART_TxHalfCpltCallback
                0x08008e74       0x14 ./libraries/STM32F1xx_HAL_Driver/Src/stm32f1xx_hal_uart.o
                0x08008e74                HAL_UART_TxHalfCpltCallback
 .text.HAL_UART_ErrorCallback
                0x08008e88       0x14 ./libraries/STM32F1xx_HAL_Driver/Src/stm32f1xx_hal_uart.o
                0x08008e88                HAL_UART_ErrorCallback
 .text.UART_DMATransmitCplt
                0x08008e9c       0x54 ./libraries/STM32F1xx_HAL_Driver/Src/stm32f1xx_hal_uart.o
 .text.UART_DMATxHalfCplt
                0x08008ef0       0x1c ./libraries/STM32F1xx_HAL_Driver/Src/stm32f1xx_hal_uart.o
 .text.UART_DMAError
                0x08008f0c       0x94 ./libraries/STM32F1xx_HAL_Driver/Src/stm32f1xx_hal_uart.o
 .text.UART_EndTxTransfer
                0x08008fa0       0x2c ./libraries/STM32F1xx_HAL_Driver/Src/stm32f1xx_hal_uart.o
 .text.UART_EndRxTransfer
                0x08008fcc       0x3c ./libraries/STM32F1xx_HAL_Driver/Src/stm32f1xx_hal_uart.o
 .text.UART_SetConfig
                0x08009008      0x1b4 ./libraries/STM32F1xx_HAL_Driver/Src/stm32f1xx_hal_uart.o
 .text.Reset_Handler
                0x080091bc       0x44 ./libraries/CMSIS/Device/ST/STM32F1xx/Source/Templates/gcc/startup_stm32f103xb.o
                0x080091bc                Reset_Handler
 .text.Default_Handler
                0x08009200        0x2 ./libraries/CMSIS/Device/ST/STM32F1xx/Source/Templates/gcc/startup_stm32f103xb.o
                0x08009200                RTC_Alarm_IRQHandler
                0x08009200                DebugMon_Handler
                0x08009200                TIM1_CC_IRQHandler
                0x08009200                PVD_IRQHandler
                0x08009200                NMI_Handler
                0x08009200                I2C2_EV_IRQHandler
                0x08009200                UsageFault_Handler
                0x08009200                ADC1_2_IRQHandler
                0x08009200                SPI1_IRQHandler
                0x08009200                TAMPER_IRQHandler
                0x08009200                DMA1_Channel4_IRQHandler
                0x08009200                USART3_IRQHandler
                0x08009200                RTC_IRQHandler
                0x08009200                DMA1_Channel7_IRQHandler
                0x08009200                CAN1_RX1_IRQHandler
                0x08009200                TIM4_IRQHandler
                0x08009200                I2C1_EV_IRQHandler
                0x08009200                DMA1_Channel6_IRQHandler
                0x08009200                TIM3_IRQHandler
                0x08009200                RCC_IRQHandler
                0x08009200                TIM1_TRG_COM_IRQHandler
                0x08009200                DMA1_Channel1_IRQHandler
                0x08009200                Default_Handler
                0x08009200                SPI2_IRQHandler
                0x08009200                MemManage_Handler
                0x08009200                SVC_Handler
                0x08009200                DMA1_Channel5_IRQHandler
                0x08009200                USB_LP_CAN1_RX0_IRQHandler
                0x08009200                USB_HP_CAN1_TX_IRQHandler
                0x08009200                DMA1_Channel3_IRQHandler
                0x08009200                TIM1_UP_IRQHandler
                0x08009200                WWDG_IRQHandler
                0x08009200                TIM2_IRQHandler
                0x08009200                TIM1_BRK_IRQHandler
                0x08009200                USART2_IRQHandler
                0x08009200                I2C2_ER_IRQHandler
                0x08009200                DMA1_Channel2_IRQHandler
                0x08009200                CAN1_SCE_IRQHandler
                0x08009200                FLASH_IRQHandler
                0x08009200                BusFault_Handler
                0x08009200                I2C1_ER_IRQHandler
                0x08009200                USBWakeUp_IRQHandler
 *fill*         0x08009202        0x2 00000000
 .text.SystemInit
                0x08009204       0x68 ./libraries/CMSIS/Device/ST/STM32F1xx/Source/Templates/system_stm32f1xx.o
                0x08009204                SystemInit
 .text.rt_hw_board_init
                0x0800926c       0x34 ./drivers/board.o
                0x0800926c                rt_hw_board_init
 .text.system_clock_config
                0x080092a0       0x94 ./drivers/drv_clk.o
                0x080092a0                system_clock_config
 .text.clock_information
                0x08009334       0x10 ./drivers/drv_clk.o
                0x08009334                clock_information
 .text.clk_init
                0x08009344       0x1c ./drivers/drv_clk.o
                0x08009344                clk_init
 .text.rt_hw_systick_init
                0x08009360       0x34 ./drivers/drv_common.o
                0x08009360                rt_hw_systick_init
 .text.SysTick_Handler
                0x08009394       0x18 ./drivers/drv_common.o
                0x08009394                SysTick_Handler
 .text.HAL_GetTick
                0x080093ac       0x24 ./drivers/drv_common.o
                0x080093ac                HAL_GetTick
 .text.HAL_InitTick
                0x080093d0       0x14 ./drivers/drv_common.o
                0x080093d0                HAL_InitTick
 .text._Error_Handler
                0x080093e4        0xc ./drivers/drv_common.o
                0x080093e4                _Error_Handler
 .text.hw_board_init
                0x080093f0       0x44 ./drivers/drv_common.o
                0x080093f0                hw_board_init
 .text.get_pin  0x08009434       0x44 ./drivers/drv_gpio.o
 .text.stm32_pin_write
                0x08009478       0x3c ./drivers/drv_gpio.o
 .text.stm32_pin_read
                0x080094b4       0x44 ./drivers/drv_gpio.o
 .text.stm32_pin_mode
                0x080094f8       0x98 ./drivers/drv_gpio.o
 .text.bit2bitno
                0x08009590       0x3c ./drivers/drv_gpio.o
 .text.get_pin_irq_map
                0x080095cc       0x34 ./drivers/drv_gpio.o
 .text.stm32_pin_attach_irq
                0x08009600      0x148 ./drivers/drv_gpio.o
 .text.stm32_pin_dettach_irq
                0x08009748       0xd0 ./drivers/drv_gpio.o
 .text.stm32_pin_irq_enable
                0x08009818      0x1e0 ./drivers/drv_gpio.o
 .text.pin_irq_hdr
                0x080099f8       0x54 ./drivers/drv_gpio.o
 .text.HAL_GPIO_EXTI_Callback
                0x08009a4c       0x24 ./drivers/drv_gpio.o
                0x08009a4c                HAL_GPIO_EXTI_Callback
 .text.EXTI0_IRQHandler
                0x08009a70       0x18 ./drivers/drv_gpio.o
                0x08009a70                EXTI0_IRQHandler
 .text.EXTI1_IRQHandler
                0x08009a88       0x18 ./drivers/drv_gpio.o
                0x08009a88                EXTI1_IRQHandler
 .text.EXTI2_IRQHandler
                0x08009aa0       0x18 ./drivers/drv_gpio.o
                0x08009aa0                EXTI2_IRQHandler
 .text.EXTI3_IRQHandler
                0x08009ab8       0x18 ./drivers/drv_gpio.o
                0x08009ab8                EXTI3_IRQHandler
 .text.EXTI4_IRQHandler
                0x08009ad0       0x18 ./drivers/drv_gpio.o
                0x08009ad0                EXTI4_IRQHandler
 .text.EXTI9_5_IRQHandler
                0x08009ae8       0x34 ./drivers/drv_gpio.o
                0x08009ae8                EXTI9_5_IRQHandler
 .text.EXTI15_10_IRQHandler
                0x08009b1c       0x40 ./drivers/drv_gpio.o
                0x08009b1c                EXTI15_10_IRQHandler
 .text.rt_hw_pin_init
                0x08009b5c       0xa0 ./drivers/drv_gpio.o
                0x08009b5c                rt_hw_pin_init
 .text.__NVIC_EnableIRQ
                0x08009bfc       0x38 ./drivers/drv_usart.o
 .text.__NVIC_DisableIRQ
                0x08009c34       0x44 ./drivers/drv_usart.o
 .text.stm32_uart_clk_enable
                0x08009c78       0x48 ./drivers/drv_usart.o
 .text.stm32_gpio_clk_enable
                0x08009cc0      0x118 ./drivers/drv_usart.o
 .text.up_char  0x08009dd8       0x30 ./drivers/drv_usart.o
 .text.get_pin_by_name
                0x08009e08       0x58 ./drivers/drv_usart.o
 .text.stm32_get_pin
                0x08009e60       0x38 ./drivers/drv_usart.o
 .text.stm32_gpio_configure
                0x08009e98      0x274 ./drivers/drv_usart.o
 .text.stm32_configure
                0x0800a10c      0x12c ./drivers/drv_usart.o
 .text.stm32_control
                0x0800a238       0x80 ./drivers/drv_usart.o
 .text.stm32_putc
                0x0800a2b8       0x58 ./drivers/drv_usart.o
 .text.stm32_getc
                0x0800a310       0x50 ./drivers/drv_usart.o
 .text.stm32_dma_transmit
                0x0800a360       0x64 ./drivers/drv_usart.o
 .text.uart_isr
                0x0800a3c4      0x160 ./drivers/drv_usart.o
 .text.USART1_IRQHandler
                0x0800a524       0x1c ./drivers/drv_usart.o
                0x0800a524                USART1_IRQHandler
 .text.stm32_uart_get_dma_config
                0x0800a540       0x18 ./drivers/drv_usart.o
 .text.rt_hw_usart_init
                0x0800a558       0xf8 ./drivers/drv_usart.o
                0x0800a558                rt_hw_usart_init
 .text.OLED_I2C_Init
                0x0800a650       0x28 ./applications/OLED.o
                0x0800a650                OLED_I2C_Init
 .text.OLED_I2C_Start
                0x0800a678       0x28 ./applications/OLED.o
                0x0800a678                OLED_I2C_Start
 .text.OLED_I2C_Stop
                0x0800a6a0       0x20 ./applications/OLED.o
                0x0800a6a0                OLED_I2C_Stop
 .text.OLED_I2C_SendByte
                0x0800a6c0       0x64 ./applications/OLED.o
                0x0800a6c0                OLED_I2C_SendByte
 .text.OLED_WriteCommand
                0x0800a724       0x30 ./applications/OLED.o
                0x0800a724                OLED_WriteCommand
 .text.OLED_WriteData
                0x0800a754       0x30 ./applications/OLED.o
                0x0800a754                OLED_WriteData
 .text.OLED_SetCursor
                0x0800a784       0x48 ./applications/OLED.o
                0x0800a784                OLED_SetCursor
 .text.OLED_Clear
                0x0800a7cc       0x44 ./applications/OLED.o
                0x0800a7cc                OLED_Clear
 .text.OLED_ShowChar
                0x0800a810       0xb0 ./applications/OLED.o
                0x0800a810                OLED_ShowChar
 .text.OLED_ShowString
                0x0800a8c0       0x48 ./applications/OLED.o
                0x0800a8c0                OLED_ShowString
 .text.OLED_Init
                0x0800a908       0xa0 ./applications/OLED.o
                0x0800a908                OLED_Init
 .text.Key_Init
                0x0800a9a8       0x18 ./applications/key.o
                0x0800a9a8                Key_Init
 .text.Key_Entry
                0x0800a9c0       0x2c ./applications/key.o
                0x0800a9c0                Key_Entry
 .text.LED_Init
                0x0800a9ec       0x2c ./applications/led.o
                0x0800a9ec                LED_Init
 .text.LED1_OFF
                0x0800aa18       0x10 ./applications/led.o
                0x0800aa18                LED1_OFF
 .text.LED2_OFF
                0x0800aa28       0x10 ./applications/led.o
                0x0800aa28                LED2_OFF
 .text.LED3_OFF
                0x0800aa38       0x10 ./applications/led.o
                0x0800aa38                LED3_OFF
 .text.thread1_entry
                0x0800aa48       0xb0 ./applications/main.o
                0x0800aa48                thread1_entry
 .text.thread2_entry
                0x0800aaf8       0x5c ./applications/main.o
                0x0800aaf8                thread2_entry
 .text.main     0x0800ab54       0xb4 ./applications/main.o
                0x0800ab54                main
 .text.atoi     0x0800ac08        0x8 d:/rt-threadstudio/repo/extract/toolchain_support_packages/arm/gnu_tools_for_arm_embedded_processors/5.4.1/bin/../lib/gcc/arm-none-eabi/5.4.1/../../../../arm-none-eabi/lib/armv7-m\libc.a(lib_a-atoi.o)
                0x0800ac08                atoi
 .text.__get_current_locale
                0x0800ac10       0x18 d:/rt-threadstudio/repo/extract/toolchain_support_packages/arm/gnu_tools_for_arm_embedded_processors/5.4.1/bin/../lib/gcc/arm-none-eabi/5.4.1/../../../../arm-none-eabi/lib/armv7-m\libc.a(lib_a-locale.o)
 .text.__locale_ctype_ptr_l
                0x0800ac28        0x8 d:/rt-threadstudio/repo/extract/toolchain_support_packages/arm/gnu_tools_for_arm_embedded_processors/5.4.1/bin/../lib/gcc/arm-none-eabi/5.4.1/../../../../arm-none-eabi/lib/armv7-m\libc.a(lib_a-locale.o)
                0x0800ac28                __locale_ctype_ptr_l
 .text.__locale_ctype_ptr
                0x0800ac30       0x14 d:/rt-threadstudio/repo/extract/toolchain_support_packages/arm/gnu_tools_for_arm_embedded_processors/5.4.1/bin/../lib/gcc/arm-none-eabi/5.4.1/../../../../arm-none-eabi/lib/armv7-m\libc.a(lib_a-locale.o)
                0x0800ac30                __locale_ctype_ptr
 .text.malloc   0x0800ac44       0x10 d:/rt-threadstudio/repo/extract/toolchain_support_packages/arm/gnu_tools_for_arm_embedded_processors/5.4.1/bin/../lib/gcc/arm-none-eabi/5.4.1/../../../../arm-none-eabi/lib/armv7-m\libc.a(lib_a-malloc.o)
                0x0800ac44                malloc
 .text.__ascii_mbtowc
                0x0800ac54       0x2c d:/rt-threadstudio/repo/extract/toolchain_support_packages/arm/gnu_tools_for_arm_embedded_processors/5.4.1/bin/../lib/gcc/arm-none-eabi/5.4.1/../../../../arm-none-eabi/lib/armv7-m\libc.a(lib_a-mbtowc_r.o)
                0x0800ac54                __ascii_mbtowc
 .text.memcmp   0x0800ac80       0x64 d:/rt-threadstudio/repo/extract/toolchain_support_packages/arm/gnu_tools_for_arm_embedded_processors/5.4.1/bin/../lib/gcc/arm-none-eabi/5.4.1/../../../../arm-none-eabi/lib/armv7-m\libc.a(lib_a-memcmp.o)
                0x0800ac80                memcmp
 .text.memset   0x0800ace4       0x9c d:/rt-threadstudio/repo/extract/toolchain_support_packages/arm/gnu_tools_for_arm_embedded_processors/5.4.1/bin/../lib/gcc/arm-none-eabi/5.4.1/../../../../arm-none-eabi/lib/armv7-m\libc.a(lib_a-memset.o)
                0x0800ace4                memset
 .text.strlen   0x0800ad80       0x5c d:/rt-threadstudio/repo/extract/toolchain_support_packages/arm/gnu_tools_for_arm_embedded_processors/5.4.1/bin/../lib/gcc/arm-none-eabi/5.4.1/../../../../arm-none-eabi/lib/armv7-m\libc.a(lib_a-strlen-stub.o)
                0x0800ad80                strlen
 .text.strncat  0x0800addc       0x5c d:/rt-threadstudio/repo/extract/toolchain_support_packages/arm/gnu_tools_for_arm_embedded_processors/5.4.1/bin/../lib/gcc/arm-none-eabi/5.4.1/../../../../arm-none-eabi/lib/armv7-m\libc.a(lib_a-strncat.o)
                0x0800addc                strncat
 .text.strncmp  0x0800ae38       0x9c d:/rt-threadstudio/repo/extract/toolchain_support_packages/arm/gnu_tools_for_arm_embedded_processors/5.4.1/bin/../lib/gcc/arm-none-eabi/5.4.1/../../../../arm-none-eabi/lib/armv7-m\libc.a(lib_a-strncmp.o)
                0x0800ae38                strncmp
 .text.strncpy  0x0800aed4       0x68 d:/rt-threadstudio/repo/extract/toolchain_support_packages/arm/gnu_tools_for_arm_embedded_processors/5.4.1/bin/../lib/gcc/arm-none-eabi/5.4.1/../../../../arm-none-eabi/lib/armv7-m\libc.a(lib_a-strncpy.o)
                0x0800aed4                strncpy
 .text._strtol_l.isra.0
                0x0800af3c      0x138 d:/rt-threadstudio/repo/extract/toolchain_support_packages/arm/gnu_tools_for_arm_embedded_processors/5.4.1/bin/../lib/gcc/arm-none-eabi/5.4.1/../../../../arm-none-eabi/lib/armv7-m\libc.a(lib_a-strtol.o)
 .text.strtol   0x0800b074       0x2c d:/rt-threadstudio/repo/extract/toolchain_support_packages/arm/gnu_tools_for_arm_embedded_processors/5.4.1/bin/../lib/gcc/arm-none-eabi/5.4.1/../../../../arm-none-eabi/lib/armv7-m\libc.a(lib_a-strtol.o)
                0x0800b074                strtol
 .text.__ascii_wctomb
                0x0800b0a0       0x1c d:/rt-threadstudio/repo/extract/toolchain_support_packages/arm/gnu_tools_for_arm_embedded_processors/5.4.1/bin/../lib/gcc/arm-none-eabi/5.4.1/../../../../arm-none-eabi/lib/armv7-m\libc.a(lib_a-wctomb_r.o)
                0x0800b0a0                __ascii_wctomb
 .text.startup.register_fini
                0x0800b0bc       0x14 d:/rt-threadstudio/repo/extract/toolchain_support_packages/arm/gnu_tools_for_arm_embedded_processors/5.4.1/bin/../lib/gcc/arm-none-eabi/5.4.1/../../../../arm-none-eabi/lib/armv7-m\libc.a(lib_a-__call_atexit.o)
 .text.atexit   0x0800b0d0        0xc d:/rt-threadstudio/repo/extract/toolchain_support_packages/arm/gnu_tools_for_arm_embedded_processors/5.4.1/bin/../lib/gcc/arm-none-eabi/5.4.1/../../../../arm-none-eabi/lib/armv7-m\libc.a(lib_a-atexit.o)
                0x0800b0d0                atexit
 .text.__libc_fini_array
                0x0800b0dc       0x28 d:/rt-threadstudio/repo/extract/toolchain_support_packages/arm/gnu_tools_for_arm_embedded_processors/5.4.1/bin/../lib/gcc/arm-none-eabi/5.4.1/../../../../arm-none-eabi/lib/armv7-m\libc.a(lib_a-fini.o)
                0x0800b0dc                __libc_fini_array
 .text.__register_exitproc
                0x0800b104       0xa4 d:/rt-threadstudio/repo/extract/toolchain_support_packages/arm/gnu_tools_for_arm_embedded_processors/5.4.1/bin/../lib/gcc/arm-none-eabi/5.4.1/../../../../arm-none-eabi/lib/armv7-m\libc.a(lib_a-__atexit.o)
                0x0800b104                __register_exitproc
 *(.rodata)
 .rodata        0x0800b1a8       0x17 ./rt-thread/src/components.o
 *fill*         0x0800b1bf        0x1 00000000
 .rodata        0x0800b1c0       0xf4 ./rt-thread/src/device.o
 .rodata        0x0800b2b4        0x8 ./rt-thread/src/idle.o
 .rodata        0x0800b2bc      0x4de ./rt-thread/src/ipc.o
 *fill*         0x0800b79a        0x2 00000000
 .rodata        0x0800b79c      0x1cf ./rt-thread/src/kservice.o
 *fill*         0x0800b96b        0x1 00000000
 .rodata        0x0800b96c      0x41b ./rt-thread/src/mem.o
 *fill*         0x0800bd87        0x1 00000000
 .rodata        0x0800bd88       0x91 ./rt-thread/src/object.o
 *fill*         0x0800be19        0x3 00000000
 .rodata        0x0800be1c       0x65 ./rt-thread/src/scheduler.o
 *fill*         0x0800be81        0x3 00000000
 .rodata        0x0800be84      0x19f ./rt-thread/src/thread.o
 *fill*         0x0800c023        0x1 00000000
 .rodata        0x0800c024      0x10e ./rt-thread/src/timer.o
 *fill*         0x0800c132        0x2 00000000
 .rodata        0x0800c134      0x2be ./rt-thread/libcpu/arm/cortex-m3/cpuport.o
 *fill*         0x0800c3f2        0x2 00000000
 .rodata        0x0800c3f4      0x7df ./rt-thread/components/finsh/cmd.o
 *fill*         0x0800cbd3        0x1 00000000
 .rodata        0x0800cbd4       0xb8 ./rt-thread/components/finsh/msh.o
 .rodata        0x0800cc8c       0x91 ./rt-thread/components/finsh/shell.o
 *fill*         0x0800cd1d        0x3 00000000
 .rodata        0x0800cd20       0xd7 ./rt-thread/components/drivers/serial/serial.o
 *fill*         0x0800cdf7        0x1 00000000
 .rodata        0x0800cdf8      0x2aa ./rt-thread/components/drivers/misc/pin.o
 *fill*         0x0800d0a2        0x2 00000000
 .rodata        0x0800d0a4       0xd7 ./rt-thread/components/drivers/ipc/completion.o
 *fill*         0x0800d17b        0x1 00000000
 .rodata        0x0800d17c       0x12 ./libraries/STM32F1xx_HAL_Driver/Src/stm32f1xx_hal_rcc.o
 *fill*         0x0800d18e        0x2 00000000
 .rodata        0x0800d190        0xa ./drivers/board.o
 *fill*         0x0800d19a        0x2 00000000
 .rodata        0x0800d19c       0x15 ./drivers/drv_clk.o
 *fill*         0x0800d1b1        0x3 00000000
 .rodata        0x0800d1b4        0x4 ./drivers/drv_gpio.o
 .rodata        0x0800d1b8      0x104 ./drivers/drv_usart.o
 .rodata        0x0800d2bc       0x81 ./applications/main.o
 *(.rodata*)
 *fill*         0x0800d33d        0x3 00000000
 .rodata.__FUNCTION__.5504
                0x0800d340       0x14 ./rt-thread/src/components.o
 .rodata.__FUNCTION__.5413
                0x0800d354        0xf ./rt-thread/src/device.o
 *fill*         0x0800d363        0x1 00000000
 .rodata.__FUNCTION__.5418
                0x0800d364       0x10 ./rt-thread/src/device.o
 .rodata.__FUNCTION__.5425
                0x0800d374        0xf ./rt-thread/src/device.o
 *fill*         0x0800d383        0x1 00000000
 .rodata.__FUNCTION__.5432
                0x0800d384       0x10 ./rt-thread/src/device.o
 .rodata.__FUNCTION__.5445
                0x0800d394       0x1a ./rt-thread/src/device.o
 *fill*         0x0800d3ae        0x2 00000000
 .rodata.__FUNCTION__.5497
                0x0800d3b0        0xc ./rt-thread/src/ipc.o
 .rodata.__FUNCTION__.5521
                0x0800d3bc        0xc ./rt-thread/src/ipc.o
 .rodata.__FUNCTION__.5478
                0x0800d3c8       0x12 ./rt-thread/src/ipc.o
 *fill*         0x0800d3da        0x2 00000000
 .rodata.__FUNCTION__.5533
                0x0800d3dc        0xf ./rt-thread/src/ipc.o
 *fill*         0x0800d3eb        0x1 00000000
 .rodata.__FUNCTION__.5547
                0x0800d3ec        0xe ./rt-thread/src/ipc.o
 *fill*         0x0800d3fa        0x2 00000000
 .rodata.__FUNCTION__.5571
                0x0800d3fc        0xe ./rt-thread/src/ipc.o
 *fill*         0x0800d40a        0x2 00000000
 .rodata.__FUNCTION__.5583
                0x0800d40c       0x11 ./rt-thread/src/ipc.o
 *fill*         0x0800d41d        0x3 00000000
 .rodata.large_digits.5584
                0x0800d420       0x11 ./rt-thread/src/kservice.o
 *fill*         0x0800d431        0x3 00000000
 .rodata.small_digits.5583
                0x0800d434       0x11 ./rt-thread/src/kservice.o
 *fill*         0x0800d445        0x3 00000000
 .rodata.__FUNCTION__.5734
                0x0800d448       0x14 ./rt-thread/src/kservice.o
 .rodata.__FUNCTION__.5721
                0x0800d45c        0xd ./rt-thread/src/kservice.o
 *fill*         0x0800d469        0x3 00000000
 .rodata.__FUNCTION__.5471
                0x0800d46c        0xb ./rt-thread/src/mem.o
 *fill*         0x0800d477        0x1 00000000
 .rodata.__FUNCTION__.5496
                0x0800d478        0xe ./rt-thread/src/mem.o
 *fill*         0x0800d486        0x2 00000000
 .rodata.__FUNCTION__.5521
                0x0800d488        0xd ./rt-thread/src/mem.o
 *fill*         0x0800d495        0x3 00000000
 .rodata.__FUNCTION__.5536
                0x0800d498        0xf ./rt-thread/src/object.o
 *fill*         0x0800d4a7        0x1 00000000
 .rodata.__FUNCTION__.5545
                0x0800d4a8       0x11 ./rt-thread/src/object.o
 *fill*         0x0800d4b9        0x3 00000000
 .rodata.__FUNCTION__.5554
                0x0800d4bc       0x13 ./rt-thread/src/object.o
 *fill*         0x0800d4cf        0x1 00000000
 .rodata.__FUNCTION__.5559
                0x0800d4d0       0x11 ./rt-thread/src/object.o
 *fill*         0x0800d4e1        0x3 00000000
 .rodata.__FUNCTION__.5563
                0x0800d4e4       0x1a ./rt-thread/src/object.o
 *fill*         0x0800d4fe        0x2 00000000
 .rodata.__FUNCTION__.5567
                0x0800d500       0x13 ./rt-thread/src/object.o
 *fill*         0x0800d513        0x1 00000000
 .rodata.__FUNCTION__.5576
                0x0800d514        0xf ./rt-thread/src/object.o
 *fill*         0x0800d523        0x1 00000000
 .rodata.__FUNCTION__.5478
                0x0800d524       0x17 ./rt-thread/src/scheduler.o
 *fill*         0x0800d53b        0x1 00000000
 .rodata.__FUNCTION__.5516
                0x0800d53c       0x1a ./rt-thread/src/scheduler.o
 *fill*         0x0800d556        0x2 00000000
 .rodata.__FUNCTION__.5522
                0x0800d558       0x1a ./rt-thread/src/scheduler.o
 *fill*         0x0800d572        0x2 00000000
 .rodata.__FUNCTION__.5483
                0x0800d574       0x10 ./rt-thread/src/thread.o
 .rodata.__FUNCTION__.5495
                0x0800d584        0xd ./rt-thread/src/thread.o
 *fill*         0x0800d591        0x3 00000000
 .rodata.__FUNCTION__.5507
                0x0800d594        0xf ./rt-thread/src/thread.o
 *fill*         0x0800d5a3        0x1 00000000
 .rodata.__FUNCTION__.5516
                0x0800d5a4       0x12 ./rt-thread/src/thread.o
 *fill*         0x0800d5b6        0x2 00000000
 .rodata.__FUNCTION__.5521
                0x0800d5b8       0x11 ./rt-thread/src/thread.o
 *fill*         0x0800d5c9        0x3 00000000
 .rodata.__FUNCTION__.5537
                0x0800d5cc       0x11 ./rt-thread/src/thread.o
 *fill*         0x0800d5dd        0x3 00000000
 .rodata.__FUNCTION__.5548
                0x0800d5e0       0x10 ./rt-thread/src/thread.o
 .rodata.__FUNCTION__.5571
                0x0800d5f0       0x12 ./rt-thread/src/thread.o
 *fill*         0x0800d602        0x2 00000000
 .rodata.__FUNCTION__.5583
                0x0800d604       0x12 ./rt-thread/src/thread.o
 *fill*         0x0800d616        0x2 00000000
 .rodata.__FUNCTION__.5588
                0x0800d618       0x11 ./rt-thread/src/thread.o
 *fill*         0x0800d629        0x3 00000000
 .rodata.__FUNCTION__.5510
                0x0800d62c        0xe ./rt-thread/src/timer.o
 *fill*         0x0800d63a        0x2 00000000
 .rodata.__FUNCTION__.5515
                0x0800d63c       0x10 ./rt-thread/src/timer.o
 .rodata.__FUNCTION__.5541
                0x0800d64c        0xf ./rt-thread/src/timer.o
 *fill*         0x0800d65b        0x1 00000000
 .rodata.__FUNCTION__.5558
                0x0800d65c        0xe ./rt-thread/src/timer.o
 *fill*         0x0800d66a        0x2 00000000
 .rodata.__FUNCTION__.5565
                0x0800d66c       0x11 ./rt-thread/src/timer.o
 *fill*         0x0800d67d        0x3 00000000
 .rodata.name   0x0800d680      0x1b9 ./rt-thread/components/finsh/cmd.o
                0x0800d680                __fsym_clear_name
                0x0800d688                __fsym_clear_desc
                0x0800d6a4                __fsym_version_name
                0x0800d6ac                __fsym_version_desc
                0x0800d6d0                __fsym_list_thread_name
                0x0800d6dc                __fsym_list_thread_desc
                0x0800d6e8                __fsym_list_sem_name
                0x0800d6f4                __fsym_list_sem_desc
                0x0800d710                __fsym_list_event_name
                0x0800d71c                __fsym_list_event_desc
                0x0800d734                __fsym_list_mutex_name
                0x0800d740                __fsym_list_mutex_desc
                0x0800d758                __fsym_list_mailbox_name
                0x0800d768                __fsym_list_mailbox_desc
                0x0800d780                __fsym_list_msgqueue_name
                0x0800d790                __fsym_list_msgqueue_desc
                0x0800d7b0                __fsym_list_mempool_name
                0x0800d7c0                __fsym_list_mempool_desc
                0x0800d7dc                __fsym_list_timer_name
                0x0800d7e8                __fsym_list_timer_desc
                0x0800d800                __fsym_list_device_name
                0x0800d80c                __fsym_list_device_desc
                0x0800d824                __fsym_list_name
                0x0800d82c                __fsym_list_desc
 *fill*         0x0800d839        0x3 00000000
 .rodata.device_type_str
                0x0800d83c       0x78 ./rt-thread/components/finsh/cmd.o
 .rodata.name   0x0800d8b4       0x6d ./rt-thread/components/finsh/msh.o
                0x0800d8b4                __fsym_help_name
                0x0800d8bc                __fsym_help_desc
                0x0800d8d4                __fsym_ps_name
                0x0800d8d8                __fsym_ps_desc
                0x0800d8f4                __fsym_free_name
                0x0800d8fc                __fsym_free_desc
 *fill*         0x0800d921        0x3 00000000
 .rodata.__FUNCTION__.5506
                0x0800d924        0xe ./rt-thread/components/finsh/msh.o
 *fill*         0x0800d932        0x2 00000000
 .rodata.__FUNCTION__.6079
                0x0800d934       0x16 ./rt-thread/components/finsh/shell.o
 *fill*         0x0800d94a        0x2 00000000
 .rodata.__FUNCTION__.6085
                0x0800d94c        0xe ./rt-thread/components/finsh/shell.o
 *fill*         0x0800d95a        0x2 00000000
 .rodata.__FUNCTION__.6093
                0x0800d95c        0xd ./rt-thread/components/finsh/shell.o
 *fill*         0x0800d969        0x3 00000000
 .rodata.__FUNCTION__.6098
                0x0800d96c       0x11 ./rt-thread/components/finsh/shell.o
 *fill*         0x0800d97d        0x3 00000000
 .rodata.__FUNCTION__.5910
                0x0800d980        0xf ./rt-thread/components/drivers/serial/serial.o
 *fill*         0x0800d98f        0x1 00000000
 .rodata.__FUNCTION__.5917
                0x0800d990        0xf ./rt-thread/components/drivers/serial/serial.o
 *fill*         0x0800d99f        0x1 00000000
 .rodata.__FUNCTION__.5924
                0x0800d9a0       0x10 ./rt-thread/components/drivers/serial/serial.o
 .rodata.__FUNCTION__.5934
                0x0800d9b0        0xf ./rt-thread/components/drivers/serial/serial.o
 *fill*         0x0800d9bf        0x1 00000000
 .rodata.__FUNCTION__.5884
                0x0800d9c0        0xf ./rt-thread/components/drivers/serial/serial.o
 *fill*         0x0800d9cf        0x1 00000000
 .rodata.__FUNCTION__.5863
                0x0800d9d0       0x10 ./rt-thread/components/drivers/serial/serial.o
 .rodata.__FUNCTION__.5942
                0x0800d9e0       0x10 ./rt-thread/components/drivers/serial/serial.o
 .rodata.__FUNCTION__.5897
                0x0800d9f0        0xf ./rt-thread/components/drivers/serial/serial.o
 *fill*         0x0800d9ff        0x1 00000000
 .rodata.__FUNCTION__.5873
                0x0800da00       0x10 ./rt-thread/components/drivers/serial/serial.o
 .rodata.__FUNCTION__.5950
                0x0800da10       0x12 ./rt-thread/components/drivers/serial/serial.o
 *fill*         0x0800da22        0x2 00000000
 .rodata.__FUNCTION__.5965
                0x0800da24       0x16 ./rt-thread/components/drivers/serial/serial.o
 *fill*         0x0800da3a        0x2 00000000
 .rodata.__FUNCTION__.5974
                0x0800da3c       0x11 ./rt-thread/components/drivers/serial/serial.o
 *fill*         0x0800da4d        0x3 00000000
 .rodata.name   0x0800da50       0x11 ./rt-thread/components/drivers/misc/pin.o
                0x0800da50                __fsym_pin_name
                0x0800da54                __fsym_pin_desc
 *fill*         0x0800da61        0x3 00000000
 .rodata.__FUNCTION__.5458
                0x0800da64        0xa ./rt-thread/components/drivers/misc/pin.o
 *fill*         0x0800da6e        0x2 00000000
 .rodata.__FUNCTION__.5467
                0x0800da70        0xb ./rt-thread/components/drivers/misc/pin.o
 *fill*         0x0800da7b        0x1 00000000
 .rodata.__FUNCTION__.5475
                0x0800da7c        0xd ./rt-thread/components/drivers/misc/pin.o
 *fill*         0x0800da89        0x3 00000000
 .rodata.__FUNCTION__.5502
                0x0800da8c        0xc ./rt-thread/components/drivers/misc/pin.o
 .rodata.__FUNCTION__.5507
                0x0800da98        0xd ./rt-thread/components/drivers/misc/pin.o
 *fill*         0x0800daa5        0x3 00000000
 .rodata.__FUNCTION__.5511
                0x0800daa8        0xc ./rt-thread/components/drivers/misc/pin.o
 .rodata.__FUNCTION__.5515
                0x0800dab4        0xb ./rt-thread/components/drivers/misc/pin.o
 *fill*         0x0800dabf        0x1 00000000
 .rodata.__FUNCTION__.5860
                0x0800dac0       0x13 ./rt-thread/components/drivers/ipc/completion.o
 *fill*         0x0800dad3        0x1 00000000
 .rodata.__FUNCTION__.5868
                0x0800dad4       0x13 ./rt-thread/components/drivers/ipc/completion.o
 *fill*         0x0800dae7        0x1 00000000
 .rodata.__FUNCTION__.5877
                0x0800dae8       0x13 ./rt-thread/components/drivers/ipc/completion.o
 *fill*         0x0800dafb        0x1 00000000
 .rodata.AHBPrescTable
                0x0800dafc       0x10 ./libraries/CMSIS/Device/ST/STM32F1xx/Source/Templates/system_stm32f1xx.o
                0x0800dafc                AHBPrescTable
 .rodata.APBPrescTable
                0x0800db0c        0x8 ./libraries/CMSIS/Device/ST/STM32F1xx/Source/Templates/system_stm32f1xx.o
                0x0800db0c                APBPrescTable
 .rodata.pins   0x0800db14      0x3c0 ./drivers/drv_gpio.o
 .rodata.pin_irq_map
                0x0800ded4       0x40 ./drivers/drv_gpio.o
 .rodata._stm32_pin_ops
                0x0800df14       0x1c ./drivers/drv_gpio.o
 .rodata.stm32_uart_ops
                0x0800df30       0x14 ./drivers/drv_usart.o
 .rodata.__FUNCTION__.7484
                0x0800df44       0x16 ./drivers/drv_usart.o
 *fill*         0x0800df5a        0x2 00000000
 .rodata.uart_remaps.7529
                0x0800df5c       0x38 ./drivers/drv_usart.o
 .rodata.__FUNCTION__.7533
                0x0800df94       0x15 ./drivers/drv_usart.o
 *fill*         0x0800dfa9        0x3 00000000
 .rodata.__FUNCTION__.7551
                0x0800dfac       0x10 ./drivers/drv_usart.o
 .rodata.__FUNCTION__.7571
                0x0800dfbc        0xe ./drivers/drv_usart.o
 *fill*         0x0800dfca        0x2 00000000
 .rodata.__FUNCTION__.7580
                0x0800dfcc        0xb ./drivers/drv_usart.o
 *fill*         0x0800dfd7        0x1 00000000
 .rodata.__FUNCTION__.7589
                0x0800dfd8        0xb ./drivers/drv_usart.o
 *fill*         0x0800dfe3        0x1 00000000
 .rodata.__FUNCTION__.7597
                0x0800dfe4       0x13 ./drivers/drv_usart.o
 *fill*         0x0800dff7        0x1 00000000
 .rodata.__FUNCTION__.7603
                0x0800dff8        0x9 ./drivers/drv_usart.o
 *fill*         0x0800e001        0x3 00000000
 .rodata.__FUNCTION__.7621
                0x0800e004       0x11 ./drivers/drv_usart.o
 *fill*         0x0800e015        0x3 00000000
 .rodata.OLED_F8x16
                0x0800e018      0x5f0 ./applications/OLED.o
                0x0800e018                OLED_F8x16
 .rodata._global_impure_ptr
                0x0800e608        0x4 d:/rt-threadstudio/repo/extract/toolchain_support_packages/arm/gnu_tools_for_arm_embedded_processors/5.4.1/bin/../lib/gcc/arm-none-eabi/5.4.1/../../../../arm-none-eabi/lib/armv7-m\libc.a(lib_a-impure.o)
                0x0800e608                _global_impure_ptr
 .rodata.str1.4
                0x0800e60c       0x14 d:/rt-threadstudio/repo/extract/toolchain_support_packages/arm/gnu_tools_for_arm_embedded_processors/5.4.1/bin/../lib/gcc/arm-none-eabi/5.4.1/../../../../arm-none-eabi/lib/armv7-m\libc.a(lib_a-locale.o)
                                 0x12 (size before relaxing)
 .rodata._ctype_
                0x0800e620      0x101 d:/rt-threadstudio/repo/extract/toolchain_support_packages/arm/gnu_tools_for_arm_embedded_processors/5.4.1/bin/../lib/gcc/arm-none-eabi/5.4.1/../../../../arm-none-eabi/lib/armv7-m\libc.a(lib_a-ctype_.o)
                0x0800e620                _ctype_
 *(.glue_7)
 .glue_7        0x0800e721        0x0 linker stubs
 *(.glue_7t)
 .glue_7t       0x0800e721        0x0 linker stubs
 *(.gnu.linkonce.t*)
                0x0800e724                . = ALIGN (0x4)
 *fill*         0x0800e721        0x3 00000000
                0x0800e724                __fsymtab_start = .
 *(FSymTab)
 FSymTab        0x0800e724       0x90 ./rt-thread/components/finsh/cmd.o
                0x0800e724                __fsym_clear
                0x0800e730                __fsym_version
                0x0800e73c                __fsym_list_thread
                0x0800e748                __fsym_list_sem
                0x0800e754                __fsym_list_event
                0x0800e760                __fsym_list_mutex
                0x0800e76c                __fsym_list_mailbox
                0x0800e778                __fsym_list_msgqueue
                0x0800e784                __fsym_list_mempool
                0x0800e790                __fsym_list_timer
                0x0800e79c                __fsym_list_device
                0x0800e7a8                __fsym_list
 FSymTab        0x0800e7b4       0x24 ./rt-thread/components/finsh/msh.o
                0x0800e7b4                __fsym_help
                0x0800e7c0                __fsym_ps
                0x0800e7cc                __fsym_free
 FSymTab        0x0800e7d8        0xc ./rt-thread/components/drivers/misc/pin.o
                0x0800e7d8                __fsym_pin
                0x0800e7e4                __fsymtab_end = .
                0x0800e7e4                . = ALIGN (0x4)
                0x0800e7e4                __vsymtab_start = .
 *(VSymTab)
                0x0800e7e4                __vsymtab_end = .
                0x0800e7e4                . = ALIGN (0x4)
                0x0800e7e4                __rt_utest_tc_tab_start = .
 *(UtestTcTab)
                0x0800e7e4                __rt_utest_tc_tab_end = .
                0x0800e7e4                . = ALIGN (0x4)
                0x0800e7e4                __rtatcmdtab_start = .
 *(RtAtCmdTab)
                0x0800e7e4                __rtatcmdtab_end = .
                0x0800e7e4                . = ALIGN (0x4)
                0x0800e7e4                . = ALIGN (0x4)
                0x0800e7e4                __rt_init_start = .
 *(SORT(.rti_fn*))
 .rti_fn.0      0x0800e7e4        0x4 ./rt-thread/src/components.o
                0x0800e7e4                __rt_init_rti_start
 .rti_fn.0.end  0x0800e7e8        0x4 ./rt-thread/src/components.o
                0x0800e7e8                __rt_init_rti_board_start
 .rti_fn.1      0x0800e7ec        0x4 ./drivers/drv_clk.o
                0x0800e7ec                __rt_init_clock_information
 .rti_fn.1.end  0x0800e7f0        0x4 ./rt-thread/src/components.o
                0x0800e7f0                __rt_init_rti_board_end
 .rti_fn.6      0x0800e7f4        0x4 ./rt-thread/components/finsh/shell.o
                0x0800e7f4                __rt_init_finsh_system_init
 .rti_fn.6.end  0x0800e7f8        0x4 ./rt-thread/src/components.o
                0x0800e7f8                __rt_init_rti_end
                0x0800e7fc                __rt_init_end = .
                0x0800e7fc                . = ALIGN (0x4)
                [!provide]                PROVIDE (__ctors_start__, .)
 *(SORT(.init_array.*))
 .init_array.00000
                0x0800e7fc        0x4 d:/rt-threadstudio/repo/extract/toolchain_support_packages/arm/gnu_tools_for_arm_embedded_processors/5.4.1/bin/../lib/gcc/arm-none-eabi/5.4.1/../../../../arm-none-eabi/lib/armv7-m\libc.a(lib_a-__call_atexit.o)
 *(.init_array)
 .init_array    0x0800e800        0x4 d:/rt-threadstudio/repo/extract/toolchain_support_packages/arm/gnu_tools_for_arm_embedded_processors/5.4.1/bin/../lib/gcc/arm-none-eabi/5.4.1/armv7-m/crtbegin.o
                [!provide]                PROVIDE (__ctors_end__, .)
                0x0800e804                . = ALIGN (0x4)
                0x0800e804                _etext = .
                0x0800e804                __exidx_start = .

.vfp11_veneer   0x0800e804        0x0
 .vfp11_veneer  0x0800e804        0x0 linker stubs

.v4_bx          0x0800e804        0x0
 .v4_bx         0x0800e804        0x0 linker stubs

.init           0x0800e804        0x4
 .init          0x0800e804        0x4 d:/rt-threadstudio/repo/extract/toolchain_support_packages/arm/gnu_tools_for_arm_embedded_processors/5.4.1/bin/../lib/gcc/arm-none-eabi/5.4.1/armv7-m/crti.o
                0x0800e804                _init

.fini           0x0800e808        0x4
 .fini          0x0800e808        0x4 d:/rt-threadstudio/repo/extract/toolchain_support_packages/arm/gnu_tools_for_arm_embedded_processors/5.4.1/bin/../lib/gcc/arm-none-eabi/5.4.1/armv7-m/crti.o
                0x0800e808                _fini

.iplt           0x0800e80c        0x0
 .iplt          0x0800e80c        0x0 d:/rt-threadstudio/repo/extract/toolchain_support_packages/arm/gnu_tools_for_arm_embedded_processors/5.4.1/bin/../lib/gcc/arm-none-eabi/5.4.1/armv7-m/crtbegin.o

.eh_frame       0x0800e80c        0x0
 .eh_frame      0x0800e80c        0x0 d:/rt-threadstudio/repo/extract/toolchain_support_packages/arm/gnu_tools_for_arm_embedded_processors/5.4.1/bin/../lib/gcc/arm-none-eabi/5.4.1/armv7-m/crtbegin.o

.rel.dyn        0x0800e80c        0x0
 .rel.iplt      0x0800e80c        0x0 d:/rt-threadstudio/repo/extract/toolchain_support_packages/arm/gnu_tools_for_arm_embedded_processors/5.4.1/bin/../lib/gcc/arm-none-eabi/5.4.1/armv7-m/crtbegin.o

.ARM.exidx      0x0800e80c        0x0
 *(.ARM.exidx* .gnu.linkonce.armexidx.*)
                0x0800e80c                _sidata = .
                0x0800e80c                __exidx_end = .

.data           0x20000000      0x758 load address 0x0800e80c
                0x20000000                . = ALIGN (0x4)
                0x20000000                _sdata = .
 *(.data)
 *(.data.*)
 .data._rt_thread_defunct
                0x20000000        0x8 ./rt-thread/src/idle.o
 .data.rt_errno_strs
                0x20000008       0x30 ./rt-thread/src/kservice.o
 .data._object_container
                0x20000038       0xa0 ./rt-thread/src/object.o
 .data._soft_timer_status
                0x200000d8        0x1 ./rt-thread/src/timer.o
 *fill*         0x200000d9        0x3 
 .data.uwTickPrio
                0x200000dc        0x4 ./libraries/STM32F1xx_HAL_Driver/Src/stm32f1xx_hal.o
                0x200000dc                uwTickPrio
 .data.uwTickFreq
                0x200000e0        0x1 ./libraries/STM32F1xx_HAL_Driver/Src/stm32f1xx_hal.o
                0x200000e0                uwTickFreq
 *fill*         0x200000e1        0x3 
 .data.SystemCoreClock
                0x200000e4        0x4 ./libraries/CMSIS/Device/ST/STM32F1xx/Source/Templates/system_stm32f1xx.o
                0x200000e4                SystemCoreClock
 .data.pin_irq_hdr_tab
                0x200000e8       0xc0 ./drivers/drv_gpio.o
 .data.uart_config
                0x200001a8       0x14 ./drivers/drv_usart.o
 *fill*         0x200001bc        0x4 
 .data.impure_data
                0x200001c0      0x428 d:/rt-threadstudio/repo/extract/toolchain_support_packages/arm/gnu_tools_for_arm_embedded_processors/5.4.1/bin/../lib/gcc/arm-none-eabi/5.4.1/../../../../arm-none-eabi/lib/armv7-m\libc.a(lib_a-impure.o)
 .data._impure_ptr
                0x200005e8        0x4 d:/rt-threadstudio/repo/extract/toolchain_support_packages/arm/gnu_tools_for_arm_embedded_processors/5.4.1/bin/../lib/gcc/arm-none-eabi/5.4.1/../../../../arm-none-eabi/lib/armv7-m\libc.a(lib_a-impure.o)
                0x200005e8                _impure_ptr
 .data.__global_locale
                0x200005ec      0x16c d:/rt-threadstudio/repo/extract/toolchain_support_packages/arm/gnu_tools_for_arm_embedded_processors/5.4.1/bin/../lib/gcc/arm-none-eabi/5.4.1/../../../../arm-none-eabi/lib/armv7-m\libc.a(lib_a-locale.o)
                0x200005ec                __global_locale
 *(.gnu.linkonce.d*)
                [!provide]                PROVIDE (__dtors_start__, .)
 *(SORT(.dtors.*))
 *(.dtors)
                [!provide]                PROVIDE (__dtors_end__, .)
                0x20000758                . = ALIGN (0x4)
                0x20000758                _edata = .

.jcr            0x20000758        0x0 load address 0x0800ef64
 .jcr           0x20000758        0x0 d:/rt-threadstudio/repo/extract/toolchain_support_packages/arm/gnu_tools_for_arm_embedded_processors/5.4.1/bin/../lib/gcc/arm-none-eabi/5.4.1/armv7-m/crtbegin.o

.igot.plt       0x20000758        0x0 load address 0x0800ef64
 .igot.plt      0x20000758        0x0 d:/rt-threadstudio/repo/extract/toolchain_support_packages/arm/gnu_tools_for_arm_embedded_processors/5.4.1/bin/../lib/gcc/arm-none-eabi/5.4.1/armv7-m/crtbegin.o

.stack          0x20000758      0x400 load address 0x0800ef64
                0x20000758                . = ALIGN (0x4)
                0x20000758                _sstack = .
                0x20000b58                . = (. + _system_stack_size)
 *fill*         0x20000758      0x400 
                0x20000b58                . = ALIGN (0x4)
                0x20000b58                _estack = .
                0x20000b58                __bss_start = .

.bss            0x20000b58      0x8f0 load address 0x0800f364
                0x20000b58                . = ALIGN (0x4)
                0x20000b58                _sbss = .
 *(.bss)
 .bss           0x20000b58       0x1c d:/rt-threadstudio/repo/extract/toolchain_support_packages/arm/gnu_tools_for_arm_embedded_processors/5.4.1/bin/../lib/gcc/arm-none-eabi/5.4.1/armv7-m/crtbegin.o
 *(.bss.*)
 .bss.rt_tick   0x20000b74        0x4 ./rt-thread/src/clock.o
 .bss.rt_tick_hook
                0x20000b78        0x4 ./rt-thread/src/clock.o
 .bss.idle      0x20000b7c       0x80 ./rt-thread/src/idle.o
 .bss.rt_thread_stack
                0x20000bfc      0x100 ./rt-thread/src/idle.o
 .bss.idle_hook_list
                0x20000cfc       0x10 ./rt-thread/src/idle.o
 .bss.rt_interrupt_enter_hook
                0x20000d0c        0x4 ./rt-thread/src/irq.o
 .bss.rt_interrupt_leave_hook
                0x20000d10        0x4 ./rt-thread/src/irq.o
 .bss.rt_interrupt_nest
                0x20000d14        0x1 ./rt-thread/src/irq.o
                0x20000d14                rt_interrupt_nest
 *fill*         0x20000d15        0x3 
 .bss.__rt_errno
                0x20000d18        0x4 ./rt-thread/src/kservice.o
 .bss._console_device
                0x20000d1c        0x4 ./rt-thread/src/kservice.o
 .bss.rt_malloc_hook
                0x20000d20        0x4 ./rt-thread/src/kservice.o
 .bss.rt_free_hook
                0x20000d24        0x4 ./rt-thread/src/kservice.o
 .bss._lock     0x20000d28       0x24 ./rt-thread/src/kservice.o
 .bss.system_heap
                0x20000d4c        0x4 ./rt-thread/src/kservice.o
 .bss.rt_log_buf.5696
                0x20000d50      0x100 ./rt-thread/src/kservice.o
 .bss.rt_object_attach_hook
                0x20000e50        0x4 ./rt-thread/src/object.o
 .bss.rt_object_detach_hook
                0x20000e54        0x4 ./rt-thread/src/object.o
 .bss.rt_scheduler_lock_nest
                0x20000e58        0x2 ./rt-thread/src/scheduler.o
 *fill*         0x20000e5a        0x2 
 .bss.rt_current_thread
                0x20000e5c        0x4 ./rt-thread/src/scheduler.o
                0x20000e5c                rt_current_thread
 .bss.rt_scheduler_hook
                0x20000e60        0x4 ./rt-thread/src/scheduler.o
 .bss.rt_scheduler_switch_hook
                0x20000e64        0x4 ./rt-thread/src/scheduler.o
 .bss.rt_thread_suspend_hook
                0x20000e68        0x4 ./rt-thread/src/thread.o
 .bss.rt_thread_resume_hook
                0x20000e6c        0x4 ./rt-thread/src/thread.o
 .bss.rt_thread_inited_hook
                0x20000e70        0x4 ./rt-thread/src/thread.o
 .bss._timer_list
                0x20000e74        0x8 ./rt-thread/src/timer.o
 .bss._soft_timer_list
                0x20000e7c        0x8 ./rt-thread/src/timer.o
 .bss._timer_thread
                0x20000e84       0x80 ./rt-thread/src/timer.o
 .bss._timer_thread_stack
                0x20000f04      0x200 ./rt-thread/src/timer.o
 .bss.rt_timer_enter_hook
                0x20001104        0x4 ./rt-thread/src/timer.o
 .bss.rt_timer_exit_hook
                0x20001108        0x4 ./rt-thread/src/timer.o
 .bss.random_nr.5540
                0x2000110c        0x4 ./rt-thread/src/timer.o
 .bss.rt_exception_hook
                0x20001110        0x4 ./rt-thread/libcpu/arm/cortex-m3/cpuport.o
 .bss._syscall_table_begin
                0x20001114        0x4 ./rt-thread/components/finsh/shell.o
                0x20001114                _syscall_table_begin
 .bss._syscall_table_end
                0x20001118        0x4 ./rt-thread/components/finsh/shell.o
                0x20001118                _syscall_table_end
 .bss.finsh_prompt_custom
                0x2000111c        0x4 ./rt-thread/components/finsh/shell.o
 .bss.finsh_prompt.6071
                0x20001120      0x101 ./rt-thread/components/finsh/shell.o
 *fill*         0x20001221        0x3 
 .bss.already_output.5904
                0x20001224        0x4 ./rt-thread/components/drivers/serial/serial.o
 .bss._hw_pin   0x20001228       0x44 ./rt-thread/components/drivers/misc/pin.o
 .bss.pin_irq_enable_mask
                0x2000126c        0x4 ./drivers/drv_gpio.o
 .bss.uart_obj  0x20001270       0x9c ./drivers/drv_usart.o
 .bss.mode      0x2000130c        0x1 ./applications/main.o
                0x2000130c                mode
 *(COMMON)
 *fill*         0x2000130d        0x3 
 COMMON         0x20001310        0x4 ./rt-thread/src/kservice.o
                0x20001310                rt_assert_hook
 COMMON         0x20001314        0xc ./rt-thread/src/object.o
                0x20001314                rt_object_put_hook
                0x20001318                rt_object_take_hook
                0x2000131c                rt_object_trytake_hook
 COMMON         0x20001320      0x108 ./rt-thread/src/scheduler.o
                0x20001320                rt_thread_priority_table
                0x20001420                rt_current_priority
                0x20001424                rt_thread_ready_priority_group
 COMMON         0x20001428        0xc ./rt-thread/libcpu/arm/cortex-m3/cpuport.o
                0x20001428                rt_interrupt_to_thread
                0x2000142c                rt_interrupt_from_thread
                0x20001430                rt_thread_switch_interrupt_flag
 COMMON         0x20001434        0x4 ./rt-thread/components/finsh/shell.o
                0x20001434                shell
 COMMON         0x20001438        0x4 ./libraries/STM32F1xx_HAL_Driver/Src/stm32f1xx_hal.o
                0x20001438                uwTick
 COMMON         0x2000143c        0xc ./applications/main.o
                0x2000143c                thread2
                0x20001440                thread3
                0x20001444                thread1
                0x20001448                . = ALIGN (0x4)
                0x20001448                _ebss = .
 *(.bss.init)
                0x20001448                __bss_end = .
                0x20001448                _end = .

.stab
 *(.stab)

.stabstr
 *(.stabstr)

.stab.excl
 *(.stab.excl)

.stab.exclstr
 *(.stab.exclstr)

.stab.index
 *(.stab.index)

.stab.indexstr
 *(.stab.indexstr)

.comment        0x00000000       0x6e
 *(.comment)
 .comment       0x00000000       0x6e ./rt-thread/src/clock.o
                                 0x6f (size before relaxing)
 .comment       0x0000006e       0x6f ./rt-thread/src/components.o
 .comment       0x0000006e       0x6f ./rt-thread/src/device.o
 .comment       0x0000006e       0x6f ./rt-thread/src/idle.o
 .comment       0x0000006e       0x6f ./rt-thread/src/ipc.o
 .comment       0x0000006e       0x6f ./rt-thread/src/irq.o
 .comment       0x0000006e       0x6f ./rt-thread/src/kservice.o
 .comment       0x0000006e       0x6f ./rt-thread/src/mem.o
 .comment       0x0000006e       0x6f ./rt-thread/src/object.o
 .comment       0x0000006e       0x6f ./rt-thread/src/scheduler.o
 .comment       0x0000006e       0x6f ./rt-thread/src/thread.o
 .comment       0x0000006e       0x6f ./rt-thread/src/timer.o
 .comment       0x0000006e       0x6f ./rt-thread/libcpu/arm/cortex-m3/cpuport.o
 .comment       0x0000006e       0x6f ./rt-thread/components/libc/compilers/newlib/syscalls.o
 .comment       0x0000006e       0x6f ./rt-thread/components/finsh/cmd.o
 .comment       0x0000006e       0x6f ./rt-thread/components/finsh/msh.o
 .comment       0x0000006e       0x6f ./rt-thread/components/finsh/msh_parse.o
 .comment       0x0000006e       0x6f ./rt-thread/components/finsh/shell.o
 .comment       0x0000006e       0x6f ./rt-thread/components/drivers/serial/serial.o
 .comment       0x0000006e       0x6f ./rt-thread/components/drivers/misc/pin.o
 .comment       0x0000006e       0x6f ./rt-thread/components/drivers/ipc/completion.o
 .comment       0x0000006e       0x6f ./libraries/STM32F1xx_HAL_Driver/Src/stm32f1xx_hal.o
 .comment       0x0000006e       0x6f ./libraries/STM32F1xx_HAL_Driver/Src/stm32f1xx_hal_cortex.o
 .comment       0x0000006e       0x6f ./libraries/STM32F1xx_HAL_Driver/Src/stm32f1xx_hal_dma.o
 .comment       0x0000006e       0x6f ./libraries/STM32F1xx_HAL_Driver/Src/stm32f1xx_hal_gpio.o
 .comment       0x0000006e       0x6f ./libraries/STM32F1xx_HAL_Driver/Src/stm32f1xx_hal_rcc.o
 .comment       0x0000006e       0x6f ./libraries/STM32F1xx_HAL_Driver/Src/stm32f1xx_hal_uart.o
 .comment       0x0000006e       0x6f ./libraries/CMSIS/Device/ST/STM32F1xx/Source/Templates/system_stm32f1xx.o
 .comment       0x0000006e       0x6f ./drivers/board.o
 .comment       0x0000006e       0x6f ./drivers/drv_clk.o
 .comment       0x0000006e       0x6f ./drivers/drv_common.o
 .comment       0x0000006e       0x6f ./drivers/drv_gpio.o
 .comment       0x0000006e       0x6f ./drivers/drv_usart.o
 .comment       0x0000006e       0x6f ./applications/OLED.o
 .comment       0x0000006e       0x6f ./applications/key.o
 .comment       0x0000006e       0x6f ./applications/led.o
 .comment       0x0000006e       0x6f ./applications/main.o

.ARM.attributes
                0x00000000       0x29
 .ARM.attributes
                0x00000000       0x1d d:/rt-threadstudio/repo/extract/toolchain_support_packages/arm/gnu_tools_for_arm_embedded_processors/5.4.1/bin/../lib/gcc/arm-none-eabi/5.4.1/armv7-m/crti.o
 .ARM.attributes