Archive member included to satisfy reference by file (symbol)

d:/rt-threadstudio/repo/extract/toolchain_support_packages/arm/gnu_tools_for_arm_embedded_processors/5.4.1/bin/../lib/gcc/arm-none-eabi/5.4.1/../../../../arm-none-eabi/lib/armv7-m\libc.a(lib_a-atoi.o)
                              ./rt-thread/components/drivers/misc/pin.o (atoi)
d:/rt-threadstudio/repo/extract/toolchain_support_packages/arm/gnu_tools_for_arm_embedded_processors/5.4.1/bin/../lib/gcc/arm-none-eabi/5.4.1/../../../../arm-none-eabi/lib/armv7-m\libc.a(lib_a-exit.o)
                              d:/rt-threadstudio/repo/extract/toolchain_support_packages/arm/gnu_tools_for_arm_embedded_processors/5.4.1/bin/../lib/gcc/arm-none-eabi/5.4.1/../../../../arm-none-eabi/lib/armv7-m/crt0.o (exit)
d:/rt-threadstudio/repo/extract/toolchain_support_packages/arm/gnu_tools_for_arm_embedded_processors/5.4.1/bin/../lib/gcc/arm-none-eabi/5.4.1/../../../../arm-none-eabi/lib/armv7-m\libc.a(lib_a-impure.o)
                              d:/rt-threadstudio/repo/extract/toolchain_support_packages/arm/gnu_tools_for_arm_embedded_processors/5.4.1/bin/../lib/gcc/arm-none-eabi/5.4.1/../../../../arm-none-eabi/lib/armv7-m\libc.a(lib_a-exit.o) (_global_impure_ptr)
d:/rt-threadstudio/repo/extract/toolchain_support_packages/arm/gnu_tools_for_arm_embedded_processors/5.4.1/bin/../lib/gcc/arm-none-eabi/5.4.1/../../../../arm-none-eabi/lib/armv7-m\libc.a(lib_a-locale.o)
                              ./rt-thread/components/libc/compilers/common/cstring.o (__locale_ctype_ptr)
d:/rt-threadstudio/repo/extract/toolchain_support_packages/arm/gnu_tools_for_arm_embedded_processors/5.4.1/bin/../lib/gcc/arm-none-eabi/5.4.1/../../../../arm-none-eabi/lib/armv7-m\libc.a(lib_a-malloc.o)
                              ./rt-thread/components/libc/compilers/common/cstring.o (malloc)
d:/rt-threadstudio/repo/extract/toolchain_support_packages/arm/gnu_tools_for_arm_embedded_processors/5.4.1/bin/../lib/gcc/arm-none-eabi/5.4.1/../../../../arm-none-eabi/lib/armv7-m\libc.a(lib_a-mbtowc_r.o)
                              d:/rt-threadstudio/repo/extract/toolchain_support_packages/arm/gnu_tools_for_arm_embedded_processors/5.4.1/bin/../lib/gcc/arm-none-eabi/5.4.1/../../../../arm-none-eabi/lib/armv7-m\libc.a(lib_a-locale.o) (__ascii_mbtowc)
d:/rt-threadstudio/repo/extract/toolchain_support_packages/arm/gnu_tools_for_arm_embedded_processors/5.4.1/bin/../lib/gcc/arm-none-eabi/5.4.1/../../../../arm-none-eabi/lib/armv7-m\libc.a(lib_a-memcmp.o)
                              ./rt-thread/components/finsh/shell.o (memcmp)
d:/rt-threadstudio/repo/extract/toolchain_support_packages/arm/gnu_tools_for_arm_embedded_processors/5.4.1/bin/../lib/gcc/arm-none-eabi/5.4.1/../../../../arm-none-eabi/lib/armv7-m\libc.a(lib_a-memset.o)
                              d:/rt-threadstudio/repo/extract/toolchain_support_packages/arm/gnu_tools_for_arm_embedded_processors/5.4.1/bin/../lib/gcc/arm-none-eabi/5.4.1/../../../../arm-none-eabi/lib/armv7-m/crt0.o (memset)
d:/rt-threadstudio/repo/extract/toolchain_support_packages/arm/gnu_tools_for_arm_embedded_processors/5.4.1/bin/../lib/gcc/arm-none-eabi/5.4.1/../../../../arm-none-eabi/lib/armv7-m\libc.a(lib_a-strchr.o)
                              ./rt-thread/components/libc/compilers/common/cstring.o (strchr)
d:/rt-threadstudio/repo/extract/toolchain_support_packages/arm/gnu_tools_for_arm_embedded_processors/5.4.1/bin/../lib/gcc/arm-none-eabi/5.4.1/../../../../arm-none-eabi/lib/armv7-m\libc.a(lib_a-strcmp.o)
                              ./rt-thread/components/finsh/cmd.o (strcmp)
d:/rt-threadstudio/repo/extract/toolchain_support_packages/arm/gnu_tools_for_arm_embedded_processors/5.4.1/bin/../lib/gcc/arm-none-eabi/5.4.1/../../../../arm-none-eabi/lib/armv7-m\libc.a(lib_a-strcpy.o)
                              ./rt-thread/components/libc/compilers/common/cstring.o (strcpy)
d:/rt-threadstudio/repo/extract/toolchain_support_packages/arm/gnu_tools_for_arm_embedded_processors/5.4.1/bin/../lib/gcc/arm-none-eabi/5.4.1/../../../../arm-none-eabi/lib/armv7-m\libc.a(lib_a-strlen-stub.o)
                              ./rt-thread/src/kservice.o (strlen)
d:/rt-threadstudio/repo/extract/toolchain_support_packages/arm/gnu_tools_for_arm_embedded_processors/5.4.1/bin/../lib/gcc/arm-none-eabi/5.4.1/../../../../arm-none-eabi/lib/armv7-m\libc.a(lib_a-strncat.o)
                              ./rt-thread/components/drivers/misc/pin.o (strncat)
d:/rt-threadstudio/repo/extract/toolchain_support_packages/arm/gnu_tools_for_arm_embedded_processors/5.4.1/bin/../lib/gcc/arm-none-eabi/5.4.1/../../../../arm-none-eabi/lib/armv7-m\libc.a(lib_a-strncmp.o)
                              ./rt-thread/src/object.o (strncmp)
d:/rt-threadstudio/repo/extract/toolchain_support_packages/arm/gnu_tools_for_arm_embedded_processors/5.4.1/bin/../lib/gcc/arm-none-eabi/5.4.1/../../../../arm-none-eabi/lib/armv7-m\libc.a(lib_a-strncpy.o)
                              ./rt-thread/src/object.o (strncpy)
[...]
Memory Configuration

Name             Origin             Length             Attributes
ROM              0x08000000         0x00010000         xr
RAM              0x20000000         0x00005000         rw
*default*        0x00000000         0xffffffff

Linker script and memory map

LOAD d:/rt-threadstudio/repo/extract/toolchain_support_packages/arm/gnu_tools_for_arm_embedded_processors/5.4.1/bin/../lib/gcc/arm-none-eabi/5.4.1/armv7-m/crti.o
LOAD d:/rt-threadstudio/repo/extract/toolchain_support_packages/arm/gnu_tools_for_arm_embedded_processors/5.4.1/bin/../lib/gcc/arm-none-eabi/5.4.1/armv7-m/crtbegin.o
LOAD d:/rt-threadstudio/repo/extract/toolchain_support_packages/arm/gnu_tools_for_arm_embedded_processors/5.4.1/bin/../lib/gcc/arm-none-eabi/5.4.1/../../../../arm-none-eabi/lib/armv7-m/crt0.o
LOAD ./rt-thread/src/clock.o
LOAD ./rt-thread/src/components.o
LOAD ./rt-thread/src/device.o
LOAD ./rt-thread/src/idle.o
LOAD ./rt-thread/src/ipc.o
LOAD ./rt-thread/src/irq.o
LOAD ./rt-thread/src/kservice.o
LOAD ./rt-thread/src/mem.o
LOAD ./rt-thread/src/mempool.o
LOAD ./rt-thread/src/object.o
LOAD ./rt-thread/src/scheduler.o
LOAD ./rt-thread/src/thread.o
LOAD ./rt-thread/src/timer.o
LOAD ./rt-thread/libcpu/arm/cortex-m3/context_gcc.o
LOAD ./rt-thread/libcpu/arm/cortex-m3/cpuport.o
LOAD ./rt-thread/libcpu/arm/common/backtrace.o
LOAD ./rt-thread/libcpu/arm/common/div0.o
LOAD ./rt-thread/libcpu/arm/common/showmem.o
LOAD ./rt-thread/components/libc/compilers/newlib/syscalls.o
LOAD ./rt-thread/components/libc/compilers/common/cctype.o
LOAD ./rt-thread/components/libc/compilers/common/cstdio.o
LOAD ./rt-thread/components/libc/compilers/common/cstdlib.o
LOAD ./rt-thread/components/libc/compilers/common/cstring.o
LOAD ./rt-thread/components/libc/compilers/common/ctime.o
LOAD ./rt-thread/components/libc/compilers/common/cwchar.o
LOAD ./rt-thread/components/finsh/cmd.o
LOAD ./rt-thread/components/finsh/msh.o
LOAD ./rt-thread/components/finsh/msh_parse.o
LOAD ./rt-thread/components/finsh/shell.o
LOAD ./rt-thread/components/drivers/serial/serial.o
LOAD ./rt-thread/components/drivers/misc/pin.o
LOAD ./rt-thread/components/drivers/ipc/completion.o
LOAD ./rt-thread/components/drivers/ipc/dataqueue.o
LOAD ./rt-thread/components/drivers/ipc/pipe.o
LOAD ./rt-thread/components/drivers/ipc/ringblk_buf.o
LOAD ./rt-thread/components/drivers/ipc/ringbuffer.o
LOAD ./rt-thread/components/drivers/ipc/waitqueue.o
LOAD ./rt-thread/components/drivers/ipc/workqueue.o
LOAD ./libraries/STM32F1xx_HAL_Driver/Src/Legacy/stm32f1xx_hal_can.o
LOAD ./libraries/STM32F1xx_HAL_Driver/Src/stm32f1xx_hal.o
LOAD ./libraries/STM32F1xx_HAL_Driver/Src/stm32f1xx_hal_adc.o
LOAD ./libraries/STM32F1xx_HAL_Driver/Src/stm32f1xx_hal_adc_ex.o
LOAD ./libraries/STM32F1xx_HAL_Driver/Src/stm32f1xx_hal_can.o
LOAD ./libraries/STM32F1xx_HAL_Driver/Src/stm32f1xx_hal_cec.o
LOAD ./libraries/STM32F1xx_HAL_Driver/Src/stm32f1xx_hal_cortex.o
LOAD ./libraries/STM32F1xx_HAL_Driver/Src/stm32f1xx_hal_crc.o
LOAD ./libraries/STM32F1xx_HAL_Driver/Src/stm32f1xx_hal_dac.o
LOAD ./libraries/STM32F1xx_HAL_Driver/Src/stm32f1xx_hal_dac_ex.o
LOAD ./libraries/STM32F1xx_HAL_Driver/Src/stm32f1xx_hal_dma.o
LOAD ./libraries/STM32F1xx_HAL_Driver/Src/stm32f1xx_hal_eth.o
LOAD ./libraries/STM32F1xx_HAL_Driver/Src/stm32f1xx_hal_exti.o
LOAD ./libraries/STM32F1xx_HAL_Driver/Src/stm32f1xx_hal_flash.o
LOAD ./libraries/STM32F1xx_HAL_Driver/Src/stm32f1xx_hal_flash_ex.o
LOAD ./libraries/STM32F1xx_HAL_Driver/Src/stm32f1xx_hal_gpio.o
LOAD ./libraries/STM32F1xx_HAL_Driver/Src/stm32f1xx_hal_gpio_ex.o
LOAD ./libraries/STM32F1xx_HAL_Driver/Src/stm32f1xx_hal_hcd.o
LOAD ./libraries/STM32F1xx_HAL_Driver/Src/stm32f1xx_hal_i2c.o
LOAD ./libraries/STM32F1xx_HAL_Driver/Src/stm32f1xx_hal_i2s.o
LOAD ./libraries/STM32F1xx_HAL_Driver/Src/stm32f1xx_hal_irda.o
LOAD ./libraries/STM32F1xx_HAL_Driver/Src/stm32f1xx_hal_iwdg.o
LOAD ./libraries/STM32F1xx_HAL_Driver/Src/stm32f1xx_hal_mmc.o
LOAD ./libraries/STM32F1xx_HAL_Driver/Src/stm32f1xx_hal_nand.o
LOAD ./libraries/STM32F1xx_HAL_Driver/Src/stm32f1xx_hal_nor.o
LOAD ./libraries/STM32F1xx_HAL_Driver/Src/stm32f1xx_hal_pccard.o
LOAD ./libraries/STM32F1xx_HAL_Driver/Src/stm32f1xx_hal_pcd.o
LOAD ./libraries/STM32F1xx_HAL_Driver/Src/stm32f1xx_hal_pcd_ex.o
LOAD ./libraries/STM32F1xx_HAL_Driver/Src/stm32f1xx_hal_pwr.o
LOAD ./libraries/STM32F1xx_HAL_Driver/Src/stm32f1xx_hal_rcc.o
LOAD ./libraries/STM32F1xx_HAL_Driver/Src/stm32f1xx_hal_rcc_ex.o
LOAD ./libraries/STM32F1xx_HAL_Driver/Src/stm32f1xx_hal_rtc.o
LOAD ./libraries/STM32F1xx_HAL_Driver/Src/stm32f1xx_hal_rtc_ex.o
LOAD ./libraries/STM32F1xx_HAL_Driver/Src/stm32f1xx_hal_sd.o
LOAD ./libraries/STM32F1xx_HAL_Driver/Src/stm32f1xx_hal_smartcard.o
LOAD ./libraries/STM32F1xx_HAL_Driver/Src/stm32f1xx_hal_spi.o
LOAD ./libraries/STM32F1xx_HAL_Driver/Src/stm32f1xx_hal_sram.o
LOAD ./libraries/STM32F1xx_HAL_Driver/Src/stm32f1xx_hal_tim.o
LOAD ./libraries/STM32F1xx_HAL_Driver/Src/stm32f1xx_hal_tim_ex.o
LOAD ./libraries/STM32F1xx_HAL_Driver/Src/stm32f1xx_hal_uart.o
LOAD ./libraries/STM32F1xx_HAL_Driver/Src/stm32f1xx_hal_usart.o
LOAD ./libraries/STM32F1xx_HAL_Driver/Src/stm32f1xx_hal_wwdg.o
LOAD ./libraries/STM32F1xx_HAL_Driver/Src/stm32f1xx_ll_usb.o
LOAD ./libraries/CMSIS/Device/ST/STM32F1xx/Source/Templates/gcc/startup_stm32f103xb.o
LOAD ./libraries/CMSIS/Device/ST/STM32F1xx/Source/Templates/system_stm32f1xx.o
LOAD ./drivers/board.o
LOAD ./drivers/drv_adc.o
LOAD ./drivers/drv_clk.o
LOAD ./drivers/drv_common.o
LOAD ./drivers/drv_eth.o
LOAD ./drivers/drv_flash_f1.o
LOAD ./drivers/drv_gpio.o
LOAD ./drivers/drv_hwtimer.o
LOAD ./drivers/drv_pwm.o
LOAD ./drivers/drv_qspi.o
LOAD ./drivers/drv_rtc.o
LOAD ./drivers/drv_sdio.o
LOAD ./drivers/drv_soft_i2c.o
LOAD ./drivers/drv_spi.o
LOAD ./drivers/drv_usart.o
LOAD ./drivers/drv_usbd.o
LOAD ./drivers/drv_usbh.o
LOAD ./drivers/drv_wdt.o
LOAD ./applications/OLED.o
LOAD ./applications/key.o
LOAD ./applications/led.o
LOAD ./applications/main.o
LOAD d:/rt-threadstudio/repo/extract/toolchain_support_packages/arm/gnu_tools_for_arm_embedded_processors/5.4.1/bin/../lib/gcc/arm-none-eabi/5.4.1/../../../../arm-none-eabi/lib/armv7-m\libc.a
LOAD d:/rt-threadstudio/repo/extract/toolchain_support_packages/arm/gnu_tools_for_arm_embedded_processors/5.4.1/bin/../lib/gcc/arm-none-eabi/5.4.1/../../../../arm-none-eabi/lib/armv7-m\libm.a
START GROUP
LOAD d:/rt-threadstudio/repo/extract/toolchain_support_packages/arm/gnu_tools_for_arm_embedded_processors/5.4.1/bin/../lib/gcc/arm-none-eabi/5.4.1/armv7-m\libgcc.a
LOAD d:/rt-threadstudio/repo/extract/toolchain_support_packages/arm/gnu_tools_for_arm_embedded_processors/5.4.1/bin/../lib/gcc/arm-none-eabi/5.4.1/../../../../arm-none-eabi/lib/armv7-m\libg.a
LOAD d:/rt-threadstudio/repo/extract/toolchain_support_packages/arm/gnu_tools_for_arm_embedded_processors/5.4.1/bin/../lib/gcc/arm-none-eabi/5.4.1/../../../../arm-none-eabi/lib/armv7-m\libc.a
END GROUP
LOAD d:/rt-threadstudio/repo/extract/toolchain_support_packages/arm/gnu_tools_for_arm_embedded_processors/5.4.1/bin/../lib/gcc/arm-none-eabi/5.4.1/armv7-m/crtend.o
LOAD d:/rt-threadstudio/repo/extract/toolchain_support_packages/arm/gnu_tools_for_arm_embedded_processors/5.4.1/bin/../lib/gcc/arm-none-eabi/5.4.1/armv7-m/crtn.o
                0x00000400                _system_stack_size = 0x400

.text           0x08000000     0xe944
                0x08000000                . = ALIGN (0x4)
                0x08000000                _stext = .
 *(.isr_vector)
 .isr_vector    0x08000000      0x10c ./libraries/CMSIS/Device/ST/STM32F1xx/Source/Templates/gcc/startup_stm32f103xb.o
                0x08000000                g_pfnVectors
                0x0800010c                . = ALIGN (0x4)
 *(.text)
 .text          0x0800010c       0x5c d:/rt-threadstudio/repo/extract/toolchain_support_packages/arm/gnu_tools_for_arm_embedded_processors/5.4.1/bin/../lib/gcc/arm-none-eabi/5.4.1/armv7-m/crtbegin.o
 .text          0x08000168      0x108 ./rt-thread/libcpu/arm/cortex-m3/context_gcc.o
                0x08000168                rt_hw_interrupt_disable
                0x08000170                rt_hw_interrupt_enable
                0x08000176                rt_hw_context_switch_interrupt
                0x08000176                rt_hw_context_switch
                0x08000196                PendSV_Handler
                0x080001d2                rt_hw_context_switch_to
                0x08000214                rt_hw_interrupt_thread_switch
                0x08000218                HardFault_Handler
                0x0800024e                rt_hw_interrupt_check
 .text          0x08000270      0x1bc d:/rt-threadstudio/repo/extract/toolchain_support_packages/arm/gnu_tools_for_arm_embedded_processors/5.4.1/bin/../lib/gcc/arm-none-eabi/5.4.1/../../../../arm-none-eabi/lib/armv7-m\libc.a(lib_a-strcmp.o)
                0x08000270                strcmp
 *(.text.*)
 .text.rt_tick_get
                0x0800042c       0x14 ./rt-thread/src/clock.o
                0x0800042c                rt_tick_get
 .text.rt_tick_increase
                0x08000440       0x7c ./rt-thread/src/clock.o
                0x08000440                rt_tick_increase
 .text.rt_tick_from_millisecond
                0x080004bc       0x78 ./rt-thread/src/clock.o
                0x080004bc                rt_tick_from_millisecond
 .text.rti_start
                0x08000534       0x10 ./rt-thread/src/components.o
 .text.rti_board_start
                0x08000544       0x10 ./rt-thread/src/components.o
 .text.rti_board_end
                0x08000554       0x10 ./rt-thread/src/components.o
 .text.rti_end  0x08000564       0x10 ./rt-thread/src/components.o
 .text.rt_components_board_init
                0x08000574       0x30 ./rt-thread/src/components.o
                0x08000574                rt_components_board_init
 .text.rt_components_init
                0x080005a4       0x30 ./rt-thread/src/components.o
                0x080005a4                rt_components_init
 .text.entry    0x080005d4       0x10 ./rt-thread/src/components.o
                0x080005d4                entry
 .text.main_thread_entry
                0x080005e4       0x18 ./rt-thread/src/components.o
                0x080005e4                main_thread_entry
 .text.rt_application_init
                0x080005fc       0x4c ./rt-thread/src/components.o
                0x080005fc                rt_application_init
 .text.rtthread_startup
                0x08000648       0x30 ./rt-thread/src/components.o
                0x08000648                rtthread_startup
 .text.rt_device_register
                0x08000678       0x54 ./rt-thread/src/device.o
                0x08000678                rt_device_register
 .text.rt_device_find
                0x080006cc       0x1c ./rt-thread/src/device.o
                0x080006cc                rt_device_find
 .text.rt_device_open
                0x080006e8      0x118 ./rt-thread/src/device.o
                0x080006e8                rt_device_open
 .text.rt_device_close
                0x08000800       0x9c ./rt-thread/src/device.o
                0x08000800                rt_device_close
 .text.rt_device_read
                0x0800089c       0x88 ./rt-thread/src/device.o
                0x0800089c                rt_device_read
 .text.rt_device_write
                0x08000924       0x88 ./rt-thread/src/device.o
                0x08000924                rt_device_write
 .text.rt_device_control
                0x080009ac       0x68 ./rt-thread/src/device.o
                0x080009ac                rt_device_control
 .text.rt_device_set_rx_indicate
                0x08000a14       0x54 ./rt-thread/src/device.o
                0x08000a14                rt_device_set_rx_indicate
 .text.rt_list_insert_after
                0x08000a68       0x30 ./rt-thread/src/idle.o
 .text.rt_list_remove
                0x08000a98       0x34 ./rt-thread/src/idle.o
 .text.rt_thread_defunct_enqueue
                0x08000acc       0x20 ./rt-thread/src/idle.o
                0x08000acc                rt_thread_defunct_enqueue
 .text.rt_thread_defunct_dequeue
                0x08000aec       0x44 ./rt-thread/src/idle.o
                0x08000aec                rt_thread_defunct_dequeue
 .text.rt_defunct_execute
                0x08000b30       0x5c ./rt-thread/src/idle.o
 .text.rt_thread_idle_entry
                0x08000b8c       0x38 ./rt-thread/src/idle.o
 .text.rt_thread_idle_init
                0x08000bc4       0x74 ./rt-thread/src/idle.o
                0x08000bc4                rt_thread_idle_init
 .text.rt_list_init
                0x08000c38       0x20 ./rt-thread/src/ipc.o
 .text.rt_list_insert_before
                0x08000c58       0x30 ./rt-thread/src/ipc.o
 .text.rt_list_isempty
                0x08000c88       0x24 ./rt-thread/src/ipc.o
 .text._ipc_object_init
                0x08000cac       0x1c ./rt-thread/src/ipc.o
 .text._ipc_list_suspend
                0x08000cc8       0xa4 ./rt-thread/src/ipc.o
 .text._ipc_list_resume
                0x08000d6c       0x20 ./rt-thread/src/ipc.o
 .text.rt_sem_init
                0x08000d8c       0x88 ./rt-thread/src/ipc.o
                0x08000d8c                rt_sem_init
 .text.rt_sem_create
                0x08000e14       0xac ./rt-thread/src/ipc.o
                0x08000e14                rt_sem_create
 .text.rt_sem_take
                0x08000ec0      0x190 ./rt-thread/src/ipc.o
                0x08000ec0                rt_sem_take
 .text.rt_sem_release
                0x08001050       0xc0 ./rt-thread/src/ipc.o
                0x08001050                rt_sem_release
 .text.rt_mutex_init
                0x08001110       0x64 ./rt-thread/src/ipc.o
                0x08001110                rt_mutex_init
 .text.rt_mutex_take
                0x08001174      0x21c ./rt-thread/src/ipc.o
                0x08001174                rt_mutex_take
 .text.rt_mutex_release
                0x08001390      0x1bc ./rt-thread/src/ipc.o
                0x08001390                rt_mutex_release
 .text.rt_interrupt_enter
                0x0800154c       0x40 ./rt-thread/src/irq.o
                0x0800154c                rt_interrupt_enter
 .text.rt_interrupt_leave
                0x0800158c       0x40 ./rt-thread/src/irq.o
                0x0800158c                rt_interrupt_leave
 .text.rt_interrupt_get_nest
                0x080015cc       0x28 ./rt-thread/src/irq.o
                0x080015cc                rt_interrupt_get_nest
 .text.rt_strerror
                0x080015f4       0x38 ./rt-thread/src/kservice.o
                0x080015f4                rt_strerror
 .text.rt_set_errno
                0x0800162c       0x40 ./rt-thread/src/kservice.o
                0x0800162c                rt_set_errno
 .text.rt_memset
                0x0800166c       0xb4 ./rt-thread/src/kservice.o
                0x0800166c                rt_memset
 .text.rt_memcpy
                0x08001720       0xd0 ./rt-thread/src/kservice.o
                0x08001720                rt_memcpy
 .text.rt_memmove
                0x080017f0       0x80 ./rt-thread/src/kservice.o
                0x080017f0                rt_memmove
 .text.rt_show_version
                0x08001870       0x4c ./rt-thread/src/kservice.o
                0x08001870                rt_show_version
 .text.divide   0x080018bc       0x68 ./rt-thread/src/kservice.o
 .text.skip_atoi
                0x08001924       0x44 ./rt-thread/src/kservice.o
 .text.print_number
                0x08001968      0x200 ./rt-thread/src/kservice.o
 .text.rt_vsnprintf
                0x08001b68      0x560 ./rt-thread/src/kservice.o
                0x08001b68                rt_vsnprintf
 .text.rt_vsprintf
                0x080020c8       0x24 ./rt-thread/src/kservice.o
                0x080020c8                rt_vsprintf
 .text.rt_sprintf
                0x080020ec       0x2c ./rt-thread/src/kservice.o
                0x080020ec                rt_sprintf
 .text.rt_console_get_device
                0x08002118       0x14 ./rt-thread/src/kservice.o
                0x08002118                rt_console_get_device
 .text.rt_console_set_device
                0x0800212c       0x58 ./rt-thread/src/kservice.o
                0x0800212c                rt_console_set_device
 .text.rt_hw_console_output
                0x08002184       0x14 ./rt-thread/src/kservice.o
                0x08002184                rt_hw_console_output
 .text.rt_kprintf
                0x08002198       0x60 ./rt-thread/src/kservice.o
                0x08002198                rt_kprintf
 .text._heap_lock_init
                0x080021f8       0x1c ./rt-thread/src/kservice.o
 .text._heap_lock
                0x08002214       0x28 ./rt-thread/src/kservice.o
 .text._heap_unlock
                0x0800223c       0x40 ./rt-thread/src/kservice.o
 .text._smem_info
                0x0800227c       0x4c ./rt-thread/src/kservice.o
 .text.rt_system_heap_init
                0x080022c8       0x64 ./rt-thread/src/kservice.o
                0x080022c8                rt_system_heap_init
 .text.rt_malloc
                0x0800232c       0x48 ./rt-thread/src/kservice.o
                0x0800232c                rt_malloc
 .text.rt_calloc
                0x08002374       0x3c ./rt-thread/src/kservice.o
                0x08002374                rt_calloc
 .text.rt_free  0x080023b0       0x40 ./rt-thread/src/kservice.o
                0x080023b0                rt_free
 .text.rt_memory_info
                0x080023f0       0x2c ./rt-thread/src/kservice.o
                0x080023f0                rt_memory_info
 .text.rt_assert_handler
                0x0800241c       0x4c ./rt-thread/src/kservice.o
                0x0800241c                rt_assert_handler
 .text.plug_holes
                0x08002468       0xf4 ./rt-thread/src/mem.o
 .text.rt_smem_init
                0x0800255c      0x104 ./rt-thread/src/mem.o
                0x0800255c                rt_smem_init
 .text.rt_smem_alloc
                0x08002660      0x26c ./rt-thread/src/mem.o
                0x08002660                rt_smem_alloc
 .text.rt_smem_free
                0x080028cc      0x140 ./rt-thread/src/mem.o
                0x080028cc                rt_smem_free
 .text.rt_list_insert_after
                0x08002a0c       0x30 ./rt-thread/src/object.o
 .text.rt_list_remove
                0x08002a3c       0x34 ./rt-thread/src/object.o
 .text.rt_object_get_information
                0x08002a70       0x48 ./rt-thread/src/object.o
                0x08002a70                rt_object_get_information
 .text.rt_object_init
                0x08002ab8       0xcc ./rt-thread/src/object.o
                0x08002ab8                rt_object_init
 .text.rt_object_detach
                0x08002b84       0x5c ./rt-thread/src/object.o
                0x08002b84                rt_object_detach
 .text.rt_object_allocate
                0x08002be0       0xd8 ./rt-thread/src/object.o
                0x08002be0                rt_object_allocate
 .text.rt_object_delete
                0x08002cb8       0x7c ./rt-thread/src/object.o
                0x08002cb8                rt_object_delete
 .text.rt_object_is_systemobject
                0x08002d34       0x3c ./rt-thread/src/object.o
                0x08002d34                rt_object_is_systemobject
 .text.rt_object_get_type
                0x08002d70       0x34 ./rt-thread/src/object.o
                0x08002d70                rt_object_get_type
 .text.rt_object_find
                0x08002da4       0xb4 ./rt-thread/src/object.o
                0x08002da4                rt_object_find
 .text.rt_list_init
                0x08002e58       0x20 ./rt-thread/src/scheduler.o
 .text.rt_list_insert_after
                0x08002e78       0x30 ./rt-thread/src/scheduler.o
 .text.rt_list_insert_before
                0x08002ea8       0x30 ./rt-thread/src/scheduler.o
 .text.rt_list_remove
                0x08002ed8       0x34 ./rt-thread/src/scheduler.o
 .text.rt_list_isempty
                0x08002f0c       0x24 ./rt-thread/src/scheduler.o
 .text._scheduler_stack_check
                0x08002f30       0x94 ./rt-thread/src/scheduler.o
 .text._scheduler_get_highest_priority_thread
                0x08002fc4       0x3c ./rt-thread/src/scheduler.o
 .text.rt_system_scheduler_init
                0x08003000       0x48 ./rt-thread/src/scheduler.o
                0x08003000                rt_system_scheduler_init
 .text.rt_system_scheduler_start
                0x08003048       0x3c ./rt-thread/src/scheduler.o
                0x08003048                rt_system_scheduler_start
 .text.rt_schedule
                0x08003084      0x19c ./rt-thread/src/scheduler.o
                0x08003084                rt_schedule
 .text.rt_schedule_insert_thread
                0x08003220       0xd4 ./rt-thread/src/scheduler.o
                0x08003220                rt_schedule_insert_thread
 .text.rt_schedule_remove_thread
                0x080032f4       0x70 ./rt-thread/src/scheduler.o
                0x080032f4                rt_schedule_remove_thread
 .text.rt_enter_critical
                0x08003364       0x30 ./rt-thread/src/scheduler.o
                0x08003364                rt_enter_critical
 .text.rt_exit_critical
                0x08003394       0x58 ./rt-thread/src/scheduler.o
                0x08003394                rt_exit_critical
 .text.rt_critical_level
                0x080033ec       0x18 ./rt-thread/src/scheduler.o
                0x080033ec                rt_critical_level
 .text.rt_list_init
                0x08003404       0x20 ./rt-thread/src/thread.o
 .text.rt_list_remove
                0x08003424       0x34 ./rt-thread/src/thread.o
 .text._thread_exit
                0x08003458       0x44 ./rt-thread/src/thread.o
 .text._thread_timeout
                0x0800349c       0x8c ./rt-thread/src/thread.o
 .text._thread_init
                0x08003528       0xfc ./rt-thread/src/thread.o
 .text.rt_thread_init
                0x08003624       0x70 ./rt-thread/src/thread.o
                0x08003624                rt_thread_init
 .text.rt_thread_self
                0x08003694       0x14 ./rt-thread/src/thread.o
                0x08003694                rt_thread_self
 .text.rt_thread_startup
                0x080036a8       0x94 ./rt-thread/src/thread.o
                0x080036a8                rt_thread_startup
 .text.rt_thread_detach
                0x0800373c       0xb0 ./rt-thread/src/thread.o
                0x0800373c                rt_thread_detach
 .text.rt_thread_create
                0x080037ec       0x64 ./rt-thread/src/thread.o
                0x080037ec                rt_thread_create
 .text.rt_thread_delete
                0x08003850       0xb0 ./rt-thread/src/thread.o
                0x08003850                rt_thread_delete
 .text.rt_thread_sleep
                0x08003900       0x94 ./rt-thread/src/thread.o
                0x08003900                rt_thread_sleep
 .text.rt_thread_delay
                0x08003994       0x18 ./rt-thread/src/thread.o
                0x08003994                rt_thread_delay
 .text.rt_thread_mdelay
                0x080039ac       0x20 ./rt-thread/src/thread.o
                0x080039ac                rt_thread_mdelay
 .text.rt_thread_control
                0x080039cc       0xf0 ./rt-thread/src/thread.o
                0x080039cc                rt_thread_control
 .text.rt_thread_suspend
                0x08003abc       0xd0 ./rt-thread/src/thread.o
                0x08003abc                rt_thread_suspend
 .text.rt_thread_resume
                0x08003b8c       0x98 ./rt-thread/src/thread.o
                0x08003b8c                rt_thread_resume
 .text.rt_list_init
                0x08003c24       0x20 ./rt-thread/src/timer.o
 .text.rt_list_insert_after
                0x08003c44       0x30 ./rt-thread/src/timer.o
 .text.rt_list_remove
                0x08003c74       0x34 ./rt-thread/src/timer.o
 .text.rt_list_isempty
                0x08003ca8       0x24 ./rt-thread/src/timer.o
 .text._timer_init
                0x08003ccc       0x68 ./rt-thread/src/timer.o
 .text._timer_list_next_timeout
                0x08003d34       0x48 ./rt-thread/src/timer.o
 .text._timer_remove
                0x08003d7c       0x34 ./rt-thread/src/timer.o
 .text.rt_timer_init
                0x08003db0       0x80 ./rt-thread/src/timer.o
                0x08003db0                rt_timer_init
 .text.rt_timer_detach
                0x08003e30       0x90 ./rt-thread/src/timer.o
                0x08003e30                rt_timer_detach
 .text.rt_timer_start
                0x08003ec0      0x230 ./rt-thread/src/timer.o
                0x08003ec0                rt_timer_start
 .text.rt_timer_stop
                0x080040f0       0x94 ./rt-thread/src/timer.o
                0x080040f0                rt_timer_stop
 .text.rt_timer_control
                0x08004184       0xfc ./rt-thread/src/timer.o
                0x08004184                rt_timer_control
 .text.rt_timer_check
                0x08004280      0x108 ./rt-thread/src/timer.o
                0x08004280                rt_timer_check
 .text.rt_soft_timer_check
                0x08004388      0x120 ./rt-thread/src/timer.o
                0x08004388                rt_soft_timer_check
 .text._timer_thread_entry
                0x080044a8       0x5c ./rt-thread/src/timer.o
 .text.rt_system_timer_init
                0x08004504       0x34 ./rt-thread/src/timer.o
                0x08004504                rt_system_timer_init
 .text.rt_system_timer_thread_init
                0x08004538       0x68 ./rt-thread/src/timer.o
                0x08004538                rt_system_timer_thread_init
 .text.rt_hw_stack_init
                0x080045a0       0x88 ./rt-thread/libcpu/arm/cortex-m3/cpuport.o
                0x080045a0                rt_hw_stack_init
 .text.usage_fault_track
                0x08004628       0xc4 ./rt-thread/libcpu/arm/cortex-m3/cpuport.o
 .text.bus_fault_track
                0x080046ec       0xcc ./rt-thread/libcpu/arm/cortex-m3/cpuport.o
 .text.mem_manage_fault_track
                0x080047b8       0xb4 ./rt-thread/libcpu/arm/cortex-m3/cpuport.o
 .text.hard_fault_track
                0x0800486c       0x78 ./rt-thread/libcpu/arm/cortex-m3/cpuport.o
 .text.rt_hw_hard_fault_exception
                0x080048e4      0x168 ./rt-thread/libcpu/arm/cortex-m3/cpuport.o
                0x080048e4                rt_hw_hard_fault_exception
 .text.__rt_ffs
                0x08004a4c       0x28 ./rt-thread/libcpu/arm/cortex-m3/cpuport.o
                0x08004a4c                __rt_ffs
 .text._malloc_r
                0x08004a74       0x28 ./rt-thread/components/libc/compilers/newlib/syscalls.o
                0x08004a74                _malloc_r
 .text.rt_list_isempty
                0x08004a9c       0x24 ./rt-thread/components/finsh/cmd.o
 .text.rt_list_len
                0x08004ac0       0x34 ./rt-thread/components/finsh/cmd.o
 .text.clear    0x08004af4       0x14 ./rt-thread/components/finsh/cmd.o
 .text.version  0x08004b08       0x10 ./rt-thread/components/finsh/cmd.o
                0x08004b08                version
 .text.object_split
                0x08004b18       0x28 ./rt-thread/components/finsh/cmd.o
 .text.list_find_init
                0x08004b40       0x48 ./rt-thread/components/finsh/cmd.o
 .text.list_get_next
                0x08004b88       0xc0 ./rt-thread/components/finsh/cmd.o
 .text.list_thread
                0x08004c48      0x210 ./rt-thread/components/finsh/cmd.o
                0x08004c48                list_thread
 .text.show_wait_queue
                0x08004e58       0x50 ./rt-thread/components/finsh/cmd.o
 .text.list_sem
                0x08004ea8      0x124 ./rt-thread/components/finsh/cmd.o
                0x08004ea8                list_sem
 .text.list_event
                0x08004fcc      0x114 ./rt-thread/components/finsh/cmd.o
                0x08004fcc                list_event
 .text.list_mutex
                0x080050e0       0xe4 ./rt-thread/components/finsh/cmd.o
                0x080050e0                list_mutex
 .text.list_mailbox
                0x080051c4      0x134 ./rt-thread/components/finsh/cmd.o
                0x080051c4                list_mailbox
 .text.list_msgqueue
                0x080052f8      0x124 ./rt-thread/components/finsh/cmd.o
                0x080052f8                list_msgqueue
 .text.list_mempool
                0x0800541c      0x140 ./rt-thread/components/finsh/cmd.o
                0x0800541c                list_mempool
 .text.list_timer
                0x0800555c      0x124 ./rt-thread/components/finsh/cmd.o
                0x0800555c                list_timer
 .text.list_device
                0x08005680       0xfc ./rt-thread/components/finsh/cmd.o
                0x08005680                list_device
 .text.cmd_list
                0x0800577c      0x19c ./rt-thread/components/finsh/cmd.o
                0x0800577c                cmd_list
 .text.msh_help
                0x08005918       0x5c ./rt-thread/components/finsh/msh.o
                0x08005918                msh_help
 .text.cmd_ps   0x08005974       0x18 ./rt-thread/components/finsh/msh.o
                0x08005974                cmd_ps
 .text.cmd_free
                0x0800598c       0x70 ./rt-thread/components/finsh/msh.o
                0x0800598c                cmd_free
 .text.msh_split
                0x080059fc      0x170 ./rt-thread/components/finsh/msh.o
 .text.msh_get_cmd
                0x08005b6c       0x64 ./rt-thread/components/finsh/msh.o
 .text._msh_exec_cmd
                0x08005bd0       0xd4 ./rt-thread/components/finsh/msh.o
 .text.msh_exec
                0x08005ca4       0x8c ./rt-thread/components/finsh/msh.o
                0x08005ca4                msh_exec
 .text.str_common
                0x08005d30       0x48 ./rt-thread/components/finsh/msh.o
 .text.msh_auto_complete
                0x08005d78       0xb4 ./rt-thread/components/finsh/msh.o
                0x08005d78                msh_auto_complete
 .text.msh_isint
                0x08005e2c       0x68 ./rt-thread/components/finsh/msh_parse.o
                0x08005e2c                msh_isint
 .text.finsh_get_prompt
                0x08005e94       0x7c ./rt-thread/components/finsh/shell.o
                0x08005e94                finsh_get_prompt
 .text.finsh_set_prompt_mode
                0x08005f10       0x48 ./rt-thread/components/finsh/shell.o
                0x08005f10                finsh_set_prompt_mode
 .text.finsh_getchar
                0x08005f58       0x90 ./rt-thread/components/finsh/shell.o
                0x08005f58                finsh_getchar
 .text.finsh_rx_ind
                0x08005fe8       0x3c ./rt-thread/components/finsh/shell.o
 .text.finsh_set_device
                0x08006024       0xd8 ./rt-thread/components/finsh/shell.o
                0x08006024                finsh_set_device
 .text.shell_auto_complete
                0x080060fc       0x34 ./rt-thread/components/finsh/shell.o
 .text.shell_handle_history
                0x08006130       0x34 ./rt-thread/components/finsh/shell.o
 .text.shell_push_history
                0x08006164      0x160 ./rt-thread/components/finsh/shell.o
 .text.finsh_thread_entry
                0x080062c4      0x5d0 ./rt-thread/components/finsh/shell.o
                0x080062c4                finsh_thread_entry
 .text.finsh_system_function_init
                0x08006894       0x28 ./rt-thread/components/finsh/shell.o
                0x08006894                finsh_system_function_init
 .text.finsh_system_init
                0x080068bc       0x9c ./rt-thread/components/finsh/shell.o
                0x080068bc                finsh_system_init
 .text._serial_poll_rx
                0x08006958       0x80 ./rt-thread/components/drivers/serial/serial.o
 .text._serial_poll_tx
                0x080069d8       0x7c ./rt-thread/components/drivers/serial/serial.o
 .text._serial_int_rx
                0x08006a54       0xd8 ./rt-thread/components/drivers/serial/serial.o
 .text._serial_int_tx
                0x08006b2c       0xc4 ./rt-thread/components/drivers/serial/serial.o
 .text._serial_check_buffer_size
                0x08006bf0       0x38 ./rt-thread/components/drivers/serial/serial.o
 .text.rt_serial_init
                0x08006c28       0x5c ./rt-thread/components/drivers/serial/serial.o
 .text.rt_serial_open
                0x08006c84      0x20c ./rt-thread/components/drivers/serial/serial.o
 .text.rt_serial_close
                0x08006e90       0xfc ./rt-thread/components/drivers/serial/serial.o
 .text.rt_serial_read
                0x08006f8c       0x68 ./rt-thread/components/drivers/serial/serial.o
 .text.rt_serial_write
                0x08006ff4       0x68 ./rt-thread/components/drivers/serial/serial.o
 .text.rt_serial_control
                0x0800705c       0xd0 ./rt-thread/components/drivers/serial/serial.o
 .text.rt_hw_serial_register
                0x0800712c       0x9c ./rt-thread/components/drivers/serial/serial.o
                0x0800712c                rt_hw_serial_register
 .text.rt_hw_serial_isr
                0x080071c8      0x14c ./rt-thread/components/drivers/serial/serial.o
                0x080071c8                rt_hw_serial_isr
 .text._pin_read
                0x08007314       0x60 ./rt-thread/components/drivers/misc/pin.o
 .text._pin_write
                0x08007374       0x5c ./rt-thread/components/drivers/misc/pin.o
 .text._pin_control
                0x080073d0       0x58 ./rt-thread/components/drivers/misc/pin.o
 .text.rt_device_pin_register
                0x08007428       0x74 ./rt-thread/components/drivers/misc/pin.o
                0x08007428                rt_device_pin_register
 .text.rt_pin_mode
                0x0800749c       0x40 ./rt-thread/components/drivers/misc/pin.o
                0x0800749c                rt_pin_mode
 .text.rt_pin_write
                0x080074dc       0x40 ./rt-thread/components/drivers/misc/pin.o
                0x080074dc                rt_pin_write
 .text.rt_pin_read
                0x0800751c       0x3c ./rt-thread/components/drivers/misc/pin.o
                0x0800751c                rt_pin_read
 .text.rt_pin_get
                0x08007558       0x60 ./rt-thread/components/drivers/misc/pin.o
                0x08007558                rt_pin_get
 .text._pin_cmd_conv
                0x080075b8       0xb4 ./rt-thread/components/drivers/misc/pin.o
 .text._pin_cmd_print_usage
                0x0800766c       0x58 ./rt-thread/components/drivers/misc/pin.o
 .text._pin_cmd_get
                0x080076c4       0x5c ./rt-thread/components/drivers/misc/pin.o
 .text._pin_cmd_mode
                0x08007720      0x10c ./rt-thread/components/drivers/misc/pin.o
 .text._pin_cmd_read
                0x0800782c       0x90 ./rt-thread/components/drivers/misc/pin.o
 .text._pin_cmd_write
                0x080078bc       0xe4 ./rt-thread/components/drivers/misc/pin.o
 .text._pin_cmd
                0x080079a0       0xac ./rt-thread/components/drivers/misc/pin.o
 .text.rt_list_init
                0x08007a4c       0x20 ./rt-thread/components/drivers/ipc/completion.o
 .text.rt_list_insert_before
                0x08007a6c       0x30 ./rt-thread/components/drivers/ipc/completion.o
 .text.rt_list_isempty
                0x08007a9c       0x24 ./rt-thread/components/drivers/ipc/completion.o
 .text.rt_completion_init
                0x08007ac0       0x44 ./rt-thread/components/drivers/ipc/completion.o
                0x08007ac0                rt_completion_init
 .text.rt_completion_wait
                0x08007b04      0x15c ./rt-thread/components/drivers/ipc/completion.o
                0x08007b04                rt_completion_wait
 .text.rt_completion_done
                0x08007c60       0x70 ./rt-thread/components/drivers/ipc/completion.o
                0x08007c60                rt_completion_done
 .text.HAL_Init
                0x08007cd0       0x2c ./libraries/STM32F1xx_HAL_Driver/Src/stm32f1xx_hal.o
                0x08007cd0                HAL_Init
 .text.HAL_MspInit
                0x08007cfc        0xc ./libraries/STM32F1xx_HAL_Driver/Src/stm32f1xx_hal.o
                0x08007cfc                HAL_MspInit
 .text.HAL_IncTick
                0x08007d08       0x24 ./libraries/STM32F1xx_HAL_Driver/Src/stm32f1xx_hal.o
                0x08007d08                HAL_IncTick
 .text.__NVIC_SetPriorityGrouping
                0x08007d2c       0x48 ./libraries/STM32F1xx_HAL_Driver/Src/stm32f1xx_hal_cortex.o
 .text.__NVIC_GetPriorityGrouping
                0x08007d74       0x1c ./libraries/STM32F1xx_HAL_Driver/Src/stm32f1xx_hal_cortex.o
 .text.__NVIC_EnableIRQ
                0x08007d90       0x38 ./libraries/STM32F1xx_HAL_Driver/Src/stm32f1xx_hal_cortex.o
 .text.__NVIC_DisableIRQ
                0x08007dc8       0x44 ./libraries/STM32F1xx_HAL_Driver/Src/stm32f1xx_hal_cortex.o
 .text.__NVIC_SetPriority
                0x08007e0c       0x54 ./libraries/STM32F1xx_HAL_Driver/Src/stm32f1xx_hal_cortex.o
 .text.NVIC_EncodePriority
                0x08007e60       0x60 ./libraries/STM32F1xx_HAL_Driver/Src/stm32f1xx_hal_cortex.o
 .text.SysTick_Config
                0x08007ec0       0x44 ./libraries/STM32F1xx_HAL_Driver/Src/stm32f1xx_hal_cortex.o
 .text.HAL_NVIC_SetPriorityGrouping
                0x08007f04       0x18 ./libraries/STM32F1xx_HAL_Driver/Src/stm32f1xx_hal_cortex.o
                0x08007f04                HAL_NVIC_SetPriorityGrouping
 .text.HAL_NVIC_SetPriority
                0x08007f1c       0x38 ./libraries/STM32F1xx_HAL_Driver/Src/stm32f1xx_hal_cortex.o
                0x08007f1c                HAL_NVIC_SetPriority
 .text.HAL_NVIC_EnableIRQ
                0x08007f54       0x1c ./libraries/STM32F1xx_HAL_Driver/Src/stm32f1xx_hal_cortex.o
                0x08007f54                HAL_NVIC_EnableIRQ
 .text.HAL_NVIC_DisableIRQ
                0x08007f70       0x1c ./libraries/STM32F1xx_HAL_Driver/Src/stm32f1xx_hal_cortex.o
                0x08007f70                HAL_NVIC_DisableIRQ
 .text.HAL_SYSTICK_Config
                0x08007f8c       0x18 ./libraries/STM32F1xx_HAL_Driver/Src/stm32f1xx_hal_cortex.o
                0x08007f8c                HAL_SYSTICK_Config
 .text.HAL_SYSTICK_CLKSourceConfig
                0x08007fa4       0x38 ./libraries/STM32F1xx_HAL_Driver/Src/stm32f1xx_hal_cortex.o
                0x08007fa4                HAL_SYSTICK_CLKSourceConfig
 .text.HAL_DMA_Start_IT
                0x08007fdc       0xc0 ./libraries/STM32F1xx_HAL_Driver/Src/stm32f1xx_hal_dma.o
                0x08007fdc                HAL_DMA_Start_IT
 .text.DMA_SetConfig
                0x0800809c       0x5c ./libraries/STM32F1xx_HAL_Driver/Src/stm32f1xx_hal_dma.o
 .text.HAL_GPIO_Init
                0x080080f8      0x2b4 ./libraries/STM32F1xx_HAL_Driver/Src/stm32f1xx_hal_gpio.o
                0x080080f8                HAL_GPIO_Init
 .text.HAL_GPIO_DeInit
                0x080083ac      0x178 ./libraries/STM32F1xx_HAL_Driver/Src/stm32f1xx_hal_gpio.o
                0x080083ac                HAL_GPIO_DeInit
 .text.HAL_GPIO_ReadPin
                0x08008524       0x30 ./libraries/STM32F1xx_HAL_Driver/Src/stm32f1xx_hal_gpio.o
                0x08008524                HAL_GPIO_ReadPin
 .text.HAL_GPIO_WritePin
                0x08008554       0x30 ./libraries/STM32F1xx_HAL_Driver/Src/stm32f1xx_hal_gpio.o
                0x08008554                HAL_GPIO_WritePin
 .text.HAL_GPIO_EXTI_IRQHandler
                0x08008584       0x30 ./libraries/STM32F1xx_HAL_Driver/Src/stm32f1xx_hal_gpio.o
                0x08008584                HAL_GPIO_EXTI_IRQHandler
 .text.HAL_RCC_OscConfig
                0x080085b4      0x4fc ./libraries/STM32F1xx_HAL_Driver/Src/stm32f1xx_hal_rcc.o
                0x080085b4                HAL_RCC_OscConfig
 .text.HAL_RCC_ClockConfig
                0x08008ab0      0x1d4 ./libraries/STM32F1xx_HAL_Driver/Src/stm32f1xx_hal_rcc.o
                0x08008ab0                HAL_RCC_ClockConfig
 .text.HAL_RCC_GetSysClockFreq
                0x08008c84       0xc8 ./libraries/STM32F1xx_HAL_Driver/Src/stm32f1xx_hal_rcc.o
                0x08008c84                HAL_RCC_GetSysClockFreq
 .text.HAL_RCC_GetHCLKFreq
                0x08008d4c       0x14 ./libraries/STM32F1xx_HAL_Driver/Src/stm32f1xx_hal_rcc.o
                0x08008d4c                HAL_RCC_GetHCLKFreq
 .text.HAL_RCC_GetPCLK1Freq
                0x08008d60       0x28 ./libraries/STM32F1xx_HAL_Driver/Src/stm32f1xx_hal_rcc.o
                0x08008d60                HAL_RCC_GetPCLK1Freq
 .text.HAL_RCC_GetPCLK2Freq
                0x08008d88       0x28 ./libraries/STM32F1xx_HAL_Driver/Src/stm32f1xx_hal_rcc.o
                0x08008d88                HAL_RCC_GetPCLK2Freq
 .text.RCC_Delay
                0x08008db0       0x3c ./libraries/STM32F1xx_HAL_Driver/Src/stm32f1xx_hal_rcc.o
 .text.HAL_UART_Init
                0x08008dec       0x9c ./libraries/STM32F1xx_HAL_Driver/Src/stm32f1xx_hal_uart.o
                0x08008dec                HAL_UART_Init
 .text.HAL_UART_MspInit
                0x08008e88       0x14 ./libraries/STM32F1xx_HAL_Driver/Src/stm32f1xx_hal_uart.o
                0x08008e88                HAL_UART_MspInit
 .text.HAL_UART_Transmit_DMA
                0x08008e9c       0xd8 ./libraries/STM32F1xx_HAL_Driver/Src/stm32f1xx_hal_uart.o
                0x08008e9c                HAL_UART_Transmit_DMA
 .text.HAL_UART_TxCpltCallback
                0x08008f74       0x14 ./libraries/STM32F1xx_HAL_Driver/Src/stm32f1xx_hal_uart.o
                0x08008f74                HAL_UART_TxCpltCallback
 .text.HAL_UART_TxHalfCpltCallback
                0x08008f88       0x14 ./libraries/STM32F1xx_HAL_Driver/Src/stm32f1xx_hal_uart.o
                0x08008f88                HAL_UART_TxHalfCpltCallback
 .text.HAL_UART_ErrorCallback
                0x08008f9c       0x14 ./libraries/STM32F1xx_HAL_Driver/Src/stm32f1xx_hal_uart.o
                0x08008f9c                HAL_UART_ErrorCallback
 .text.UART_DMATransmitCplt
                0x08008fb0       0x54 ./libraries/STM32F1xx_HAL_Driver/Src/stm32f1xx_hal_uart.o
 .text.UART_DMATxHalfCplt
                0x08009004       0x1c ./libraries/STM32F1xx_HAL_Driver/Src/stm32f1xx_hal_uart.o
 .text.UART_DMAError
                0x08009020       0x94 ./libraries/STM32F1xx_HAL_Driver/Src/stm32f1xx_hal_uart.o
 .text.UART_EndTxTransfer
                0x080090b4       0x2c ./libraries/STM32F1xx_HAL_Driver/Src/stm32f1xx_hal_uart.o
 .text.UART_EndRxTransfer
                0x080090e0       0x3c ./libraries/STM32F1xx_HAL_Driver/Src/stm32f1xx_hal_uart.o
 .text.UART_SetConfig
                0x0800911c      0x1b4 ./libraries/STM32F1xx_HAL_Driver/Src/stm32f1xx_hal_uart.o
 .text.Reset_Handler
                0x080092d0       0x44 ./libraries/CMSIS/Device/ST/STM32F1xx/Source/Templates/gcc/startup_stm32f103xb.o
                0x080092d0                Reset_Handler
 .text.Default_Handler
                0x08009314        0x2 ./libraries/CMSIS/Device/ST/STM32F1xx/Source/Templates/gcc/startup_stm32f103xb.o
                0x08009314                RTC_Alarm_IRQHandler
                0x08009314                DebugMon_Handler
                0x08009314                TIM1_CC_IRQHandler
                0x08009314                PVD_IRQHandler
                0x08009314                NMI_Handler
                0x08009314                I2C2_EV_IRQHandler
                0x08009314                UsageFault_Handler
                0x08009314                ADC1_2_IRQHandler
                0x08009314                SPI1_IRQHandler
                0x08009314                TAMPER_IRQHandler
                0x08009314                DMA1_Channel4_IRQHandler
                0x08009314                USART3_IRQHandler
                0x08009314                RTC_IRQHandler
                0x08009314                DMA1_Channel7_IRQHandler
                0x08009314                CAN1_RX1_IRQHandler
                0x08009314                TIM4_IRQHandler
                0x08009314                I2C1_EV_IRQHandler
                0x08009314                DMA1_Channel6_IRQHandler
                0x08009314                TIM3_IRQHandler
                0x08009314                RCC_IRQHandler
                0x08009314                TIM1_TRG_COM_IRQHandler
                0x08009314                DMA1_Channel1_IRQHandler
                0x08009314                Default_Handler
                0x08009314                SPI2_IRQHandler
                0x08009314                MemManage_Handler
                0x08009314                SVC_Handler
                0x08009314                DMA1_Channel5_IRQHandler
                0x08009314                USB_LP_CAN1_RX0_IRQHandler
                0x08009314                USB_HP_CAN1_TX_IRQHandler
                0x08009314                DMA1_Channel3_IRQHandler
                0x08009314                TIM1_UP_IRQHandler
                0x08009314                WWDG_IRQHandler
                0x08009314                TIM2_IRQHandler
                0x08009314                TIM1_BRK_IRQHandler
                0x08009314                I2C2_ER_IRQHandler
                0x08009314                DMA1_Channel2_IRQHandler
                0x08009314                CAN1_SCE_IRQHandler
                0x08009314                FLASH_IRQHandler
                0x08009314                BusFault_Handler
                0x08009314                I2C1_ER_IRQHandler
                0x08009314                USBWakeUp_IRQHandler
 *fill*         0x08009316        0x2 00000000
 .text.SystemInit
                0x08009318       0x68 ./libraries/CMSIS/Device/ST/STM32F1xx/Source/Templates/system_stm32f1xx.o
                0x08009318                SystemInit
 .text.rt_hw_board_init
                0x08009380       0x34 ./drivers/board.o
                0x08009380                rt_hw_board_init
 .text.system_clock_config
                0x080093b4       0x94 ./drivers/drv_clk.o
                0x080093b4                system_clock_config
 .text.clock_information
                0x08009448       0x10 ./drivers/drv_clk.o
                0x08009448                clock_information
 .text.clk_init
                0x08009458       0x1c ./drivers/drv_clk.o
                0x08009458                clk_init
 .text.rt_hw_systick_init
                0x08009474       0x34 ./drivers/drv_common.o
                0x08009474                rt_hw_systick_init
 .text.SysTick_Handler
                0x080094a8       0x18 ./drivers/drv_common.o
                0x080094a8                SysTick_Handler
 .text.HAL_GetTick
                0x080094c0       0x24 ./drivers/drv_common.o
                0x080094c0                HAL_GetTick
 .text.HAL_InitTick
                0x080094e4       0x14 ./drivers/drv_common.o
                0x080094e4                HAL_InitTick
 .text._Error_Handler
                0x080094f8        0xc ./drivers/drv_common.o
                0x080094f8                _Error_Handler
 .text.hw_board_init
                0x08009504       0x44 ./drivers/drv_common.o
                0x08009504                hw_board_init
 .text.get_pin  0x08009548       0x44 ./drivers/drv_gpio.o
 .text.stm32_pin_write
                0x0800958c       0x3c ./drivers/drv_gpio.o
 .text.stm32_pin_read
                0x080095c8       0x44 ./drivers/drv_gpio.o
 .text.stm32_pin_mode
                0x0800960c       0x98 ./drivers/drv_gpio.o
 .text.bit2bitno
                0x080096a4       0x3c ./drivers/drv_gpio.o
 .text.get_pin_irq_map
                0x080096e0       0x34 ./drivers/drv_gpio.o
 .text.stm32_pin_attach_irq
                0x08009714      0x148 ./drivers/drv_gpio.o
 .text.stm32_pin_dettach_irq
                0x0800985c       0xd0 ./drivers/drv_gpio.o
 .text.stm32_pin_irq_enable
                0x0800992c      0x1e0 ./drivers/drv_gpio.o
 .text.pin_irq_hdr
                0x08009b0c       0x54 ./drivers/drv_gpio.o
 .text.HAL_GPIO_EXTI_Callback
                0x08009b60       0x24 ./drivers/drv_gpio.o
                0x08009b60                HAL_GPIO_EXTI_Callback
 .text.EXTI0_IRQHandler
                0x08009b84       0x18 ./drivers/drv_gpio.o
                0x08009b84                EXTI0_IRQHandler
 .text.EXTI1_IRQHandler
                0x08009b9c       0x18 ./drivers/drv_gpio.o
                0x08009b9c                EXTI1_IRQHandler
 .text.EXTI2_IRQHandler
                0x08009bb4       0x18 ./drivers/drv_gpio.o
                0x08009bb4                EXTI2_IRQHandler
 .text.EXTI3_IRQHandler
                0x08009bcc       0x18 ./drivers/drv_gpio.o
                0x08009bcc                EXTI3_IRQHandler
 .text.EXTI4_IRQHandler
                0x08009be4       0x18 ./drivers/drv_gpio.o
                0x08009be4                EXTI4_IRQHandler
 .text.EXTI9_5_IRQHandler
                0x08009bfc       0x34 ./drivers/drv_gpio.o
                0x08009bfc                EXTI9_5_IRQHandler
 .text.EXTI15_10_IRQHandler
                0x08009c30       0x40 ./drivers/drv_gpio.o
                0x08009c30                EXTI15_10_IRQHandler
 .text.rt_hw_pin_init
                0x08009c70       0xa0 ./drivers/drv_gpio.o
                0x08009c70                rt_hw_pin_init
 .text.__NVIC_EnableIRQ
                0x08009d10       0x38 ./drivers/drv_usart.o
 .text.__NVIC_DisableIRQ
                0x08009d48       0x44 ./drivers/drv_usart.o
 .text.stm32_uart_clk_enable
                0x08009d8c       0x6c ./drivers/drv_usart.o
 .text.stm32_gpio_clk_enable
                0x08009df8      0x118 ./drivers/drv_usart.o
 .text.up_char  0x08009f10       0x30 ./drivers/drv_usart.o
 .text.get_pin_by_name
                0x08009f40       0x58 ./drivers/drv_usart.o
 .text.stm32_get_pin
                0x08009f98       0x38 ./drivers/drv_usart.o
 .text.stm32_gpio_configure
                0x08009fd0      0x274 ./drivers/drv_usart.o
 .text.stm32_configure
                0x0800a244      0x12c ./drivers/drv_usart.o
 .text.stm32_control
                0x0800a370       0x80 ./drivers/drv_usart.o
 .text.stm32_putc
                0x0800a3f0       0x58 ./drivers/drv_usart.o
 .text.stm32_getc
                0x0800a448       0x50 ./drivers/drv_usart.o
 .text.stm32_dma_transmit
                0x0800a498       0x64 ./drivers/drv_usart.o
 .text.uart_isr
                0x0800a4fc      0x160 ./drivers/drv_usart.o
 .text.USART1_IRQHandler
                0x0800a65c       0x1c ./drivers/drv_usart.o
                0x0800a65c                USART1_IRQHandler
 .text.USART2_IRQHandler
                0x0800a678       0x1c ./drivers/drv_usart.o
                0x0800a678                USART2_IRQHandler
 .text.stm32_uart_get_dma_config
                0x0800a694       0x20 ./drivers/drv_usart.o
 .text.rt_hw_usart_init
                0x0800a6b4       0xf8 ./drivers/drv_usart.o
                0x0800a6b4                rt_hw_usart_init
 .text.OLED_I2C_Init
                0x0800a7ac       0x28 ./applications/OLED.o
                0x0800a7ac                OLED_I2C_Init
 .text.OLED_I2C_Start
                0x0800a7d4       0x28 ./applications/OLED.o
                0x0800a7d4                OLED_I2C_Start
 .text.OLED_I2C_Stop
                0x0800a7fc       0x20 ./applications/OLED.o
                0x0800a7fc                OLED_I2C_Stop
 .text.OLED_I2C_SendByte
                0x0800a81c       0x64 ./applications/OLED.o
                0x0800a81c                OLED_I2C_SendByte
 .text.OLED_WriteCommand
                0x0800a880       0x30 ./applications/OLED.o
                0x0800a880                OLED_WriteCommand
 .text.OLED_WriteData
                0x0800a8b0       0x30 ./applications/OLED.o
                0x0800a8b0                OLED_WriteData
 .text.OLED_SetCursor
                0x0800a8e0       0x48 ./applications/OLED.o
                0x0800a8e0                OLED_SetCursor
 .text.OLED_Clear
                0x0800a928       0x44 ./applications/OLED.o
                0x0800a928                OLED_Clear
 .text.OLED_ShowChar
                0x0800a96c       0xb0 ./applications/OLED.o
                0x0800a96c                OLED_ShowChar
 .text.OLED_ShowString
                0x0800aa1c       0x48 ./applications/OLED.o
                0x0800aa1c                OLED_ShowString
 .text.OLED_Init
                0x0800aa64       0xa0 ./applications/OLED.o
                0x0800aa64                OLED_Init
 .text.Key_Init
                0x0800ab04       0x18 ./applications/key.o
                0x0800ab04                Key_Init
 .text.LED_Init
                0x0800ab1c       0x2c ./applications/led.o
                0x0800ab1c                LED_Init
 .text.LED1_OFF
                0x0800ab48       0x10 ./applications/led.o
                0x0800ab48                LED1_OFF
 .text.LED2_OFF
                0x0800ab58       0x10 ./applications/led.o
                0x0800ab58                LED2_OFF
 .text.LED3_OFF
                0x0800ab68       0x10 ./applications/led.o
                0x0800ab68                LED3_OFF
 .text.uart_function
                0x0800ab78       0x24 ./applications/main.o
 .text.uart_recv_thread
                0x0800ab9c       0x9c ./applications/main.o
 .text.main     0x0800ac38       0xf4 ./applications/main.o
                0x0800ac38                main
 .text.atoi     0x0800ad2c        0x8 d:/rt-threadstudio/repo/extract/toolchain_support_packages/arm/gnu_tools_for_arm_embedded_processors/5.4.1/bin/../lib/gcc/arm-none-eabi/5.4.1/../../../../arm-none-eabi/lib/armv7-m\libc.a(lib_a-atoi.o)
                0x0800ad2c                atoi
 .text.__get_current_locale
                0x0800ad34       0x18 d:/rt-threadstudio/repo/extract/toolchain_support_packages/arm/gnu_tools_for_arm_embedded_processors/5.4.1/bin/../lib/gcc/arm-none-eabi/5.4.1/../../../../arm-none-eabi/lib/armv7-m\libc.a(lib_a-locale.o)
 .text.__locale_ctype_ptr_l
                0x0800ad4c        0x8 d:/rt-threadstudio/repo/extract/toolchain_support_packages/arm/gnu_tools_for_arm_embedded_processors/5.4.1/bin/../lib/gcc/arm-none-eabi/5.4.1/../../../../arm-none-eabi/lib/armv7-m\libc.a(lib_a-locale.o)
                0x0800ad4c                __locale_ctype_ptr_l
 .text.__locale_ctype_ptr
                0x0800ad54       0x14 d:/rt-threadstudio/repo/extract/toolchain_support_packages/arm/gnu_tools_for_arm_embedded_processors/5.4.1/bin/../lib/gcc/arm-none-eabi/5.4.1/../../../../arm-none-eabi/lib/armv7-m\libc.a(lib_a-locale.o)
                0x0800ad54                __locale_ctype_ptr
 .text.malloc   0x0800ad68       0x10 d:/rt-threadstudio/repo/extract/toolchain_support_packages/arm/gnu_tools_for_arm_embedded_processors/5.4.1/bin/../lib/gcc/arm-none-eabi/5.4.1/../../../../arm-none-eabi/lib/armv7-m\libc.a(lib_a-malloc.o)
                0x0800ad68                malloc
 .text.__ascii_mbtowc
                0x0800ad78       0x2c d:/rt-threadstudio/repo/extract/toolchain_support_packages/arm/gnu_tools_for_arm_embedded_processors/5.4.1/bin/../lib/gcc/arm-none-eabi/5.4.1/../../../../arm-none-eabi/lib/armv7-m\libc.a(lib_a-mbtowc_r.o)
                0x0800ad78                __ascii_mbtowc
 .text.memcmp   0x0800ada4       0x64 d:/rt-threadstudio/repo/extract/toolchain_support_packages/arm/gnu_tools_for_arm_embedded_processors/5.4.1/bin/../lib/gcc/arm-none-eabi/5.4.1/../../../../arm-none-eabi/lib/armv7-m\libc.a(lib_a-memcmp.o)
                0x0800ada4                memcmp
 .text.memset   0x0800ae08       0x9c d:/rt-threadstudio/repo/extract/toolchain_support_packages/arm/gnu_tools_for_arm_embedded_processors/5.4.1/bin/../lib/gcc/arm-none-eabi/5.4.1/../../../../arm-none-eabi/lib/armv7-m\libc.a(lib_a-memset.o)
                0x0800ae08                memset
 .text.strlen   0x0800aea4       0x5c d:/rt-threadstudio/repo/extract/toolchain_support_packages/arm/gnu_tools_for_arm_embedded_processors/5.4.1/bin/../lib/gcc/arm-none-eabi/5.4.1/../../../../arm-none-eabi/lib/armv7-m\libc.a(lib_a-strlen-stub.o)
                0x0800aea4                strlen
 .text.strncat  0x0800af00       0x5c d:/rt-threadstudio/repo/extract/toolchain_support_packages/arm/gnu_tools_for_arm_embedded_processors/5.4.1/bin/../lib/gcc/arm-none-eabi/5.4.1/../../../../arm-none-eabi/lib/armv7-m\libc.a(lib_a-strncat.o)
                0x0800af00                strncat
 .text.strncmp  0x0800af5c       0x9c d:/rt-threadstudio/repo/extract/toolchain_support_packages/arm/gnu_tools_for_arm_embedded_processors/5.4.1/bin/../lib/gcc/arm-none-eabi/5.4.1/../../../../arm-none-eabi/lib/armv7-m\libc.a(lib_a-strncmp.o)
                0x0800af5c                strncmp
 .text.strncpy  0x0800aff8       0x68 d:/rt-threadstudio/repo/extract/toolchain_support_packages/arm/gnu_tools_for_arm_embedded_processors/5.4.1/bin/../lib/gcc/arm-none-eabi/5.4.1/../../../../arm-none-eabi/lib/armv7-m\libc.a(lib_a-strncpy.o)
                0x0800aff8                strncpy
 .text._strtol_l.isra.0
                0x0800b060      0x138 d:/rt-threadstudio/repo/extract/toolchain_support_packages/arm/gnu_tools_for_arm_embedded_processors/5.4.1/bin/../lib/gcc/arm-none-eabi/5.4.1/../../../../arm-none-eabi/lib/armv7-m\libc.a(lib_a-strtol.o)
 .text.strtol   0x0800b198       0x2c d:/rt-threadstudio/repo/extract/toolchain_support_packages/arm/gnu_tools_for_arm_embedded_processors/5.4.1/bin/../lib/gcc/arm-none-eabi/5.4.1/../../../../arm-none-eabi/lib/armv7-m\libc.a(lib_a-strtol.o)
                0x0800b198                strtol
 .text.__ascii_wctomb
                0x0800b1c4       0x1c d:/rt-threadstudio/repo/extract/toolchain_support_packages/arm/gnu_tools_for_arm_embedded_processors/5.4.1/bin/../lib/gcc/arm-none-eabi/5.4.1/../../../../arm-none-eabi/lib/armv7-m\libc.a(lib_a-wctomb_r.o)
                0x0800b1c4                __ascii_wctomb
 .text.startup.register_fini
                0x0800b1e0       0x14 d:/rt-threadstudio/repo/extract/toolchain_support_packages/arm/gnu_tools_for_arm_embedded_processors/5.4.1/bin/../lib/gcc/arm-none-eabi/5.4.1/../../../../arm-none-eabi/lib/armv7-m\libc.a(lib_a-__call_atexit.o)
 .text.atexit   0x0800b1f4        0xc d:/rt-threadstudio/repo/extract/toolchain_support_packages/arm/gnu_tools_for_arm_embedded_processors/5.4.1/bin/../lib/gcc/arm-none-eabi/5.4.1/../../../../arm-none-eabi/lib/armv7-m\libc.a(lib_a-atexit.o)
                0x0800b1f4                atexit
 .text.__libc_fini_array
                0x0800b200       0x28 d:/rt-threadstudio/repo/extract/toolchain_support_packages/arm/gnu_tools_for_arm_embedded_processors/5.4.1/bin/../lib/gcc/arm-none-eabi/5.4.1/../../../../arm-none-eabi/lib/armv7-m\libc.a(lib_a-fini.o)
                0x0800b200                __libc_fini_array
 .text.__register_exitproc
                0x0800b228       0xa4 d:/rt-threadstudio/repo/extract/toolchain_support_packages/arm/gnu_tools_for_arm_embedded_processors/5.4.1/bin/../lib/gcc/arm-none-eabi/5.4.1/../../../../arm-none-eabi/lib/armv7-m\libc.a(lib_a-__atexit.o)
                0x0800b228                __register_exitproc
 *(.rodata)
 .rodata        0x0800b2cc       0x17 ./rt-thread/src/components.o
 *fill*         0x0800b2e3        0x1 00000000
 .rodata        0x0800b2e4       0xf4 ./rt-thread/src/device.o
 .rodata        0x0800b3d8        0x8 ./rt-thread/src/idle.o
 .rodata        0x0800b3e0      0x4de ./rt-thread/src/ipc.o
 *fill*         0x0800b8be        0x2 00000000
 .rodata        0x0800b8c0      0x1cf ./rt-thread/src/kservice.o
 *fill*         0x0800ba8f        0x1 00000000
 .rodata        0x0800ba90      0x41b ./rt-thread/src/mem.o
 *fill*         0x0800beab        0x1 00000000
 .rodata        0x0800beac       0x91 ./rt-thread/src/object.o
 *fill*         0x0800bf3d        0x3 00000000
 .rodata        0x0800bf40       0x65 ./rt-thread/src/scheduler.o
 *fill*         0x0800bfa5        0x3 00000000
 .rodata        0x0800bfa8      0x19f ./rt-thread/src/thread.o
 *fill*         0x0800c147        0x1 00000000
 .rodata        0x0800c148      0x10e ./rt-thread/src/timer.o
 *fill*         0x0800c256        0x2 00000000
 .rodata        0x0800c258      0x2be ./rt-thread/libcpu/arm/cortex-m3/cpuport.o
 *fill*         0x0800c516        0x2 00000000
 .rodata        0x0800c518      0x7df ./rt-thread/components/finsh/cmd.o
 *fill*         0x0800ccf7        0x1 00000000
 .rodata        0x0800ccf8       0xb8 ./rt-thread/components/finsh/msh.o
 .rodata        0x0800cdb0       0x91 ./rt-thread/components/finsh/shell.o
 *fill*         0x0800ce41        0x3 00000000
 .rodata        0x0800ce44       0xd7 ./rt-thread/components/drivers/serial/serial.o
 *fill*         0x0800cf1b        0x1 00000000
 .rodata        0x0800cf1c      0x2aa ./rt-thread/components/drivers/misc/pin.o
 *fill*         0x0800d1c6        0x2 00000000
 .rodata        0x0800d1c8       0xd7 ./rt-thread/components/drivers/ipc/completion.o
 *fill*         0x0800d29f        0x1 00000000
 .rodata        0x0800d2a0       0x12 ./libraries/STM32F1xx_HAL_Driver/Src/stm32f1xx_hal_rcc.o
 *fill*         0x0800d2b2        0x2 00000000
 .rodata        0x0800d2b4        0xa ./drivers/board.o
 *fill*         0x0800d2be        0x2 00000000
 .rodata        0x0800d2c0       0x15 ./drivers/drv_clk.o
 *fill*         0x0800d2d5        0x3 00000000
 .rodata        0x0800d2d8        0x4 ./drivers/drv_gpio.o
 .rodata        0x0800d2dc      0x11c ./drivers/drv_usart.o
 .rodata        0x0800d3f8       0x62 ./applications/main.o
 *(.rodata*)
 *fill*         0x0800d45a        0x2 00000000
 .rodata.__FUNCTION__.5504
                0x0800d45c       0x14 ./rt-thread/src/components.o
 .rodata.__FUNCTION__.5413
                0x0800d470        0xf ./rt-thread/src/device.o
 *fill*         0x0800d47f        0x1 00000000
 .rodata.__FUNCTION__.5418
                0x0800d480       0x10 ./rt-thread/src/device.o
 .rodata.__FUNCTION__.5425
                0x0800d490        0xf ./rt-thread/src/device.o
 *fill*         0x0800d49f        0x1 00000000
 .rodata.__FUNCTION__.5432
                0x0800d4a0       0x10 ./rt-thread/src/device.o
 .rodata.__FUNCTION__.5438
                0x0800d4b0       0x12 ./rt-thread/src/device.o
 *fill*         0x0800d4c2        0x2 00000000
 .rodata.__FUNCTION__.5445
                0x0800d4c4       0x1a ./rt-thread/src/device.o
 *fill*         0x0800d4de        0x2 00000000
 .rodata.__FUNCTION__.5497
                0x0800d4e0        0xc ./rt-thread/src/ipc.o
 .rodata.__FUNCTION__.5508
                0x0800d4ec        0xe ./rt-thread/src/ipc.o
 *fill*         0x0800d4fa        0x2 00000000
 .rodata.__FUNCTION__.5521
                0x0800d4fc        0xc ./rt-thread/src/ipc.o
 .rodata.__FUNCTION__.5478
                0x0800d508       0x12 ./rt-thread/src/ipc.o
 *fill*         0x0800d51a        0x2 00000000
 .rodata.__FUNCTION__.5533
                0x0800d51c        0xf ./rt-thread/src/ipc.o
 *fill*         0x0800d52b        0x1 00000000
 .rodata.__FUNCTION__.5547
                0x0800d52c        0xe ./rt-thread/src/ipc.o
 *fill*         0x0800d53a        0x2 00000000
 .rodata.__FUNCTION__.5571
                0x0800d53c        0xe ./rt-thread/src/ipc.o
 *fill*         0x0800d54a        0x2 00000000
 .rodata.__FUNCTION__.5583
                0x0800d54c       0x11 ./rt-thread/src/ipc.o
 *fill*         0x0800d55d        0x3 00000000
 .rodata.large_digits.5584
                0x0800d560       0x11 ./rt-thread/src/kservice.o
 *fill*         0x0800d571        0x3 00000000
 .rodata.small_digits.5583
                0x0800d574       0x11 ./rt-thread/src/kservice.o
 *fill*         0x0800d585        0x3 00000000
 .rodata.__FUNCTION__.5734
                0x0800d588       0x14 ./rt-thread/src/kservice.o
 .rodata.__FUNCTION__.5721
                0x0800d59c        0xd ./rt-thread/src/kservice.o
 *fill*         0x0800d5a9        0x3 00000000
 .rodata.__FUNCTION__.5471
                0x0800d5ac        0xb ./rt-thread/src/mem.o
 *fill*         0x0800d5b7        0x1 00000000
 .rodata.__FUNCTION__.5496
                0x0800d5b8        0xe ./rt-thread/src/mem.o
 *fill*         0x0800d5c6        0x2 00000000
 .rodata.__FUNCTION__.5521
                0x0800d5c8        0xd ./rt-thread/src/mem.o
 *fill*         0x0800d5d5        0x3 00000000
 .rodata.__FUNCTION__.5536
                0x0800d5d8        0xf ./rt-thread/src/object.o
 *fill*         0x0800d5e7        0x1 00000000
 .rodata.__FUNCTION__.5545
                0x0800d5e8       0x11 ./rt-thread/src/object.o
 *fill*         0x0800d5f9        0x3 00000000
 .rodata.__FUNCTION__.5554
                0x0800d5fc       0x13 ./rt-thread/src/object.o
 *fill*         0x0800d60f        0x1 00000000
 .rodata.__FUNCTION__.5559
                0x0800d610       0x11 ./rt-thread/src/object.o
 *fill*         0x0800d621        0x3 00000000
 .rodata.__FUNCTION__.5563
                0x0800d624       0x1a ./rt-thread/src/object.o
 *fill*         0x0800d63e        0x2 00000000
 .rodata.__FUNCTION__.5567
                0x0800d640       0x13 ./rt-thread/src/object.o
 *fill*         0x0800d653        0x1 00000000
 .rodata.__FUNCTION__.5576
                0x0800d654        0xf ./rt-thread/src/object.o
 *fill*         0x0800d663        0x1 00000000
 .rodata.__FUNCTION__.5478
                0x0800d664       0x17 ./rt-thread/src/scheduler.o
 *fill*         0x0800d67b        0x1 00000000
 .rodata.__FUNCTION__.5516
                0x0800d67c       0x1a ./rt-thread/src/scheduler.o
 *fill*         0x0800d696        0x2 00000000
 .rodata.__FUNCTION__.5522
                0x0800d698       0x1a ./rt-thread/src/scheduler.o
 *fill*         0x0800d6b2        0x2 00000000
 .rodata.__FUNCTION__.5483
                0x0800d6b4       0x10 ./rt-thread/src/thread.o
 .rodata.__FUNCTION__.5495
                0x0800d6c4        0xd ./rt-thread/src/thread.o
 *fill*         0x0800d6d1        0x3 00000000
 .rodata.__FUNCTION__.5507
                0x0800d6d4        0xf ./rt-thread/src/thread.o
 *fill*         0x0800d6e3        0x1 00000000
 .rodata.__FUNCTION__.5516
                0x0800d6e4       0x12 ./rt-thread/src/thread.o
 *fill*         0x0800d6f6        0x2 00000000
 .rodata.__FUNCTION__.5521
                0x0800d6f8       0x11 ./rt-thread/src/thread.o
 *fill*         0x0800d709        0x3 00000000
 .rodata.__FUNCTION__.5537
                0x0800d70c       0x11 ./rt-thread/src/thread.o
 *fill*         0x0800d71d        0x3 00000000
 .rodata.__FUNCTION__.5548
                0x0800d720       0x10 ./rt-thread/src/thread.o
 .rodata.__FUNCTION__.5571
                0x0800d730       0x12 ./rt-thread/src/thread.o
 *fill*         0x0800d742        0x2 00000000
 .rodata.__FUNCTION__.5583
                0x0800d744       0x12 ./rt-thread/src/thread.o
 *fill*         0x0800d756        0x2 00000000
 .rodata.__FUNCTION__.5588
                0x0800d758       0x11 ./rt-thread/src/thread.o
 *fill*         0x0800d769        0x3 00000000
 .rodata.__FUNCTION__.5510
                0x0800d76c        0xe ./rt-thread/src/timer.o
 *fill*         0x0800d77a        0x2 00000000
 .rodata.__FUNCTION__.5515
                0x0800d77c       0x10 ./rt-thread/src/timer.o
 .rodata.__FUNCTION__.5541
                0x0800d78c        0xf ./rt-thread/src/timer.o
 *fill*         0x0800d79b        0x1 00000000
 .rodata.__FUNCTION__.5558
                0x0800d79c        0xe ./rt-thread/src/timer.o
 *fill*         0x0800d7aa        0x2 00000000
 .rodata.__FUNCTION__.5565
                0x0800d7ac       0x11 ./rt-thread/src/timer.o
 *fill*         0x0800d7bd        0x3 00000000
 .rodata.name   0x0800d7c0      0x1b9 ./rt-thread/components/finsh/cmd.o
                0x0800d7c0                __fsym_clear_name
                0x0800d7c8                __fsym_clear_desc
                0x0800d7e4                __fsym_version_name
                0x0800d7ec                __fsym_version_desc
                0x0800d810                __fsym_list_thread_name
                0x0800d81c                __fsym_list_thread_desc
                0x0800d828                __fsym_list_sem_name
                0x0800d834                __fsym_list_sem_desc
                0x0800d850                __fsym_list_event_name
                0x0800d85c                __fsym_list_event_desc
                0x0800d874                __fsym_list_mutex_name
                0x0800d880                __fsym_list_mutex_desc
                0x0800d898                __fsym_list_mailbox_name
                0x0800d8a8                __fsym_list_mailbox_desc
                0x0800d8c0                __fsym_list_msgqueue_name
                0x0800d8d0                __fsym_list_msgqueue_desc
                0x0800d8f0                __fsym_list_mempool_name
                0x0800d900                __fsym_list_mempool_desc
                0x0800d91c                __fsym_list_timer_name
                0x0800d928                __fsym_list_timer_desc
                0x0800d940                __fsym_list_device_name
                0x0800d94c                __fsym_list_device_desc
                0x0800d964                __fsym_list_name
                0x0800d96c                __fsym_list_desc
 *fill*         0x0800d979        0x3 00000000
 .rodata.device_type_str
                0x0800d97c       0x78 ./rt-thread/components/finsh/cmd.o
 .rodata.name   0x0800d9f4       0x6d ./rt-thread/components/finsh/msh.o
                0x0800d9f4                __fsym_help_name
                0x0800d9fc                __fsym_help_desc
                0x0800da14                __fsym_ps_name
                0x0800da18                __fsym_ps_desc
                0x0800da34                __fsym_free_name
                0x0800da3c                __fsym_free_desc
 *fill*         0x0800da61        0x3 00000000
 .rodata.__FUNCTION__.5506
                0x0800da64        0xe ./rt-thread/components/finsh/msh.o
 *fill*         0x0800da72        0x2 00000000
 .rodata.__FUNCTION__.6079
                0x0800da74       0x16 ./rt-thread/components/finsh/shell.o
 *fill*         0x0800da8a        0x2 00000000
 .rodata.__FUNCTION__.6085
                0x0800da8c        0xe ./rt-thread/components/finsh/shell.o
 *fill*         0x0800da9a        0x2 00000000
 .rodata.__FUNCTION__.6093
                0x0800da9c        0xd ./rt-thread/components/finsh/shell.o
 *fill*         0x0800daa9        0x3 00000000
 .rodata.__FUNCTION__.6098
                0x0800daac       0x11 ./rt-thread/components/finsh/shell.o
 *fill*         0x0800dabd        0x3 00000000
 .rodata.__FUNCTION__.5910
                0x0800dac0        0xf ./rt-thread/components/drivers/serial/serial.o
 *fill*         0x0800dacf        0x1 00000000
 .rodata.__FUNCTION__.5917
                0x0800dad0        0xf ./rt-thread/components/drivers/serial/serial.o
 *fill*         0x0800dadf        0x1 00000000
 .rodata.__FUNCTION__.5924
                0x0800dae0       0x10 ./rt-thread/components/drivers/serial/serial.o
 .rodata.__FUNCTION__.5934
                0x0800daf0        0xf ./rt-thread/components/drivers/serial/serial.o
 *fill*         0x0800daff        0x1 00000000
 .rodata.__FUNCTION__.5884
                0x0800db00        0xf ./rt-thread/components/drivers/serial/serial.o
 *fill*         0x0800db0f        0x1 00000000
 .rodata.__FUNCTION__.5863
                0x0800db10       0x10 ./rt-thread/components/drivers/serial/serial.o
 .rodata.__FUNCTION__.5942
                0x0800db20       0x10 ./rt-thread/components/drivers/serial/serial.o
 .rodata.__FUNCTION__.5897
                0x0800db30        0xf ./rt-thread/components/drivers/serial/serial.o
 *fill*         0x0800db3f        0x1 00000000
 .rodata.__FUNCTION__.5873
                0x0800db40       0x10 ./rt-thread/components/drivers/serial/serial.o
 .rodata.__FUNCTION__.5950
                0x0800db50       0x12 ./rt-thread/components/drivers/serial/serial.o
 *fill*         0x0800db62        0x2 00000000
 .rodata.__FUNCTION__.5965
                0x0800db64       0x16 ./rt-thread/components/drivers/serial/serial.o
 *fill*         0x0800db7a        0x2 00000000
 .rodata.__FUNCTION__.5974
                0x0800db7c       0x11 ./rt-thread/components/drivers/serial/serial.o
 *fill*         0x0800db8d        0x3 00000000
 .rodata.name   0x0800db90       0x11 ./rt-thread/components/drivers/misc/pin.o
                0x0800db90                __fsym_pin_name
                0x0800db94                __fsym_pin_desc
 *fill*         0x0800dba1        0x3 00000000
 .rodata.__FUNCTION__.5458
                0x0800dba4        0xa ./rt-thread/components/drivers/misc/pin.o
 *fill*         0x0800dbae        0x2 00000000
 .rodata.__FUNCTION__.5467
                0x0800dbb0        0xb ./rt-thread/components/drivers/misc/pin.o
 *fill*         0x0800dbbb        0x1 00000000
 .rodata.__FUNCTION__.5475
                0x0800dbbc        0xd ./rt-thread/components/drivers/misc/pin.o
 *fill*         0x0800dbc9        0x3 00000000
 .rodata.__FUNCTION__.5502
                0x0800dbcc        0xc ./rt-thread/components/drivers/misc/pin.o
 .rodata.__FUNCTION__.5507
                0x0800dbd8        0xd ./rt-thread/components/drivers/misc/pin.o
 *fill*         0x0800dbe5        0x3 00000000
 .rodata.__FUNCTION__.5511
                0x0800dbe8        0xc ./rt-thread/components/drivers/misc/pin.o
 .rodata.__FUNCTION__.5515
                0x0800dbf4        0xb ./rt-thread/components/drivers/misc/pin.o
 *fill*         0x0800dbff        0x1 00000000
 .rodata.__FUNCTION__.5860
                0x0800dc00       0x13 ./rt-thread/components/drivers/ipc/completion.o
 *fill*         0x0800dc13        0x1 00000000
 .rodata.__FUNCTION__.5868
                0x0800dc14       0x13 ./rt-thread/components/drivers/ipc/completion.o
 *fill*         0x0800dc27        0x1 00000000
 .rodata.__FUNCTION__.5877
                0x0800dc28       0x13 ./rt-thread/components/drivers/ipc/completion.o
 *fill*         0x0800dc3b        0x1 00000000
 .rodata.AHBPrescTable
                0x0800dc3c       0x10 ./libraries/CMSIS/Device/ST/STM32F1xx/Source/Templates/system_stm32f1xx.o
                0x0800dc3c                AHBPrescTable
 .rodata.APBPrescTable
                0x0800dc4c        0x8 ./libraries/CMSIS/Device/ST/STM32F1xx/Source/Templates/system_stm32f1xx.o
                0x0800dc4c                APBPrescTable
 .rodata.pins   0x0800dc54      0x3c0 ./drivers/drv_gpio.o
 .rodata.pin_irq_map
                0x0800e014       0x40 ./drivers/drv_gpio.o
 .rodata._stm32_pin_ops
                0x0800e054       0x1c ./drivers/drv_gpio.o
 .rodata.stm32_uart_ops
                0x0800e070       0x14 ./drivers/drv_usart.o
 .rodata.__FUNCTION__.7487
                0x0800e084       0x16 ./drivers/drv_usart.o
 *fill*         0x0800e09a        0x2 00000000
 .rodata.uart_remaps.7532
                0x0800e09c       0x38 ./drivers/drv_usart.o
 .rodata.__FUNCTION__.7536
                0x0800e0d4       0x15 ./drivers/drv_usart.o
 *fill*         0x0800e0e9        0x3 00000000
 .rodata.__FUNCTION__.7554
                0x0800e0ec       0x10 ./drivers/drv_usart.o
 .rodata.__FUNCTION__.7574
                0x0800e0fc        0xe ./drivers/drv_usart.o
 *fill*         0x0800e10a        0x2 00000000
 .rodata.__FUNCTION__.7583
                0x0800e10c        0xb ./drivers/drv_usart.o
 *fill*         0x0800e117        0x1 00000000
 .rodata.__FUNCTION__.7592
                0x0800e118        0xb ./drivers/drv_usart.o
 *fill*         0x0800e123        0x1 00000000
 .rodata.__FUNCTION__.7600
                0x0800e124       0x13 ./drivers/drv_usart.o
 *fill*         0x0800e137        0x1 00000000
 .rodata.__FUNCTION__.7606
                0x0800e138        0x9 ./drivers/drv_usart.o
 *fill*         0x0800e141        0x3 00000000
 .rodata.__FUNCTION__.7627
                0x0800e144       0x11 ./drivers/drv_usart.o
 *fill*         0x0800e155        0x3 00000000
 .rodata.OLED_F8x16
                0x0800e158      0x5f0 ./applications/OLED.o
                0x0800e158                OLED_F8x16
 .rodata._global_impure_ptr
                0x0800e748        0x4 d:/rt-threadstudio/repo/extract/toolchain_support_packages/arm/gnu_tools_for_arm_embedded_processors/5.4.1/bin/../lib/gcc/arm-none-eabi/5.4.1/../../../../arm-none-eabi/lib/armv7-m\libc.a(lib_a-impure.o)
                0x0800e748                _global_impure_ptr
 .rodata.str1.4
                0x0800e74c       0x14 d:/rt-threadstudio/repo/extract/toolchain_support_packages/arm/gnu_tools_for_arm_embedded_processors/5.4.1/bin/../lib/gcc/arm-none-eabi/5.4.1/../../../../arm-none-eabi/lib/armv7-m\libc.a(lib_a-locale.o)
                                 0x12 (size before relaxing)
 .rodata._ctype_
                0x0800e760      0x101 d:/rt-threadstudio/repo/extract/toolchain_support_packages/arm/gnu_tools_for_arm_embedded_processors/5.4.1/bin/../lib/gcc/arm-none-eabi/5.4.1/../../../../arm-none-eabi/lib/armv7-m\libc.a(lib_a-ctype_.o)
                0x0800e760                _ctype_
 *(.glue_7)
 .glue_7        0x0800e861        0x0 linker stubs
 *(.glue_7t)
 .glue_7t       0x0800e861        0x0 linker stubs
 *(.gnu.linkonce.t*)
                0x0800e864                . = ALIGN (0x4)
 *fill*         0x0800e861        0x3 00000000
                0x0800e864                __fsymtab_start = .
 *(FSymTab)
 FSymTab        0x0800e864       0x90 ./rt-thread/components/finsh/cmd.o
                0x0800e864                __fsym_clear
                0x0800e870                __fsym_version
                0x0800e87c                __fsym_list_thread
                0x0800e888                __fsym_list_sem
                0x0800e894                __fsym_list_event
                0x0800e8a0                __fsym_list_mutex
                0x0800e8ac                __fsym_list_mailbox
                0x0800e8b8                __fsym_list_msgqueue
                0x0800e8c4                __fsym_list_mempool
                0x0800e8d0                __fsym_list_timer
                0x0800e8dc                __fsym_list_device
                0x0800e8e8                __fsym_list
 FSymTab        0x0800e8f4       0x24 ./rt-thread/components/finsh/msh.o
                0x0800e8f4                __fsym_help
                0x0800e900                __fsym_ps
                0x0800e90c                __fsym_free
 FSymTab        0x0800e918        0xc ./rt-thread/components/drivers/misc/pin.o
                0x0800e918                __fsym_pin
                0x0800e924                __fsymtab_end = .
                0x0800e924                . = ALIGN (0x4)
                0x0800e924                __vsymtab_start = .
 *(VSymTab)
                0x0800e924                __vsymtab_end = .
                0x0800e924                . = ALIGN (0x4)
                0x0800e924                __rt_utest_tc_tab_start = .
 *(UtestTcTab)
                0x0800e924                __rt_utest_tc_tab_end = .
                0x0800e924                . = ALIGN (0x4)
                0x0800e924                __rtatcmdtab_start = .
 *(RtAtCmdTab)
                0x0800e924                __rtatcmdtab_end = .
                0x0800e924                . = ALIGN (0x4)
                0x0800e924                . = ALIGN (0x4)
                0x0800e924                __rt_init_start = .
 *(SORT(.rti_fn*))
 .rti_fn.0      0x0800e924        0x4 ./rt-thread/src/components.o
                0x0800e924                __rt_init_rti_start
 .rti_fn.0.end  0x0800e928        0x4 ./rt-thread/src/components.o
                0x0800e928                __rt_init_rti_board_start
 .rti_fn.1      0x0800e92c        0x4 ./drivers/drv_clk.o
                0x0800e92c                __rt_init_clock_information
 .rti_fn.1.end  0x0800e930        0x4 ./rt-thread/src/components.o
                0x0800e930                __rt_init_rti_board_end
 .rti_fn.6      0x0800e934        0x4 ./rt-thread/components/finsh/shell.o
                0x0800e934                __rt_init_finsh_system_init
 .rti_fn.6.end  0x0800e938        0x4 ./rt-thread/src/components.o
                0x0800e938                __rt_init_rti_end
                0x0800e93c                __rt_init_end = .
                0x0800e93c                . = ALIGN (0x4)
                [!provide]                PROVIDE (__ctors_start__, .)
 *(SORT(.init_array.*))
 .init_array.00000
                0x0800e93c        0x4 d:/rt-threadstudio/repo/extract/toolchain_support_packages/arm/gnu_tools_for_arm_embedded_processors/5.4.1/bin/../lib/gcc/arm-none-eabi/5.4.1/../../../../arm-none-eabi/lib/armv7-m\libc.a(lib_a-__call_atexit.o)
 *(.init_array)
 .init_array    0x0800e940        0x4 d:/rt-threadstudio/repo/extract/toolchain_support_packages/arm/gnu_tools_for_arm_embedded_processors/5.4.1/bin/../lib/gcc/arm-none-eabi/5.4.1/armv7-m/crtbegin.o
                [!provide]                PROVIDE (__ctors_end__, .)
                0x0800e944                . = ALIGN (0x4)
                0x0800e944                _etext = .
                0x0800e944                __exidx_start = .

.vfp11_veneer   0x0800e944        0x0
 .vfp11_veneer  0x0800e944        0x0 linker stubs

.v4_bx          0x0800e944        0x0
 .v4_bx         0x0800e944        0x0 linker stubs

.init           0x0800e944        0x4
 .init          0x0800e944        0x4 d:/rt-threadstudio/repo/extract/toolchain_support_packages/arm/gnu_tools_for_arm_embedded_processors/5.4.1/bin/../lib/gcc/arm-none-eabi/5.4.1/armv7-m/crti.o
                0x0800e944                _init

.fini           0x0800e948        0x4
 .fini          0x0800e948        0x4 d:/rt-threadstudio/repo/extract/toolchain_support_packages/arm/gnu_tools_for_arm_embedded_processors/5.4.1/bin/../lib/gcc/arm-none-eabi/5.4.1/armv7-m/crti.o
                0x0800e948                _fini

.iplt           0x0800e94c        0x0
 .iplt          0x0800e94c        0x0 d:/rt-threadstudio/repo/extract/toolchain_support_packages/arm/gnu_tools_for_arm_embedded_processors/5.4.1/bin/../lib/gcc/arm-none-eabi/5.4.1/armv7-m/crtbegin.o

.eh_frame       0x0800e94c        0x0
 .eh_frame      0x0800e94c        0x0 d:/rt-threadstudio/repo/extract/toolchain_support_packages/arm/gnu_tools_for_arm_embedded_processors/5.4.1/bin/../lib/gcc/arm-none-eabi/5.4.1/armv7-m/crtbegin.o

.rel.dyn        0x0800e94c        0x0
 .rel.iplt      0x0800e94c        0x0 d:/rt-threadstudio/repo/extract/toolchain_support_packages/arm/gnu_tools_for_arm_embedded_processors/5.4.1/bin/../lib/gcc/arm-none-eabi/5.4.1/armv7-m/crtbegin.o

.ARM.exidx      0x0800e94c        0x0
 *(.ARM.exidx* .gnu.linkonce.armexidx.*)
                0x0800e94c                _sidata = .
                0x0800e94c                __exidx_end = .

.data           0x20000000      0x770 load address 0x0800e94c
                0x20000000                . = ALIGN (0x4)
                0x20000000                _sdata = .
 *(.data)
 *(.data.*)
 .data._rt_thread_defunct
                0x20000000        0x8 ./rt-thread/src/idle.o
 .data.rt_errno_strs
                0x20000008       0x30 ./rt-thread/src/kservice.o
 .data._object_container
                0x20000038       0xa0 ./rt-thread/src/object.o
 .data._soft_timer_status
                0x200000d8        0x1 ./rt-thread/src/timer.o
 *fill*         0x200000d9        0x3 
 .data.uwTickPrio
                0x200000dc        0x4 ./libraries/STM32F1xx_HAL_Driver/Src/stm32f1xx_hal.o
                0x200000dc                uwTickPrio
 .data.uwTickFreq
                0x200000e0        0x1 ./libraries/STM32F1xx_HAL_Driver/Src/stm32f1xx_hal.o
                0x200000e0                uwTickFreq
 *fill*         0x200000e1        0x3 
 .data.SystemCoreClock
                0x200000e4        0x4 ./libraries/CMSIS/Device/ST/STM32F1xx/Source/Templates/system_stm32f1xx.o
                0x200000e4                SystemCoreClock
 .data.pin_irq_hdr_tab
                0x200000e8       0xc0 ./drivers/drv_gpio.o
 .data.uart_config
                0x200001a8       0x28 ./drivers/drv_usart.o
 .data.uart_config
                0x200001d0        0x8 ./applications/main.o
                0x200001d0                uart_config
 .data.impure_data
                0x200001d8      0x428 d:/rt-threadstudio/repo/extract/toolchain_support_packages/arm/gnu_tools_for_arm_embedded_processors/5.4.1/bin/../lib/gcc/arm-none-eabi/5.4.1/../../../../arm-none-eabi/lib/armv7-m\libc.a(lib_a-impure.o)
 .data._impure_ptr
                0x20000600        0x4 d:/rt-threadstudio/repo/extract/toolchain_support_packages/arm/gnu_tools_for_arm_embedded_processors/5.4.1/bin/../lib/gcc/arm-none-eabi/5.4.1/../../../../arm-none-eabi/lib/armv7-m\libc.a(lib_a-impure.o)
                0x20000600                _impure_ptr
 .data.__global_locale
                0x20000604      0x16c d:/rt-threadstudio/repo/extract/toolchain_support_packages/arm/gnu_tools_for_arm_embedded_processors/5.4.1/bin/../lib/gcc/arm-none-eabi/5.4.1/../../../../arm-none-eabi/lib/armv7-m\libc.a(lib_a-locale.o)
                0x20000604                __global_locale
 *(.gnu.linkonce.d*)
                [!provide]                PROVIDE (__dtors_start__, .)
 *(SORT(.dtors.*))
 *(.dtors)
                [!provide]                PROVIDE (__dtors_end__, .)
                0x20000770                . = ALIGN (0x4)
                0x20000770                _edata = .

.jcr            0x20000770        0x0 load address 0x0800f0bc
 .jcr           0x20000770        0x0 d:/rt-threadstudio/repo/extract/toolchain_support_packages/arm/gnu_tools_for_arm_embedded_processors/5.4.1/bin/../lib/gcc/arm-none-eabi/5.4.1/armv7-m/crtbegin.o

.igot.plt       0x20000770        0x0 load address 0x0800f0bc
 .igot.plt      0x20000770        0x0 d:/rt-threadstudio/repo/extract/toolchain_support_packages/arm/gnu_tools_for_arm_embedded_processors/5.4.1/bin/../lib/gcc/arm-none-eabi/5.4.1/armv7-m/crtbegin.o

.stack          0x20000770      0x400 load address 0x0800f0bc
                0x20000770                . = ALIGN (0x4)
                0x20000770                _sstack = .
                0x20000b70                . = (. + _system_stack_size)
 *fill*         0x20000770      0x400 
                0x20000b70                . = ALIGN (0x4)
                0x20000b70                _estack = .
                0x20000b70                __bss_start = .

.bss            0x20000b70      0x99c load address 0x0800f4bc
                0x20000b70                . = ALIGN (0x4)
                0x20000b70                _sbss = .
 *(.bss)
 .bss           0x20000b70       0x1c d:/rt-threadstudio/repo/extract/toolchain_support_packages/arm/gnu_tools_for_arm_embedded_processors/5.4.1/bin/../lib/gcc/arm-none-eabi/5.4.1/armv7-m/crtbegin.o
 *(.bss.*)
 .bss.rt_tick   0x20000b8c        0x4 ./rt-thread/src/clock.o
 .bss.rt_tick_hook
                0x20000b90        0x4 ./rt-thread/src/clock.o
 .bss.idle      0x20000b94       0x80 ./rt-thread/src/idle.o
 .bss.rt_thread_stack
                0x20000c14      0x100 ./rt-thread/src/idle.o
 .bss.idle_hook_list
                0x20000d14       0x10 ./rt-thread/src/idle.o
 .bss.rt_interrupt_enter_hook
                0x20000d24        0x4 ./rt-thread/src/irq.o
 .bss.rt_interrupt_leave_hook
                0x20000d28        0x4 ./rt-thread/src/irq.o
 .bss.rt_interrupt_nest
                0x20000d2c        0x1 ./rt-thread/src/irq.o
                0x20000d2c                rt_interrupt_nest
 *fill*         0x20000d2d        0x3 
 .bss.__rt_errno
                0x20000d30        0x4 ./rt-thread/src/kservice.o
 .bss._console_device
                0x20000d34        0x4 ./rt-thread/src/kservice.o
 .bss.rt_malloc_hook
                0x20000d38        0x4 ./rt-thread/src/kservice.o
 .bss.rt_free_hook
                0x20000d3c        0x4 ./rt-thread/src/kservice.o
 .bss._lock     0x20000d40       0x24 ./rt-thread/src/kservice.o
 .bss.system_heap
                0x20000d64        0x4 ./rt-thread/src/kservice.o
 .bss.rt_log_buf.5696
                0x20000d68      0x100 ./rt-thread/src/kservice.o
 .bss.rt_object_attach_hook
                0x20000e68        0x4 ./rt-thread/src/object.o
 .bss.rt_object_detach_hook
                0x20000e6c        0x4 ./rt-thread/src/object.o
 .bss.rt_scheduler_lock_nest
                0x20000e70        0x2 ./rt-thread/src/scheduler.o
 *fill*         0x20000e72        0x2 
 .bss.rt_current_thread
                0x20000e74        0x4 ./rt-thread/src/scheduler.o
                0x20000e74                rt_current_thread
 .bss.rt_scheduler_hook
                0x20000e78        0x4 ./rt-thread/src/scheduler.o
 .bss.rt_scheduler_switch_hook
                0x20000e7c        0x4 ./rt-thread/src/scheduler.o
 .bss.rt_thread_suspend_hook
                0x20000e80        0x4 ./rt-thread/src/thread.o
 .bss.rt_thread_resume_hook
                0x20000e84        0x4 ./rt-thread/src/thread.o
 .bss.rt_thread_inited_hook
                0x20000e88        0x4 ./rt-thread/src/thread.o
 .bss._timer_list
                0x20000e8c        0x8 ./rt-thread/src/timer.o
 .bss._soft_timer_list
                0x20000e94        0x8 ./rt-thread/src/timer.o
 .bss._timer_thread
                0x20000e9c       0x80 ./rt-thread/src/timer.o
 .bss._timer_thread_stack
                0x20000f1c      0x200 ./rt-thread/src/timer.o
 .bss.rt_timer_enter_hook
                0x2000111c        0x4 ./rt-thread/src/timer.o
 .bss.rt_timer_exit_hook
                0x20001120        0x4 ./rt-thread/src/timer.o
 .bss.random_nr.5540
                0x20001124        0x4 ./rt-thread/src/timer.o
 .bss.rt_exception_hook
                0x20001128        0x4 ./rt-thread/libcpu/arm/cortex-m3/cpuport.o
 .bss._syscall_table_begin
                0x2000112c        0x4 ./rt-thread/components/finsh/shell.o
                0x2000112c                _syscall_table_begin
 .bss._syscall_table_end
                0x20001130        0x4 ./rt-thread/components/finsh/shell.o
                0x20001130                _syscall_table_end
 .bss.finsh_prompt_custom
                0x20001134        0x4 ./rt-thread/components/finsh/shell.o
 .bss.finsh_prompt.6071
                0x20001138      0x101 ./rt-thread/components/finsh/shell.o
 *fill*         0x20001239        0x3 
 .bss.already_output.5904
                0x2000123c        0x4 ./rt-thread/components/drivers/serial/serial.o
 .bss._hw_pin   0x20001240       0x44 ./rt-thread/components/drivers/misc/pin.o
 .bss.pin_irq_enable_mask
                0x20001284        0x4 ./drivers/drv_gpio.o
 .bss.uart_obj  0x20001288      0x138 ./drivers/drv_usart.o
 .bss.recv_buffer
                0x200013c0       0x14 ./applications/main.o
                0x200013c0                recv_buffer
 .bss.index0    0x200013d4        0x1 ./applications/main.o
                0x200013d4                index0
 *fill*         0x200013d5        0x3 
 .bss.uart_rx_sem
                0x200013d8        0x4 ./applications/main.o
 *(COMMON)
 COMMON         0x200013dc        0x4 ./rt-thread/src/kservice.o
                0x200013dc                rt_assert_hook
 COMMON         0x200013e0        0xc ./rt-thread/src/object.o
                0x200013e0                rt_object_put_hook
                0x200013e4                rt_object_take_hook
                0x200013e8                rt_object_trytake_hook
 COMMON         0x200013ec      0x108 ./rt-thread/src/scheduler.o
                0x200013ec                rt_thread_priority_table
                0x200014ec                rt_current_priority
                0x200014f0                rt_thread_ready_priority_group
 COMMON         0x200014f4        0xc ./rt-thread/libcpu/arm/cortex-m3/cpuport.o
                0x200014f4                rt_interrupt_to_thread
                0x200014f8                rt_interrupt_from_thread
                0x200014fc                rt_thread_switch_interrupt_flag
 COMMON         0x20001500        0x4 ./rt-thread/components/finsh/shell.o
                0x20001500                shell
 COMMON         0x20001504        0x4 ./libraries/STM32F1xx_HAL_Driver/Src/stm32f1xx_hal.o
                0x20001504                uwTick
 COMMON         0x20001508        0x4 ./applications/main.o
                0x20001508                uart_dev
                0x2000150c                . = ALIGN (0x4)
                0x2000150c                _ebss = .
 *(.bss.init)
                0x2000150c                __bss_end = .
                0x2000150c                _end = .

.stab
 *(.stab)

.stabstr
 *(.stabstr)

.stab.excl
 *(.stab.excl)

.stab.exclstr
 *(.stab.exclstr)

.stab.index
 *(.stab.index)

.stab.indexstr
 *(.stab.indexstr)

.comment        0x00000000       0x6e
 *(.comment)
 .comment       0x00000000       0x6e ./rt-thread/src/clock.o
                                 0x6f (size before relaxing)
 .comment       0x0000006e       0x6f ./rt-thread/src/components.o
 .comment       0x0000006e       0x6f ./rt-thread/src/device.o
 .comment       0x0000006e       0x6f ./rt-thread/src/idle.o
 .comment       0x0000006e       0x6f ./rt-thread/src/ipc.o
 .comment       0x0000006e       0x6f ./rt-thread/src/irq.o
 .comment       0x0000006e       0x6f ./rt-thread/src/kservice.o
 .comment       0x0000006e       0x6f ./rt-thread/src/mem.o
 .comment       0x0000006e       0x6f ./rt-thread/src/object.o
 .comment       0x0000006e       0x6f ./rt-thread/src/scheduler.o
 .comment       0x0000006e       0x6f ./rt-thread/src/thread.o
 .comment       0x0000006e       0x6f ./rt-thread/src/timer.o
 .comment       0x0000006e       0x6f ./rt-thread/libcpu/arm/cortex-m3/cpuport.o
 .comment       0x0000006e       0x6f ./rt-thread/components/libc/compilers/newlib/syscalls.o
 .comment       0x0000006e       0x6f ./rt-thread/components/finsh/cmd.o
 .comment       0x0000006e       0x6f ./rt-thread/components/finsh/msh.o
 .comment       0x0000006e       0x6f ./rt-thread/components/finsh/msh_parse.o
 .comment       0x0000006e       0x6f ./rt-thread/components/finsh/shell.o
 .comment       0x0000006e       0x6f ./rt-thread/components/drivers/serial/serial.o
 .comment       0x0000006e       0x6f ./rt-thread/components/drivers/misc/pin.o
 .comment       0x0000006e       0x6f ./rt-thread/components/drivers/ipc/completion.o
 .comment       0x0000006e       0x6f ./libraries/STM32F1xx_HAL_Driver/Src/stm32f1xx_hal.o
 .comment       0x0000006e       0x6f ./libraries/STM32F1xx_HAL_Driver/Src/stm32f1xx_hal_cortex.o
 .comment       0x0000006e       0x6f ./libraries/STM32F1xx_HAL_Driver/Src/stm32f1xx_hal_dma.o
 .comment       0x0000006e       0x6f ./libraries/STM32F1xx_HAL_Driver/Src/stm32f1xx_hal_gpio.o
 .comment       0x0000006e       0x6f ./libraries/STM32F1xx_HAL_Driver/Src/stm32f1xx_hal_rcc.o
 .comment       0x0000006e       0x6f ./libraries/STM32F1xx_HAL_Driver/Src/stm32f1xx_hal_uart.o
 .comment       0x0000006e       0x6f ./libraries/CMSIS/Device/ST/STM32F1xx/Source/Templates/system_stm32f1xx.o
 .comment       0x0000006e       0x6f ./drivers/board.o
 .comment       0x0000006e       0x6f ./drivers/drv_clk.o
 .comment       0x0000006e       0x6f ./drivers/drv_common.o
 .comment       0x0000006e       0x6f ./drivers/drv_gpio.o